2023/02/14 16:16:34 [error] 11#11: *67 hls: mkdir() failed on '/eliv/videos/live/172beb79-2db3-42ae-a9cf-6b2e79dbc609_144p200kbs' (13: Permission denied), client: 127.0.0.1, server: 0.0.0.0:1935
2023/02/14 16:16:34 [error] 11#11: *57 open() "/eliv/videos/live/172beb79-2db3-42ae-a9cf-6b2e79dbc609.m3u8" failed (2: No such file or directory), client: 172.71.214.130, server: static_eliv.chisubuga.dev, request: "GET /live/172beb79-2db3-42ae-a9cf-6b2e79dbc609.m3u8 HTTP/1.1", host: "static_eliv.chisubuga.dev", referrer: "https://eliv.chisubuga.dev/"
2023/02/14 16:16:35 [error] 11#11: *66 hls: mkdir() failed on '/eliv/videos/live/172beb79-2db3-42ae-a9cf-6b2e79dbc609_720p2628kbs' (13: Permission denied), client: 127.0.0.1, server: 0.0.0.0:1935
2023/02/14 16:16:35 [error] 11#11: *67 hls: mkdir() failed on '/eliv/videos/live/172beb79-2db3-42ae-a9cf-6b2e79dbc609_144p200kbs' (13: Permission denied), client: 127.0.0.1, server: 0.0.0.0:1935
2023/02/14 16:16:36 [error] 11#11: *66 hls: mkdir() failed on '/eliv/videos/live/172beb79-2db3-42ae-a9cf-6b2e79dbc609_720p2628kbs' (13: Permission denied), client: 127.0.0.1, server: 0.0.0.0:1935
2023/02/14 16:16:37 [error] 11#11: *67 hls: mkdir() failed on '/eliv/videos/live/172beb79-2db3-42ae-a9cf-6b2e79dbc609_144p200kbs' (13: Permission denied), client: 127.0.0.1, server: 0.0.0.0:1935
2023/02/14 16:16:37 [error] 11#11: *66 hls: mkdir() failed on '/eliv/videos/live/172beb79-2db3-42ae-a9cf-6b2e79dbc609_720p2628kbs' (13: Permission denied), client: 127.0.0.1, server: 0.0.0.0:1935
2023/02/14 16:16:38 [error] 11#11: *67 hls: mkdir() failed on '/eliv/videos/live/172beb79-2db3-42ae-a9cf-6b2e79dbc609_144p200kbs' (13: Permission denied), client: 127.0.0.1, server: 0.0.0.0:1935
2023/02/14 16:16:38 [error] 11#11: *66 hls: mkdir() failed on '/eliv/videos/live/172beb79-2db3-42ae-a9cf-6b2e79dbc609_720p2628kbs' (13: Permission denied), client: 127.0.0.1, server: 0.0.0.0:1935
2023/02/14 16:16:39 [error] 11#11: *66 hls: mkdir() failed on '/eliv/videos/live/172beb79-2db3-42ae-a9cf-6b2e79dbc609_720p2628kbs' (13: Permission denied), client: 127.0.0.1, server: 0.0.0.0:1935
2023/02/14 16:16:39 [error] 11#11: *67 hls: mkdir() failed on '/eliv/videos/live/172beb79-2db3-42ae-a9cf-6b2e79dbc609_144p200kbs' (13: Permission denied), client: 127.0.0.1, server: 0.0.0.0:1935
2023/02/14 16:16:39 [error] 11#11: *57 open() "/eliv/videos/live/172beb79-2db3-42ae-a9cf-6b2e79dbc609.m3u8" failed (2: No such file or directory), client: 172.71.214.130, server: static_eliv.chisubuga.dev, request: "GET /live/172beb79-2db3-42ae-a9cf-6b2e79dbc609.m3u8 HTTP/1.1", host: "static_eliv.chisubuga.dev", referrer: "https://eliv.chisubuga.dev/"
2023/02/14 16:16:40 [error] 11#11: *66 hls: mkdir() failed on '/eliv/videos/live/172beb79-2db3-42ae-a9cf-6b2e79dbc609_720p2628kbs' (13: Permission denied), client: 127.0.0.1, server: 0.0.0.0:1935
2023/02/14 16:16:40 [error] 11#11: *67 hls: mkdir() failed on '/eliv/videos/live/172beb79-2db3-42ae-a9cf-6b2e79dbc609_144p200kbs' (13: Permission denied), client: 127.0.0.1, server: 0.0.0.0:1935
2023/02/14 16:16:41 [error] 11#11: *66 hls: mkdir() failed on '/eliv/videos/live/172beb79-2db3-42ae-a9cf-6b2e79dbc609_720p2628kbs' (13: Permission denied), client: 127.0.0.1, server: 0.0.0.0:1935
2023/02/14 16:16:42 [error] 11#11: *67 hls: mkdir() failed on '/eliv/videos/live/172beb79-2db3-42ae-a9cf-6b2e79dbc609_144p200kbs' (13: Permission denied), client: 127.0.0.1, server: 0.0.0.0:1935
2023/02/14 16:16:42 [error] 11#11: *66 hls: mkdir() failed on '/eliv/videos/live/172beb79-2db3-42ae-a9cf-6b2e79dbc609_720p2628kbs' (13: Permission denied), client: 127.0.0.1, server: 0.0.0.0:1935
2023/02/14 16:16:43 [error] 11#11: *67 hls: mkdir() failed on '/eliv/videos/live/172beb79-2db3-42ae-a9cf-6b2e79dbc609_144p200kbs' (13: Permission denied), client: 127.0.0.1, server: 0.0.0.0:1935
2023/02/14 16:16:43 [error] 11#11: *66 hls: mkdir() failed on '/eliv/videos/live/172beb79-2db3-42ae-a9cf-6b2e79dbc609_720p2628kbs' (13: Permission denied), client: 127.0.0.1, server: 0.0.0.0:1935
2023/02/14 16:16:44 [error] 11#11: *66 hls: mkdir() failed on '/eliv/videos/live/172beb79-2db3-42ae-a9cf-6b2e79dbc609_720p2628kbs' (13: Permission denied), client: 127.0.0.1, server: 0.0.0.0:1935
2023/02/14 16:16:44 [error] 11#11: *67 hls: mkdir() failed on '/eliv/videos/live/172beb79-2db3-42ae-a9cf-6b2e79dbc609_144p200kbs' (13: Permission denied), client: 127.0.0.1, server: 0.0.0.0:1935
2023/02/14 16:16:44 [error] 11#11: *57 open() "/eliv/videos/live/172beb79-2db3-42ae-a9cf-6b2e79dbc609.m3u8" failed (2: No such file or directory), client: 172.71.214.130, server: static_eliv.chisubuga.dev, request: "GET /live/172beb79-2db3-42ae-a9cf-6b2e79dbc609.m3u8 HTTP/1.1", host: "static_eliv.chisubuga.dev", referrer: "https://eliv.chisubuga.dev/"
2023/02/14 16:16:45 [error] 11#11: *66 hls: mkdir() failed on '/eliv/videos/live/172beb79-2db3-42ae-a9cf-6b2e79dbc609_720p2628kbs' (13: Permission denied), client: 127.0.0.1, server: 0.0.0.0:1935
2023/02/14 16:16:45 [error] 11#11: *67 hls: mkdir() failed on '/eliv/videos/live/172beb79-2db3-42ae-a9cf-6b2e79dbc609_144p200kbs' (13: Permission denied), client: 127.0.0.1, server: 0.0.0.0:1935
2023/02/14 16:16:46 [error] 11#11: *66 hls: mkdir() failed on '/eliv/videos/live/172beb79-2db3-42ae-a9cf-6b2e79dbc609_720p2628kbs' (13: Permission denied), client: 127.0.0.1, server: 0.0.0.0:1935
2023/02/14 16:16:47 [error] 11#11: *67 hls: mkdir() failed on '/eliv/videos/live/172beb79-2db3-42ae-a9cf-6b2e79dbc609_144p200kbs' (13: Permission denied), client: 127.0.0.1, server: 0.0.0.0:1935
2023/02/14 16:16:47 [error] 11#11: *66 hls: mkdir() failed on '/eliv/videos/live/172beb79-2db3-42ae-a9cf-6b2e79dbc609_720p2628kbs' (13: Permission denied), client: 127.0.0.1, server: 0.0.0.0:1935
2023/02/14 16:16:48 [error] 11#11: *67 hls: mkdir() failed on '/eliv/videos/live/172beb79-2db3-42ae-a9cf-6b2e79dbc609_144p200kbs' (13: Permission denied), client: 127.0.0.1, server: 0.0.0.0:1935
2023/02/14 16:16:48 [error] 11#11: *66 hls: mkdir() failed on '/eliv/videos/live/172beb79-2db3-42ae-a9cf-6b2e79dbc609_720p2628kbs' (13: Permission denied), client: 127.0.0.1, server: 0.0.0.0:1935
2023/02/14 16:16:49 [error] 11#11: *66 hls: mkdir() failed on '/eliv/videos/live/172beb79-2db3-42ae-a9cf-6b2e79dbc609_720p2628kbs' (13: Permission denied), client: 127.0.0.1, server: 0.0.0.0:1935
2023/02/14 16:16:49 [error] 11#11: *67 hls: mkdir() failed on '/eliv/videos/live/172beb79-2db3-42ae-a9cf-6b2e79dbc609_144p200kbs' (13: Permission denied), client: 127.0.0.1, server: 0.0.0.0:1935
2023/02/14 16:16:50 [error] 11#11: *57 open() "/eliv/videos/live/172beb79-2db3-42ae-a9cf-6b2e79dbc609.m3u8" failed (2: No such file or directory), client: 172.71.214.130, server: static_eliv.chisubuga.dev, request: "GET /live/172beb79-2db3-42ae-a9cf-6b2e79dbc609.m3u8 HTTP/1.1", host: "static_eliv.chisubuga.dev", referrer: "https://eliv.chisubuga.dev/"
2023/02/14 16:16:50 [error] 11#11: *66 hls: mkdir() failed on '/eliv/videos/live/172beb79-2db3-42ae-a9cf-6b2e79dbc609_720p2628kbs' (13: Permission denied), client: 127.0.0.1, server: 0.0.0.0:1935
2023/02/14 16:16:50 [error] 11#11: *67 hls: mkdir() failed on '/eliv/videos/live/172beb79-2db3-42ae-a9cf-6b2e79dbc609_144p200kbs' (13: Permission denied), client: 127.0.0.1, server: 0.0.0.0:1935
2023/02/14 16:16:51 [error] 11#11: *66 hls: mkdir() failed on '/eliv/videos/live/172beb79-2db3-42ae-a9cf-6b2e79dbc609_720p2628kbs' (13: Permission denied), client: 127.0.0.1, server: 0.0.0.0:1935
2023/02/14 16:16:52 [error] 11#11: *67 hls: mkdir() failed on '/eliv/videos/live/172beb79-2db3-42ae-a9cf-6b2e79dbc609_144p200kbs' (13: Permission denied), client: 127.0.0.1, server: 0.0.0.0:1935
2023/02/14 16:16:52 [error] 11#11: *66 hls: mkdir() failed on '/eliv/videos/live/172beb79-2db3-42ae-a9cf-6b2e79dbc609_720p2628kbs' (13: Permission denied), client: 127.0.0.1, server: 0.0.0.0:1935
2023/02/14 16:16:53 [error] 11#11: *67 hls: mkdir() failed on '/eliv/videos/live/172beb79-2db3-42ae-a9cf-6b2e79dbc609_144p200kbs' (13: Permission denied), client: 127.0.0.1, server: 0.0.0.0:1935
2023/02/14 16:16:53 [error] 11#11: *66 hls: mkdir() failed on '/eliv/videos/live/172beb79-2db3-42ae-a9cf-6b2e79dbc609_720p2628kbs' (13: Permission denied), client: 127.0.0.1, server: 0.0.0.0:1935
2023/02/14 16:16:54 [error] 11#11: *66 hls: mkdir() failed on '/eliv/videos/live/172beb79-2db3-42ae-a9cf-6b2e79dbc609_720p2628kbs' (13: Permission denied), client: 127.0.0.1, server: 0.0.0.0:1935
2023/02/14 16:16:54 [error] 11#11: *67 hls: mkdir() failed on '/eliv/videos/live/172beb79-2db3-42ae-a9cf-6b2e79dbc609_144p200kbs' (13: Permission denied), client: 127.0.0.1, server: 0.0.0.0:1935
2023/02/14 16:16:55 [error] 11#11: *57 open() "/eliv/videos/live/172beb79-2db3-42ae-a9cf-6b2e79dbc609.m3u8" failed (2: No such file or directory), client: 172.71.214.130, server: static_eliv.chisubuga.dev, request: "GET /live/172beb79-2db3-42ae-a9cf-6b2e79dbc609.m3u8 HTTP/1.1", host: "static_eliv.chisubuga.dev", referrer: "https://eliv.chisubuga.dev/"
2023/02/14 16:16:55 [error] 11#11: *66 hls: mkdir() failed on '/eliv/videos/live/172beb79-2db3-42ae-a9cf-6b2e79dbc609_720p2628kbs' (13: Permission denied), client: 127.0.0.1, server: 0.0.0.0:1935
2023/02/14 16:16:55 [error] 11#11: *67 hls: mkdir() failed on '/eliv/videos/live/172beb79-2db3-42ae-a9cf-6b2e79dbc609_144p200kbs' (13: Permission denied), client: 127.0.0.1, server: 0.0.0.0:1935
2023/02/14 16:16:56 [error] 11#11: *66 hls: mkdir() failed on '/eliv/videos/live/172beb79-2db3-42ae-a9cf-6b2e79dbc609_720p2628kbs' (13: Permission denied), client: 127.0.0.1, server: 0.0.0.0:1935
2023/02/14 16:16:57 [error] 11#11: *67 hls: mkdir() failed on '/eliv/videos/live/172beb79-2db3-42ae-a9cf-6b2e79dbc609_144p200kbs' (13: Permission denied), client: 127.0.0.1, server: 0.0.0.0:1935
2023/02/14 16:16:57 [error] 11#11: *66 hls: mkdir() failed on '/eliv/videos/live/172beb79-2db3-42ae-a9cf-6b2e79dbc609_720p2628kbs' (13: Permission denied), client: 127.0.0.1, server: 0.0.0.0:1935
2023/02/14 16:16:58 [error] 11#11: *67 hls: mkdir() failed on '/eliv/videos/live/172beb79-2db3-42ae-a9cf-6b2e79dbc609_144p200kbs' (13: Permission denied), client: 127.0.0.1, server: 0.0.0.0:1935
2023/02/14 16:16:58 [error] 11#11: *66 hls: mkdir() failed on '/eliv/videos/live/172beb79-2db3-42ae-a9cf-6b2e79dbc609_720p2628kbs' (13: Permission denied), client: 127.0.0.1, server: 0.0.0.0:1935
2023/02/14 16:16:59 [error] 11#11: *66 hls: mkdir() failed on '/eliv/videos/live/172beb79-2db3-42ae-a9cf-6b2e79dbc609_720p2628kbs' (13: Permission denied), client: 127.0.0.1, server: 0.0.0.0:1935
2023/02/14 16:16:59 [error] 11#11: *67 hls: mkdir() failed on '/eliv/videos/live/172beb79-2db3-42ae-a9cf-6b2e79dbc609_144p200kbs' (13: Permission denied), client: 127.0.0.1, server: 0.0.0.0:1935
2023/02/14 16:17:00 [error] 11#11: *66 hls: mkdir() failed on '/eliv/videos/live/172beb79-2db3-42ae-a9cf-6b2e79dbc609_720p2628kbs' (13: Permission denied), client: 127.0.0.1, server: 0.0.0.0:1935
2023/02/14 16:17:00 [error] 11#11: *57 open() "/eliv/videos/live/172beb79-2db3-42ae-a9cf-6b2e79dbc609.m3u8" failed (2: No such file or directory), client: 172.71.214.130, server: static_eliv.chisubuga.dev, request: "GET /live/172beb79-2db3-42ae-a9cf-6b2e79dbc609.m3u8 HTTP/1.1", host: "static_eliv.chisubuga.dev", referrer: "https://eliv.chisubuga.dev/"
2023/02/14 16:17:00 [error] 11#11: *67 hls: mkdir() failed on '/eliv/videos/live/172beb79-2db3-42ae-a9cf-6b2e79dbc609_144p200kbs' (13: Permission denied), client: 127.0.0.1, server: 0.0.0.0:1935
2023/02/14 16:17:01 [error] 11#11: *66 hls: mkdir() failed on '/eliv/videos/live/172beb79-2db3-42ae-a9cf-6b2e79dbc609_720p2628kbs' (13: Permission denied), client: 127.0.0.1, server: 0.0.0.0:1935
2023/02/14 16:17:02 [error] 11#11: *67 hls: mkdir() failed on '/eliv/videos/live/172beb79-2db3-42ae-a9cf-6b2e79dbc609_144p200kbs' (13: Permission denied), client: 127.0.0.1, server: 0.0.0.0:1935
2023/02/14 16:17:02 [error] 11#11: *66 hls: mkdir() failed on '/eliv/videos/live/172beb79-2db3-42ae-a9cf-6b2e79dbc609_720p2628kbs' (13: Permission denied), client: 127.0.0.1, server: 0.0.0.0:1935
2023/02/14 16:17:03 [error] 11#11: *67 hls: mkdir() failed on '/eliv/videos/live/172beb79-2db3-42ae-a9cf-6b2e79dbc609_144p200kbs' (13: Permission denied), client: 127.0.0.1, server: 0.0.0.0:1935
2023/02/14 16:17:03 [error] 11#11: *66 hls: mkdir() failed on '/eliv/videos/live/172beb79-2db3-42ae-a9cf-6b2e79dbc609_720p2628kbs' (13: Permission denied), client: 127.0.0.1, server: 0.0.0.0:1935
2023/02/14 16:17:04 [error] 11#11: *66 hls: mkdir() failed on '/eliv/videos/live/172beb79-2db3-42ae-a9cf-6b2e79dbc609_720p2628kbs' (13: Permission denied), client: 127.0.0.1, server: 0.0.0.0:1935
2023/02/14 16:17:04 [error] 11#11: *67 hls: mkdir() failed on '/eliv/videos/live/172beb79-2db3-42ae-a9cf-6b2e79dbc609_144p200kbs' (13: Permission denied), client: 127.0.0.1, server: 0.0.0.0:1935
2023/02/14 16:17:05 [error] 11#11: *57 open() "/eliv/videos/live/172beb79-2db3-42ae-a9cf-6b2e79dbc609.m3u8" failed (2: No such file or directory), client: 172.71.214.130, server: static_eliv.chisubuga.dev, request: "GET /live/172beb79-2db3-42ae-a9cf-6b2e79dbc609.m3u8 HTTP/1.1", host: "static_eliv.chisubuga.dev", referrer: "https://eliv.chisubuga.dev/"
2023/02/14 16:17:05 [error] 11#11: *66 hls: mkdir() failed on '/eliv/videos/live/172beb79-2db3-42ae-a9cf-6b2e79dbc609_720p2628kbs' (13: Permission denied), client: 127.0.0.1, server: 0.0.0.0:1935
2023/02/14 16:17:05 [error] 11#11: *67 hls: mkdir() failed on '/eliv/videos/live/172beb79-2db3-42ae-a9cf-6b2e79dbc609_144p200kbs' (13: Permission denied), client: 127.0.0.1, server: 0.0.0.0:1935
2023/02/14 16:17:06 [error] 11#11: *66 hls: mkdir() failed on '/eliv/videos/live/172beb79-2db3-42ae-a9cf-6b2e79dbc609_720p2628kbs' (13: Permission denied), client: 127.0.0.1, server: 0.0.0.0:1935
2023/02/14 16:17:07 [error] 11#11: *67 hls: mkdir() failed on '/eliv/videos/live/172beb79-2db3-42ae-a9cf-6b2e79dbc609_144p200kbs' (13: Permission denied), client: 127.0.0.1, server: 0.0.0.0:1935
2023/02/14 16:17:07 [error] 11#11: *66 hls: mkdir() failed on '/eliv/videos/live/172beb79-2db3-42ae-a9cf-6b2e79dbc609_720p2628kbs' (13: Permission denied), client: 127.0.0.1, server: 0.0.0.0:1935
2023/02/14 16:17:08 [error] 11#11: *67 hls: mkdir() failed on '/eliv/videos/live/172beb79-2db3-42ae-a9cf-6b2e79dbc609_144p200kbs' (13: Permission denied), client: 127.0.0.1, server: 0.0.0.0:1935
2023/02/14 16:17:08 [error] 11#11: *66 hls: mkdir() failed on '/eliv/videos/live/172beb79-2db3-42ae-a9cf-6b2e79dbc609_720p2628kbs' (13: Permission denied), client: 127.0.0.1, server: 0.0.0.0:1935
2023/02/14 16:17:09 [error] 11#11: *66 hls: mkdir() failed on '/eliv/videos/live/172beb79-2db3-42ae-a9cf-6b2e79dbc609_720p2628kbs' (13: Permission denied), client: 127.0.0.1, server: 0.0.0.0:1935
2023/02/14 16:17:09 [error] 11#11: *67 hls: mkdir() failed on '/eliv/videos/live/172beb79-2db3-42ae-a9cf-6b2e79dbc609_144p200kbs' (13: Permission denied), client: 127.0.0.1, server: 0.0.0.0:1935
2023/02/14 16:17:10 [error] 11#11: *66 hls: mkdir() failed on '/eliv/videos/live/172beb79-2db3-42ae-a9cf-6b2e79dbc609_720p2628kbs' (13: Permission denied), client: 127.0.0.1, server: 0.0.0.0:1935
2023/02/14 16:17:10 [error] 11#11: *67 hls: mkdir() failed on '/eliv/videos/live/172beb79-2db3-42ae-a9cf-6b2e79dbc609_144p200kbs' (13: Permission denied), client: 127.0.0.1, server: 0.0.0.0:1935
2023/02/14 16:17:10 [error] 11#11: *57 open() "/eliv/videos/live/172beb79-2db3-42ae-a9cf-6b2e79dbc609.m3u8" failed (2: No such file or directory), client: 172.71.214.130, server: static_eliv.chisubuga.dev, request: "GET /live/172beb79-2db3-42ae-a9cf-6b2e79dbc609.m3u8 HTTP/1.1", host: "static_eliv.chisubuga.dev", referrer: "https://eliv.chisubuga.dev/"
2023/02/14 16:17:11 [error] 11#11: *66 hls: mkdir() failed on '/eliv/videos/live/172beb79-2db3-42ae-a9cf-6b2e79dbc609_720p2628kbs' (13: Permission denied), client: 127.0.0.1, server: 0.0.0.0:1935
2023/02/14 16:17:12 [error] 11#11: *67 hls: mkdir() failed on '/eliv/videos/live/172beb79-2db3-42ae-a9cf-6b2e79dbc609_144p200kbs' (13: Permission denied), client: 127.0.0.1, server: 0.0.0.0:1935
2023/02/14 16:17:12 [error] 11#11: *66 hls: mkdir() failed on '/eliv/videos/live/172beb79-2db3-42ae-a9cf-6b2e79dbc609_720p2628kbs' (13: Permission denied), client: 127.0.0.1, server: 0.0.0.0:1935
2023/02/14 16:17:13 [error] 11#11: *67 hls: mkdir() failed on '/eliv/videos/live/172beb79-2db3-42ae-a9cf-6b2e79dbc609_144p200kbs' (13: Permission denied), client: 127.0.0.1, server: 0.0.0.0:1935
2023/02/14 16:17:13 [error] 11#11: *66 hls: mkdir() failed on '/eliv/videos/live/172beb79-2db3-42ae-a9cf-6b2e79dbc609_720p2628kbs' (13: Permission denied), client: 127.0.0.1, server: 0.0.0.0:1935
2023/02/14 16:17:14 [error] 11#11: *66 hls: mkdir() failed on '/eliv/videos/live/172beb79-2db3-42ae-a9cf-6b2e79dbc609_720p2628kbs' (13: Permission denied), client: 127.0.0.1, server: 0.0.0.0:1935
2023/02/14 16:17:14 [error] 11#11: *67 hls: mkdir() failed on '/eliv/videos/live/172beb79-2db3-42ae-a9cf-6b2e79dbc609_144p200kbs' (13: Permission denied), client: 127.0.0.1, server: 0.0.0.0:1935
2023/02/14 16:17:15 [error] 11#11: *66 hls: mkdir() failed on '/eliv/videos/live/172beb79-2db3-42ae-a9cf-6b2e79dbc609_720p2628kbs' (13: Permission denied), client: 127.0.0.1, server: 0.0.0.0:1935
2023/02/14 16:17:15 [error] 11#11: *67 hls: mkdir() failed on '/eliv/videos/live/172beb79-2db3-42ae-a9cf-6b2e79dbc609_144p200kbs' (13: Permission denied), client: 127.0.0.1, server: 0.0.0.0:1935
2023/02/14 16:17:15 [error] 11#11: *57 open() "/eliv/videos/live/172beb79-2db3-42ae-a9cf-6b2e79dbc609.m3u8" failed (2: No such file or directory), client: 172.71.214.130, server: static_eliv.chisubuga.dev, request: "GET /live/172beb79-2db3-42ae-a9cf-6b2e79dbc609.m3u8 HTTP/1.1", host: "static_eliv.chisubuga.dev", referrer: "https://eliv.chisubuga.dev/"
2023/02/14 16:17:16 [error] 11#11: *66 hls: mkdir() failed on '/eliv/videos/live/172beb79-2db3-42ae-a9cf-6b2e79dbc609_720p2628kbs' (13: Permission denied), client: 127.0.0.1, server: 0.0.0.0:1935
2023/02/14 16:17:17 [error] 11#11: *67 hls: mkdir() failed on '/eliv/videos/live/172beb79-2db3-42ae-a9cf-6b2e79dbc609_144p200kbs' (13: Permission denied), client: 127.0.0.1, server: 0.0.0.0:1935
2023/02/14 16:17:17 [error] 11#11: *66 hls: mkdir() failed on '/eliv/videos/live/172beb79-2db3-42ae-a9cf-6b2e79dbc609_720p2628kbs' (13: Permission denied), client: 127.0.0.1, server: 0.0.0.0:1935
2023/02/14 16:17:18 [error] 11#11: *67 hls: mkdir() failed on '/eliv/videos/live/172beb79-2db3-42ae-a9cf-6b2e79dbc609_144p200kbs' (13: Permission denied), client: 127.0.0.1, server: 0.0.0.0:1935
2023/02/14 16:17:18 [error] 11#11: *66 hls: mkdir() failed on '/eliv/videos/live/172beb79-2db3-42ae-a9cf-6b2e79dbc609_720p2628kbs' (13: Permission denied), client: 127.0.0.1, server: 0.0.0.0:1935
2023/02/14 16:17:19 [error] 11#11: *66 hls: mkdir() failed on '/eliv/videos/live/172beb79-2db3-42ae-a9cf-6b2e79dbc609_720p2628kbs' (13: Permission denied), client: 127.0.0.1, server: 0.0.0.0:1935
2023/02/14 16:17:19 [error] 11#11: *67 hls: mkdir() failed on '/eliv/videos/live/172beb79-2db3-42ae-a9cf-6b2e79dbc609_144p200kbs' (13: Permission denied), client: 127.0.0.1, server: 0.0.0.0:1935
2023/02/14 16:17:20 [error] 11#11: *66 hls: mkdir() failed on '/eliv/videos/live/172beb79-2db3-42ae-a9cf-6b2e79dbc609_720p2628kbs' (13: Permission denied), client: 127.0.0.1, server: 0.0.0.0:1935
2023/02/14 16:17:20 [error] 11#11: *67 hls: mkdir() failed on '/eliv/videos/live/172beb79-2db3-42ae-a9cf-6b2e79dbc609_144p200kbs' (13: Permission denied), client: 127.0.0.1, server: 0.0.0.0:1935
2023/02/14 16:17:21 [error] 11#11: *57 open() "/eliv/videos/live/172beb79-2db3-42ae-a9cf-6b2e79dbc609.m3u8" failed (2: No such file or directory), client: 172.71.214.130, server: static_eliv.chisubuga.dev, request: "GET /live/172beb79-2db3-42ae-a9cf-6b2e79dbc609.m3u8 HTTP/1.1", host: "static_eliv.chisubuga.dev", referrer: "https://eliv.chisubuga.dev/"
2023/02/14 16:17:21 [error] 11#11: *66 hls: mkdir() failed on '/eliv/videos/live/172beb79-2db3-42ae-a9cf-6b2e79dbc609_720p2628kbs' (13: Permission denied), client: 127.0.0.1, server: 0.0.0.0:1935
2023/02/14 16:17:22 [error] 11#11: *67 hls: mkdir() failed on '/eliv/videos/live/172beb79-2db3-42ae-a9cf-6b2e79dbc609_144p200kbs' (13: Permission denied), client: 127.0.0.1, server: 0.0.0.0:1935
2023/02/14 16:17:22 [error] 11#11: *66 hls: mkdir() failed on '/eliv/videos/live/172beb79-2db3-42ae-a9cf-6b2e79dbc609_720p2628kbs' (13: Permission denied), client: 127.0.0.1, server: 0.0.0.0:1935
2023/02/14 16:17:23 [error] 11#11: *67 hls: mkdir() failed on '/eliv/videos/live/172beb79-2db3-42ae-a9cf-6b2e79dbc609_144p200kbs' (13: Permission denied), client: 127.0.0.1, server: 0.0.0.0:1935
2023/02/14 16:17:23 [error] 11#11: *66 hls: mkdir() failed on '/eliv/videos/live/172beb79-2db3-42ae-a9cf-6b2e79dbc609_720p2628kbs' (13: Permission denied), client: 127.0.0.1, server: 0.0.0.0:1935
2023/02/14 16:17:24 [error] 11#11: *66 hls: mkdir() failed on '/eliv/videos/live/172beb79-2db3-42ae-a9cf-6b2e79dbc609_720p2628kbs' (13: Permission denied), client: 127.0.0.1, server: 0.0.0.0:1935
2023/02/14 16:17:24 [error] 11#11: *67 hls: mkdir() failed on '/eliv/videos/live/172beb79-2db3-42ae-a9cf-6b2e79dbc609_144p200kbs' (13: Permission denied), client: 127.0.0.1, server: 0.0.0.0:1935
2023/02/14 16:17:25 [error] 11#11: *66 hls: mkdir() failed on '/eliv/videos/live/172beb79-2db3-42ae-a9cf-6b2e79dbc609_720p2628kbs' (13: Permission denied), client: 127.0.0.1, server: 0.0.0.0:1935
2023/02/14 16:17:25 [error] 11#11: *67 hls: mkdir() failed on '/eliv/videos/live/172beb79-2db3-42ae-a9cf-6b2e79dbc609_144p200kbs' (13: Permission denied), client: 127.0.0.1, server: 0.0.0.0:1935
2023/02/14 16:17:26 [error] 11#11: *66 hls: mkdir() failed on '/eliv/videos/live/172beb79-2db3-42ae-a9cf-6b2e79dbc609_720p2628kbs' (13: Permission denied), client: 127.0.0.1, server: 0.0.0.0:1935
2023/02/14 16:17:26 [error] 11#11: *57 open() "/eliv/videos/live/172beb79-2db3-42ae-a9cf-6b2e79dbc609.m3u8" failed (2: No such file or directory), client: 172.71.214.130, server: static_eliv.chisubuga.dev, request: "GET /live/172beb79-2db3-42ae-a9cf-6b2e79dbc609.m3u8 HTTP/1.1", host: "static_eliv.chisubuga.dev", referrer: "https://eliv.chisubuga.dev/"
2023/02/14 16:17:27 [error] 11#11: *67 hls: mkdir() failed on '/eliv/videos/live/172beb79-2db3-42ae-a9cf-6b2e79dbc609_144p200kbs' (13: Permission denied), client: 127.0.0.1, server: 0.0.0.0:1935
2023/02/14 16:17:27 [error] 11#11: *66 hls: mkdir() failed on '/eliv/videos/live/172beb79-2db3-42ae-a9cf-6b2e79dbc609_720p2628kbs' (13: Permission denied), client: 127.0.0.1, server: 0.0.0.0:1935
2023/02/14 16:17:29 [error] 11#11: *67 hls: mkdir() failed on '/eliv/videos/live/172beb79-2db3-42ae-a9cf-6b2e79dbc609_144p200kbs' (13: Permission denied), client: 127.0.0.1, server: 0.0.0.0:1935
2023/02/14 16:17:29 [error] 11#11: *66 hls: mkdir() failed on '/eliv/videos/live/172beb79-2db3-42ae-a9cf-6b2e79dbc609_720p2628kbs' (13: Permission denied), client: 127.0.0.1, server: 0.0.0.0:1935
2023/02/14 16:17:31 [error] 11#11: *57 open() "/eliv/videos/live/172beb79-2db3-42ae-a9cf-6b2e79dbc609.m3u8" failed (2: No such file or directory), client: 172.71.214.130, server: static_eliv.chisubuga.dev, request: "GET /live/172beb79-2db3-42ae-a9cf-6b2e79dbc609.m3u8 HTTP/1.1", host: "static_eliv.chisubuga.dev", referrer: "https://eliv.chisubuga.dev/"
2023/02/14 16:17:35 [error] 11#11: *57 open() "/eliv/videos/live/172beb79-2db3-42ae-a9cf-6b2e79dbc609.m3u8" failed (2: No such file or directory), client: 172.71.214.130, server: static_eliv.chisubuga.dev, request: "GET /live/172beb79-2db3-42ae-a9cf-6b2e79dbc609.m3u8 HTTP/1.1", host: "static_eliv.chisubuga.dev", referrer: "https://eliv.chisubuga.dev/"
2023/02/14 16:17:36 [error] 11#11: *84 open() "/eliv/videos/upload/172beb79-2db3-42ae-a9cf-6b2e79dbc609/thumbnail.png" failed (2: No such file or directory), client: 162.158.178.191, server: static_eliv.chisubuga.dev, request: "GET /vod//172beb79-2db3-42ae-a9cf-6b2e79dbc609/thumbnail.png HTTP/1.1", host: "static_eliv.chisubuga.dev", referrer: "https://eliv.chisubuga.dev/"
2023/02/14 16:17:37 [error] 11#11: *66 hls: mkdir() failed on '/eliv/videos/live/172beb79-2db3-42ae-a9cf-6b2e79dbc609_720p2628kbs' (13: Permission denied), client: 127.0.0.1, server: 0.0.0.0:1935
2023/02/14 16:17:37 [error] 11#11: *67 hls: mkdir() failed on '/eliv/videos/live/172beb79-2db3-42ae-a9cf-6b2e79dbc609_144p200kbs' (13: Permission denied), client: 127.0.0.1, server: 0.0.0.0:1935
2023/02/14 16:17:38 [error] 11#11: *66 hls: mkdir() failed on '/eliv/videos/live/172beb79-2db3-42ae-a9cf-6b2e79dbc609_720p2628kbs' (13: Permission denied), client: 127.0.0.1, server: 0.0.0.0:1935
2023/02/14 16:17:39 [error] 11#11: *67 hls: mkdir() failed on '/eliv/videos/live/172beb79-2db3-42ae-a9cf-6b2e79dbc609_144p200kbs' (13: Permission denied), client: 127.0.0.1, server: 0.0.0.0:1935
2023/02/14 16:17:39 [error] 11#11: *66 hls: mkdir() failed on '/eliv/videos/live/172beb79-2db3-42ae-a9cf-6b2e79dbc609_720p2628kbs' (13: Permission denied), client: 127.0.0.1, server: 0.0.0.0:1935
2023/02/14 16:17:40 [error] 11#11: *67 hls: mkdir() failed on '/eliv/videos/live/172beb79-2db3-42ae-a9cf-6b2e79dbc609_144p200kbs' (13: Permission denied), client: 127.0.0.1, server: 0.0.0.0:1935
2023/02/14 16:17:40 [error] 11#11: *66 hls: mkdir() failed on '/eliv/videos/live/172beb79-2db3-42ae-a9cf-6b2e79dbc609_720p2628kbs' (13: Permission denied), client: 127.0.0.1, server: 0.0.0.0:1935
2023/02/14 16:17:41 [error] 11#11: *57 open() "/eliv/videos/live/172beb79-2db3-42ae-a9cf-6b2e79dbc609.m3u8" failed (2: No such file or directory), client: 172.71.214.130, server: static_eliv.chisubuga.dev, request: "GET /live/172beb79-2db3-42ae-a9cf-6b2e79dbc609.m3u8 HTTP/1.1", host: "static_eliv.chisubuga.dev", referrer: "https://eliv.chisubuga.dev/"
2023/02/14 16:17:41 [error] 11#11: *67 hls: mkdir() failed on '/eliv/videos/live/172beb79-2db3-42ae-a9cf-6b2e79dbc609_144p200kbs' (13: Permission denied), client: 127.0.0.1, server: 0.0.0.0:1935
2023/02/14 16:17:41 [error] 11#11: *66 hls: mkdir() failed on '/eliv/videos/live/172beb79-2db3-42ae-a9cf-6b2e79dbc609_720p2628kbs' (13: Permission denied), client: 127.0.0.1, server: 0.0.0.0:1935
2023/02/14 16:17:42 [error] 11#11: *66 hls: mkdir() failed on '/eliv/videos/live/172beb79-2db3-42ae-a9cf-6b2e79dbc609_720p2628kbs' (13: Permission denied), client: 127.0.0.1, server: 0.0.0.0:1935
2023/02/14 16:17:42 [error] 11#11: *67 hls: mkdir() failed on '/eliv/videos/live/172beb79-2db3-42ae-a9cf-6b2e79dbc609_144p200kbs' (13: Permission denied), client: 127.0.0.1, server: 0.0.0.0:1935
2023/02/14 16:17:43 [error] 11#11: *66 hls: mkdir() failed on '/eliv/videos/live/172beb79-2db3-42ae-a9cf-6b2e79dbc609_720p2628kbs' (13: Permission denied), client: 127.0.0.1, server: 0.0.0.0:1935
2023/02/14 16:17:44 [error] 11#11: *67 hls: mkdir() failed on '/eliv/videos/live/172beb79-2db3-42ae-a9cf-6b2e79dbc609_144p200kbs' (13: Permission denied), client: 127.0.0.1, server: 0.0.0.0:1935
2023/02/14 16:17:45 [error] 11#11: *66 hls: mkdir() failed on '/eliv/videos/live/172beb79-2db3-42ae-a9cf-6b2e79dbc609_720p2628kbs' (13: Permission denied), client: 127.0.0.1, server: 0.0.0.0:1935
2023/02/14 16:17:45 [error] 11#11: *67 hls: mkdir() failed on '/eliv/videos/live/172beb79-2db3-42ae-a9cf-6b2e79dbc609_144p200kbs' (13: Permission denied), client: 127.0.0.1, server: 0.0.0.0:1935
2023/02/14 16:17:45 [error] 11#11: *66 hls: mkdir() failed on '/eliv/videos/live/172beb79-2db3-42ae-a9cf-6b2e79dbc609_720p2628kbs' (13: Permission denied), client: 127.0.0.1, server: 0.0.0.0:1935
2023/02/14 16:17:46 [error] 11#11: *57 open() "/eliv/videos/live/172beb79-2db3-42ae-a9cf-6b2e79dbc609.m3u8" failed (2: No such file or directory), client: 172.71.214.130, server: static_eliv.chisubuga.dev, request: "GET /live/172beb79-2db3-42ae-a9cf-6b2e79dbc609.m3u8 HTTP/1.1", host: "static_eliv.chisubuga.dev", referrer: "https://eliv.chisubuga.dev/"
2023/02/14 16:17:46 [error] 11#11: *67 hls: mkdir() failed on '/eliv/videos/live/172beb79-2db3-42ae-a9cf-6b2e79dbc609_144p200kbs' (13: Permission denied), client: 127.0.0.1, server: 0.0.0.0:1935
2023/02/14 16:17:46 [error] 11#11: *66 hls: mkdir() failed on '/eliv/videos/live/172beb79-2db3-42ae-a9cf-6b2e79dbc609_720p2628kbs' (13: Permission denied), client: 127.0.0.1, server: 0.0.0.0:1935
2023/02/14 16:17:47 [error] 11#11: *66 hls: mkdir() failed on '/eliv/videos/live/172beb79-2db3-42ae-a9cf-6b2e79dbc609_720p2628kbs' (13: Permission denied), client: 127.0.0.1, server: 0.0.0.0:1935
2023/02/14 16:17:47 [error] 11#11: *67 hls: mkdir() failed on '/eliv/videos/live/172beb79-2db3-42ae-a9cf-6b2e79dbc609_144p200kbs' (13: Permission denied), client: 127.0.0.1, server: 0.0.0.0:1935
2023/02/14 16:17:48 [error] 11#11: *66 hls: mkdir() failed on '/eliv/videos/live/172beb79-2db3-42ae-a9cf-6b2e79dbc609_720p2628kbs' (13: Permission denied), client: 127.0.0.1, server: 0.0.0.0:1935
2023/02/14 16:17:49 [error] 11#11: *67 hls: mkdir() failed on '/eliv/videos/live/172beb79-2db3-42ae-a9cf-6b2e79dbc609_144p200kbs' (13: Permission denied), client: 127.0.0.1, server: 0.0.0.0:1935
2023/02/14 16:17:49 [error] 11#11: *66 hls: mkdir() failed on '/eliv/videos/live/172beb79-2db3-42ae-a9cf-6b2e79dbc609_720p2628kbs' (13: Permission denied), client: 127.0.0.1, server: 0.0.0.0:1935
2023/02/14 16:17:50 [error] 11#11: *67 hls: mkdir() failed on '/eliv/videos/live/172beb79-2db3-42ae-a9cf-6b2e79dbc609_144p200kbs' (13: Permission denied), client: 127.0.0.1, server: 0.0.0.0:1935
2023/02/14 16:17:50 [error] 11#11: *66 hls: mkdir() failed on '/eliv/videos/live/172beb79-2db3-42ae-a9cf-6b2e79dbc609_720p2628kbs' (13: Permission denied), client: 127.0.0.1, server: 0.0.0.0:1935
2023/02/14 16:17:51 [error] 11#11: *57 open() "/eliv/videos/live/172beb79-2db3-42ae-a9cf-6b2e79dbc609.m3u8" failed (2: No such file or directory), client: 172.71.214.130, server: static_eliv.chisubuga.dev, request: "GET /live/172beb79-2db3-42ae-a9cf-6b2e79dbc609.m3u8 HTTP/1.1", host: "static_eliv.chisubuga.dev", referrer: "https://eliv.chisubuga.dev/"
2023/02/14 16:17:51 [error] 11#11: *67 hls: mkdir() failed on '/eliv/videos/live/172beb79-2db3-42ae-a9cf-6b2e79dbc609_144p200kbs' (13: Permission denied), client: 127.0.0.1, server: 0.0.0.0:1935
2023/02/14 16:17:51 [error] 11#11: *66 hls: mkdir() failed on '/eliv/videos/live/172beb79-2db3-42ae-a9cf-6b2e79dbc609_720p2628kbs' (13: Permission denied), client: 127.0.0.1, server: 0.0.0.0:1935
2023/02/14 16:17:52 [error] 11#11: *66 hls: mkdir() failed on '/eliv/videos/live/172beb79-2db3-42ae-a9cf-6b2e79dbc609_720p2628kbs' (13: Permission denied), client: 127.0.0.1, server: 0.0.0.0:1935
2023/02/14 16:17:52 [error] 11#11: *67 hls: mkdir() failed on '/eliv/videos/live/172beb79-2db3-42ae-a9cf-6b2e79dbc609_144p200kbs' (13: Permission denied), client: 127.0.0.1, server: 0.0.0.0:1935
2023/02/14 16:17:53 [error] 11#11: *66 hls: mkdir() failed on '/eliv/videos/live/172beb79-2db3-42ae-a9cf-6b2e79dbc609_720p2628kbs' (13: Permission denied), client: 127.0.0.1, server: 0.0.0.0:1935
2023/02/14 16:17:55 [error] 11#11: *67 hls: mkdir() failed on '/eliv/videos/live/172beb79-2db3-42ae-a9cf-6b2e79dbc609_144p200kbs' (13: Permission denied), client: 127.0.0.1, server: 0.0.0.0:1935
2023/02/14 16:17:56 [error] 11#11: *57 open() "/eliv/videos/live/172beb79-2db3-42ae-a9cf-6b2e79dbc609.m3u8" failed (2: No such file or directory), client: 172.71.214.130, server: static_eliv.chisubuga.dev, request: "GET /live/172beb79-2db3-42ae-a9cf-6b2e79dbc609.m3u8 HTTP/1.1", host: "static_eliv.chisubuga.dev", referrer: "https://eliv.chisubuga.dev/"
2023/02/14 16:17:59 [info] 11#11: *60 deleteStream, client: 171.252.188.95, server: 0.0.0.0:1935
2023/02/14 16:17:59 [info] 11#11: *60 notify: publish_done 'api_server:27361/live-sessions/on-publish-done', client: 171.252.188.95, server: 0.0.0.0:1935
2023/02/14 16:17:59 [info] 11#11: *62 disconnect, client: localhost:1935/live_verified, server: ngx-relay
2023/02/14 16:17:59 [info] 11#11: *62 deleteStream, client: localhost:1935/live_verified, server: ngx-relay
2023/02/14 16:17:59 [info] 11#11: *60 disconnect, client: 171.252.188.95, server: 0.0.0.0:1935
2023/02/14 16:17:59 [info] 11#11: *60 deleteStream, client: 171.252.188.95, server: 0.0.0.0:1935
2023/02/14 16:17:59 [info] 11#11: *63 disconnect, client: 127.0.0.1, server: 0.0.0.0:1935
2023/02/14 16:17:59 [info] 11#11: *63 deleteStream, client: 127.0.0.1, server: 0.0.0.0:1935
2023/02/14 16:17:59 [info] 11#11: *63 exec: terminating child 13, client: 127.0.0.1, server: 0.0.0.0:1935
2023/02/14 16:17:59 [info] 11#11: *67 disconnect, client: 127.0.0.1, server: 0.0.0.0:1935
2023/02/14 16:17:59 [info] 11#11: *67 deleteStream, client: 127.0.0.1, server: 0.0.0.0:1935
2023/02/14 16:17:59 [info] 11#11: *67 exec: starting unmanaged child 'bash', client: 127.0.0.1, server: 0.0.0.0:1935
2023/02/14 16:17:59 [notice] 11#11: signal 17 (SIGCHLD) received from 13
2023/02/14 16:17:59 [alert] 11#11: unknown process 13 exited on signal 9
2023/02/14 16:17:59 [info] 11#11: *65 recv() failed (104: Connection reset by peer), client: 127.0.0.1, server: 0.0.0.0:1935
2023/02/14 16:17:59 [info] 11#11: *66 disconnect, client: 127.0.0.1, server: 0.0.0.0:1935
2023/02/14 16:17:59 [info] 11#11: *66 deleteStream, client: 127.0.0.1, server: 0.0.0.0:1935
2023/02/14 16:17:59 [info] 11#11: *66 exec: starting unmanaged child 'bash', client: 127.0.0.1, server: 0.0.0.0:1935
2023/02/14 16:17:59 [info] 11#11: *65 disconnect, client: 127.0.0.1, server: 0.0.0.0:1935
2023/02/14 16:17:59 [info] 11#11: *65 deleteStream, client: 127.0.0.1, server: 0.0.0.0:1935
2023/02/14 16:18:00 [notice] 11#11: signal 17 (SIGCHLD) received from 164
2023/02/14 16:18:00 [notice] 11#11: unknown process 164 exited with code 1
2023/02/14 16:18:00 [info] 11#11: epoll_wait() failed (4: Interrupted system call)
2023/02/14 16:18:00 [notice] 11#11: signal 17 (SIGCHLD) received from 165
2023/02/14 16:18:00 [notice] 11#11: unknown process 165 exited with code 1
2023/02/14 16:18:00 [info] 11#11: epoll_wait() failed (4: Interrupted system call)
2023/02/14 16:18:01 [info] 11#11: *91 client 135.125.246.110 closed keepalive connection
2023/02/14 16:18:01 [info] 11#11: *93 client 135.125.246.110 closed keepalive connection
2023/02/14 16:18:01 [error] 11#11: *57 open() "/eliv/videos/live/172beb79-2db3-42ae-a9cf-6b2e79dbc609.m3u8" failed (2: No such file or directory), client: 172.71.214.130, server: static_eliv.chisubuga.dev, request: "GET /live/172beb79-2db3-42ae-a9cf-6b2e79dbc609.m3u8 HTTP/1.1", host: "static_eliv.chisubuga.dev", referrer: "https://eliv.chisubuga.dev/"
2023/02/14 16:18:07 [error] 11#11: *57 open() "/eliv/videos/live/172beb79-2db3-42ae-a9cf-6b2e79dbc609.m3u8" failed (2: No such file or directory), client: 172.71.214.130, server: static_eliv.chisubuga.dev, request: "GET /live/172beb79-2db3-42ae-a9cf-6b2e79dbc609.m3u8 HTTP/1.1", host: "static_eliv.chisubuga.dev", referrer: "https://eliv.chisubuga.dev/"
2023/02/14 16:18:13 [error] 11#11: *57 open() "/eliv/videos/live/172beb79-2db3-42ae-a9cf-6b2e79dbc609.m3u8" failed (2: No such file or directory), client: 172.71.214.130, server: static_eliv.chisubuga.dev, request: "GET /live/172beb79-2db3-42ae-a9cf-6b2e79dbc609.m3u8 HTTP/1.1", host: "static_eliv.chisubuga.dev", referrer: "https://eliv.chisubuga.dev/"
2023/02/14 16:18:19 [error] 11#11: *57 open() "/eliv/videos/live/172beb79-2db3-42ae-a9cf-6b2e79dbc609.m3u8" failed (2: No such file or directory), client: 172.71.214.130, server: static_eliv.chisubuga.dev, request: "GET /live/172beb79-2db3-42ae-a9cf-6b2e79dbc609.m3u8 HTTP/1.1", host: "static_eliv.chisubuga.dev", referrer: "https://eliv.chisubuga.dev/"
2023/02/14 16:18:25 [error] 11#11: *57 open() "/eliv/videos/live/172beb79-2db3-42ae-a9cf-6b2e79dbc609.m3u8" failed (2: No such file or directory), client: 172.71.214.130, server: static_eliv.chisubuga.dev, request: "GET /live/172beb79-2db3-42ae-a9cf-6b2e79dbc609.m3u8 HTTP/1.1", host: "static_eliv.chisubuga.dev", referrer: "https://eliv.chisubuga.dev/"
2023/02/14 16:18:32 [error] 11#11: *57 open() "/eliv/videos/live/c2e32572-1284-4fa4-a9b1-c6eb3ffa808c.m3u8" failed (2: No such file or directory), client: 172.71.214.130, server: static_eliv.chisubuga.dev, request: "GET /live/c2e32572-1284-4fa4-a9b1-c6eb3ffa808c.m3u8 HTTP/1.1", host: "static_eliv.chisubuga.dev", referrer: "https://eliv.chisubuga.dev/"
2023/02/14 16:18:38 [error] 11#11: *57 open() "/eliv/videos/live/c2e32572-1284-4fa4-a9b1-c6eb3ffa808c.m3u8" failed (2: No such file or directory), client: 172.71.214.130, server: static_eliv.chisubuga.dev, request: "GET /live/c2e32572-1284-4fa4-a9b1-c6eb3ffa808c.m3u8 HTTP/1.1", host: "static_eliv.chisubuga.dev", referrer: "https://eliv.chisubuga.dev/"
2023/02/14 16:18:38 [info] 11#11: *119 client connected '171.252.188.95'
2023/02/14 16:18:38 [info] 11#11: *119 connect: app='live' args='' flashver='FMLE/3.0 (compatible; FMSc/1.0)' swf_url='rtmp://35.154.225.229:1935/live' tc_url='rtmp://35.154.225.229:1935/live' page_url='' acodecs=0 vcodecs=0 object_encoding=0, client: 171.252.188.95, server: 0.0.0.0:1935
2023/02/14 16:18:39 [info] 11#11: *119 createStream, client: 171.252.188.95, server: 0.0.0.0:1935
2023/02/14 16:18:39 [info] 11#11: *119 publish: name='f6442815-e40c-4a1d-a7c6-af4f83fc0f59' args='' type=live silent=0, client: 171.252.188.95, server: 0.0.0.0:1935
2023/02/14 16:18:39 [info] 11#11: *119 notify: publish 'api_server:27361/live-sessions/on-publish', client: 171.252.188.95, server: 0.0.0.0:1935
2023/02/14 16:18:39 [info] 11#11: *119 notify: publish redirect to 'c2e32572-1284-4fa4-a9b1-c6eb3ffa808c', client: 171.252.188.95, server: 0.0.0.0:1935
2023/02/14 16:18:39 [info] 11#11: *119 relay: create push name='c2e32572-1284-4fa4-a9b1-c6eb3ffa808c' app='' playpath='' url='localhost:1935/live_verified', client: 171.252.188.95, server: 0.0.0.0:1935
2023/02/14 16:18:39 [info] 11#11: *122 client connected '127.0.0.1'
2023/02/14 16:18:39 [info] 11#11: *122 connect: app='live_verified' args='' flashver='LNX.11,1,102,55' swf_url='' tc_url='rtmp://localhost:1935/live_verified' page_url='' acodecs=3575 vcodecs=252 object_encoding=0, client: 127.0.0.1, server: 0.0.0.0:1935
2023/02/14 16:18:39 [info] 11#11: *122 createStream, client: 127.0.0.1, server: 0.0.0.0:1935
2023/02/14 16:18:39 [info] 11#11: *122 publish: name='c2e32572-1284-4fa4-a9b1-c6eb3ffa808c' args='' type=live silent=0, client: 127.0.0.1, server: 0.0.0.0:1935
2023/02/14 16:18:39 [info] 11#11: *122 exec: starting unmanaged child 'ffmpeg', client: 127.0.0.1, server: 0.0.0.0:1935
2023/02/14 16:18:39 [info] 11#11: *122 exec: starting managed child 'ffmpeg', client: 127.0.0.1, server: 0.0.0.0:1935
2023/02/14 16:18:40 [info] 11#11: *123 client connected '127.0.0.1'
2023/02/14 16:18:40 [info] 11#11: *124 client connected '127.0.0.1'
2023/02/14 16:18:40 [info] 11#11: *123 connect: app='live_verified' args='' flashver='LNX 9,0,124,2' swf_url='' tc_url='rtmp://localhost:1935/live_verified' page_url='' acodecs=4071 vcodecs=252 object_encoding=0, client: 127.0.0.1, server: 0.0.0.0:1935
2023/02/14 16:18:40 [info] 11#11: *124 connect: app='live_verified' args='' flashver='LNX 9,0,124,2' swf_url='' tc_url='rtmp://localhost:1935/live_verified' page_url='' acodecs=4071 vcodecs=252 object_encoding=0, client: 127.0.0.1, server: 0.0.0.0:1935
2023/02/14 16:18:40 [info] 11#11: *124 createStream, client: 127.0.0.1, server: 0.0.0.0:1935
2023/02/14 16:18:40 [info] 11#11: *123 createStream, client: 127.0.0.1, server: 0.0.0.0:1935
2023/02/14 16:18:40 [info] 11#11: *124 play: name='c2e32572-1284-4fa4-a9b1-c6eb3ffa808c' args='' start=-2000 duration=0 reset=0 silent=0, client: 127.0.0.1, server: 0.0.0.0:1935
2023/02/14 16:18:40 [info] 11#11: *123 play: name='c2e32572-1284-4fa4-a9b1-c6eb3ffa808c' args='' start=-2000 duration=0 reset=0 silent=0, client: 127.0.0.1, server: 0.0.0.0:1935
2023/02/14 16:18:43 [error] 11#11: *57 open() "/eliv/videos/live/c2e32572-1284-4fa4-a9b1-c6eb3ffa808c.m3u8" failed (2: No such file or directory), client: 172.71.214.130, server: static_eliv.chisubuga.dev, request: "GET /live/c2e32572-1284-4fa4-a9b1-c6eb3ffa808c.m3u8 HTTP/1.1", host: "static_eliv.chisubuga.dev", referrer: "https://eliv.chisubuga.dev/"
2023/02/14 16:18:48 [error] 11#11: *57 open() "/eliv/videos/live/c2e32572-1284-4fa4-a9b1-c6eb3ffa808c.m3u8" failed (2: No such file or directory), client: 172.71.214.130, server: static_eliv.chisubuga.dev, request: "GET /live/c2e32572-1284-4fa4-a9b1-c6eb3ffa808c.m3u8 HTTP/1.1", host: "static_eliv.chisubuga.dev", referrer: "https://eliv.chisubuga.dev/"
2023/02/14 16:18:49 [info] 11#11: *125 client connected '127.0.0.1'
2023/02/14 16:18:49 [info] 11#11: *125 connect: app='hls' args='' flashver='FMLE/3.0 (compatible; Lavf59.27' swf_url='' tc_url='rtmp://localhost:1935/hls' page_url='' acodecs=0 vcodecs=0 object_encoding=0, client: 127.0.0.1, server: 0.0.0.0:1935
2023/02/14 16:18:49 [info] 11#11: *125 createStream, client: 127.0.0.1, server: 0.0.0.0:1935
2023/02/14 16:18:49 [info] 11#11: *123 deleteStream, client: 127.0.0.1, server: 0.0.0.0:1935
2023/02/14 16:18:49 [info] 11#11: *123 send() failed (104: Connection reset by peer), client: 127.0.0.1, server: 0.0.0.0:1935
2023/02/14 16:18:49 [info] 11#11: *123 disconnect, client: 127.0.0.1, server: 0.0.0.0:1935
2023/02/14 16:18:49 [info] 11#11: *123 deleteStream, client: 127.0.0.1, server: 0.0.0.0:1935
2023/02/14 16:18:49 [notice] 11#11: signal 17 (SIGCHLD) received from 166
2023/02/14 16:18:49 [notice] 11#11: unknown process 166 exited with code 1
2023/02/14 16:18:49 [info] 11#11: epoll_wait() failed (4: Interrupted system call)
2023/02/14 16:18:49 [info] 11#11: *125 publish: name='c2e32572-1284-4fa4-a9b1-c6eb3ffa808c_720p2628kbs' args='' type=live silent=0, client: 127.0.0.1, server: 0.0.0.0:1935
2023/02/14 16:18:49 [info] 11#11: *126 client connected '127.0.0.1'
2023/02/14 16:18:49 [info] 11#11: *126 connect: app='hls' args='' flashver='FMLE/3.0 (compatible; Lavf59.27' swf_url='' tc_url='rtmp://localhost:1935/hls' page_url='' acodecs=0 vcodecs=0 object_encoding=0, client: 127.0.0.1, server: 0.0.0.0:1935
2023/02/14 16:18:49 [info] 11#11: *126 createStream, client: 127.0.0.1, server: 0.0.0.0:1935
2023/02/14 16:18:49 [info] 11#11: *126 publish: name='c2e32572-1284-4fa4-a9b1-c6eb3ffa808c_144p200kbs' args='' type=live silent=0, client: 127.0.0.1, server: 0.0.0.0:1935
2023/02/14 16:18:50 [error] 11#11: *126 hls: mkdir() failed on '/eliv/videos/live/c2e32572-1284-4fa4-a9b1-c6eb3ffa808c_144p200kbs' (13: Permission denied), client: 127.0.0.1, server: 0.0.0.0:1935
2023/02/14 16:18:50 [error] 11#11: *125 hls: mkdir() failed on '/eliv/videos/live/c2e32572-1284-4fa4-a9b1-c6eb3ffa808c_720p2628kbs' (13: Permission denied), client: 127.0.0.1, server: 0.0.0.0:1935
2023/02/14 16:18:50 [error] 11#11: *126 hls: mkdir() failed on '/eliv/videos/live/c2e32572-1284-4fa4-a9b1-c6eb3ffa808c_144p200kbs' (13: Permission denied), client: 127.0.0.1, server: 0.0.0.0:1935
2023/02/14 16:18:50 [error] 11#11: *125 hls: mkdir() failed on '/eliv/videos/live/c2e32572-1284-4fa4-a9b1-c6eb3ffa808c_720p2628kbs' (13: Permission denied), client: 127.0.0.1, server: 0.0.0.0:1935
2023/02/14 16:18:51 [error] 11#11: *125 hls: mkdir() failed on '/eliv/videos/live/c2e32572-1284-4fa4-a9b1-c6eb3ffa808c_720p2628kbs' (13: Permission denied), client: 127.0.0.1, server: 0.0.0.0:1935
2023/02/14 16:18:51 [error] 11#11: *126 hls: mkdir() failed on '/eliv/videos/live/c2e32572-1284-4fa4-a9b1-c6eb3ffa808c_144p200kbs' (13: Permission denied), client: 127.0.0.1, server: 0.0.0.0:1935
2023/02/14 16:18:52 [error] 11#11: *125 hls: mkdir() failed on '/eliv/videos/live/c2e32572-1284-4fa4-a9b1-c6eb3ffa808c_720p2628kbs' (13: Permission denied), client: 127.0.0.1, server: 0.0.0.0:1935
2023/02/14 16:18:52 [error] 11#11: *126 hls: mkdir() failed on '/eliv/videos/live/c2e32572-1284-4fa4-a9b1-c6eb3ffa808c_144p200kbs' (13: Permission denied), client: 127.0.0.1, server: 0.0.0.0:1935
2023/02/14 16:18:53 [error] 11#11: *125 hls: mkdir() failed on '/eliv/videos/live/c2e32572-1284-4fa4-a9b1-c6eb3ffa808c_720p2628kbs' (13: Permission denied), client: 127.0.0.1, server: 0.0.0.0:1935
2023/02/14 16:18:53 [error] 11#11: *126 hls: mkdir() failed on '/eliv/videos/live/c2e32572-1284-4fa4-a9b1-c6eb3ffa808c_144p200kbs' (13: Permission denied), client: 127.0.0.1, server: 0.0.0.0:1935
2023/02/14 16:18:54 [error] 11#11: *125 hls: mkdir() failed on '/eliv/videos/live/c2e32572-1284-4fa4-a9b1-c6eb3ffa808c_720p2628kbs' (13: Permission denied), client: 127.0.0.1, server: 0.0.0.0:1935
2023/02/14 16:18:54 [error] 11#11: *57 open() "/eliv/videos/live/c2e32572-1284-4fa4-a9b1-c6eb3ffa808c.m3u8" failed (2: No such file or directory), client: 172.71.214.130, server: static_eliv.chisubuga.dev, request: "GET /live/c2e32572-1284-4fa4-a9b1-c6eb3ffa808c.m3u8 HTTP/1.1", host: "static_eliv.chisubuga.dev", referrer: "https://eliv.chisubuga.dev/"
2023/02/14 16:18:54 [error] 11#11: *126 hls: mkdir() failed on '/eliv/videos/live/c2e32572-1284-4fa4-a9b1-c6eb3ffa808c_144p200kbs' (13: Permission denied), client: 127.0.0.1, server: 0.0.0.0:1935
2023/02/14 16:18:55 [error] 11#11: *125 hls: mkdir() failed on '/eliv/videos/live/c2e32572-1284-4fa4-a9b1-c6eb3ffa808c_720p2628kbs' (13: Permission denied), client: 127.0.0.1, server: 0.0.0.0:1935
2023/02/14 16:18:56 [error] 11#11: *126 hls: mkdir() failed on '/eliv/videos/live/c2e32572-1284-4fa4-a9b1-c6eb3ffa808c_144p200kbs' (13: Permission denied), client: 127.0.0.1, server: 0.0.0.0:1935
2023/02/14 16:18:56 [error] 11#11: *125 hls: mkdir() failed on '/eliv/videos/live/c2e32572-1284-4fa4-a9b1-c6eb3ffa808c_720p2628kbs' (13: Permission denied), client: 127.0.0.1, server: 0.0.0.0:1935
2023/02/14 16:18:57 [error] 11#11: *125 hls: mkdir() failed on '/eliv/videos/live/c2e32572-1284-4fa4-a9b1-c6eb3ffa808c_720p2628kbs' (13: Permission denied), client: 127.0.0.1, server: 0.0.0.0:1935
2023/02/14 16:18:57 [error] 11#11: *126 hls: mkdir() failed on '/eliv/videos/live/c2e32572-1284-4fa4-a9b1-c6eb3ffa808c_144p200kbs' (13: Permission denied), client: 127.0.0.1, server: 0.0.0.0:1935
2023/02/14 16:18:58 [error] 11#11: *125 hls: mkdir() failed on '/eliv/videos/live/c2e32572-1284-4fa4-a9b1-c6eb3ffa808c_720p2628kbs' (13: Permission denied), client: 127.0.0.1, server: 0.0.0.0:1935
2023/02/14 16:18:58 [error] 11#11: *126 hls: mkdir() failed on '/eliv/videos/live/c2e32572-1284-4fa4-a9b1-c6eb3ffa808c_144p200kbs' (13: Permission denied), client: 127.0.0.1, server: 0.0.0.0:1935
2023/02/14 16:18:59 [error] 11#11: *125 hls: mkdir() failed on '/eliv/videos/live/c2e32572-1284-4fa4-a9b1-c6eb3ffa808c_720p2628kbs' (13: Permission denied), client: 127.0.0.1, server: 0.0.0.0:1935
2023/02/14 16:18:59 [error] 11#11: *126 hls: mkdir() failed on '/eliv/videos/live/c2e32572-1284-4fa4-a9b1-c6eb3ffa808c_144p200kbs' (13: Permission denied), client: 127.0.0.1, server: 0.0.0.0:1935
2023/02/14 16:19:00 [error] 11#11: *125 hls: mkdir() failed on '/eliv/videos/live/c2e32572-1284-4fa4-a9b1-c6eb3ffa808c_720p2628kbs' (13: Permission denied), client: 127.0.0.1, server: 0.0.0.0:1935
2023/02/14 16:19:00 [error] 11#11: *126 hls: mkdir() failed on '/eliv/videos/live/c2e32572-1284-4fa4-a9b1-c6eb3ffa808c_144p200kbs' (13: Permission denied), client: 127.0.0.1, server: 0.0.0.0:1935
2023/02/14 16:19:00 [error] 11#11: *57 open() "/eliv/videos/live/c2e32572-1284-4fa4-a9b1-c6eb3ffa808c.m3u8" failed (2: No such file or directory), client: 172.71.214.130, server: static_eliv.chisubuga.dev, request: "GET /live/c2e32572-1284-4fa4-a9b1-c6eb3ffa808c.m3u8 HTTP/1.1", host: "static_eliv.chisubuga.dev", referrer: "https://eliv.chisubuga.dev/"
2023/02/14 16:19:01 [error] 11#11: *125 hls: mkdir() failed on '/eliv/videos/live/c2e32572-1284-4fa4-a9b1-c6eb3ffa808c_720p2628kbs' (13: Permission denied), client: 127.0.0.1, server: 0.0.0.0:1935
2023/02/14 16:19:01 [error] 11#11: *126 hls: mkdir() failed on '/eliv/videos/live/c2e32572-1284-4fa4-a9b1-c6eb3ffa808c_144p200kbs' (13: Permission denied), client: 127.0.0.1, server: 0.0.0.0:1935
2023/02/14 16:19:02 [error] 11#11: *125 hls: mkdir() failed on '/eliv/videos/live/c2e32572-1284-4fa4-a9b1-c6eb3ffa808c_720p2628kbs' (13: Permission denied), client: 127.0.0.1, server: 0.0.0.0:1935
2023/02/14 16:19:03 [error] 11#11: *125 hls: mkdir() failed on '/eliv/videos/live/c2e32572-1284-4fa4-a9b1-c6eb3ffa808c_720p2628kbs' (13: Permission denied), client: 127.0.0.1, server: 0.0.0.0:1935
2023/02/14 16:19:03 [error] 11#11: *126 hls: mkdir() failed on '/eliv/videos/live/c2e32572-1284-4fa4-a9b1-c6eb3ffa808c_144p200kbs' (13: Permission denied), client: 127.0.0.1, server: 0.0.0.0:1935
2023/02/14 16:19:04 [error] 11#11: *125 hls: mkdir() failed on '/eliv/videos/live/c2e32572-1284-4fa4-a9b1-c6eb3ffa808c_720p2628kbs' (13: Permission denied), client: 127.0.0.1, server: 0.0.0.0:1935
2023/02/14 16:19:04 [error] 11#11: *126 hls: mkdir() failed on '/eliv/videos/live/c2e32572-1284-4fa4-a9b1-c6eb3ffa808c_144p200kbs' (13: Permission denied), client: 127.0.0.1, server: 0.0.0.0:1935
2023/02/14 16:19:05 [error] 11#11: *125 hls: mkdir() failed on '/eliv/videos/live/c2e32572-1284-4fa4-a9b1-c6eb3ffa808c_720p2628kbs' (13: Permission denied), client: 127.0.0.1, server: 0.0.0.0:1935
2023/02/14 16:19:05 [error] 11#11: *126 hls: mkdir() failed on '/eliv/videos/live/c2e32572-1284-4fa4-a9b1-c6eb3ffa808c_144p200kbs' (13: Permission denied), client: 127.0.0.1, server: 0.0.0.0:1935
2023/02/14 16:19:06 [error] 11#11: *125 hls: mkdir() failed on '/eliv/videos/live/c2e32572-1284-4fa4-a9b1-c6eb3ffa808c_720p2628kbs' (13: Permission denied), client: 127.0.0.1, server: 0.0.0.0:1935
2023/02/14 16:19:06 [error] 11#11: *126 hls: mkdir() failed on '/eliv/videos/live/c2e32572-1284-4fa4-a9b1-c6eb3ffa808c_144p200kbs' (13: Permission denied), client: 127.0.0.1, server: 0.0.0.0:1935
