2023/02/14 15:28:14 [info] 11#11: *275 SSL_do_handshake() failed (SSL: error:14094416:SSL routines:ssl3_read_bytes:sslv3 alert certificate unknown:SSL alert number 46) while SSL handshaking, client: 171.252.188.95, server: 0.0.0.0:443
2023/02/14 15:28:15 [error] 11#11: *206 hls: mkdir() failed on '/eliv/videos/live/4e784fcb-f13f-4c4b-922c-74ff5472d2bb_144p200kbs' (13: Permission denied), client: 127.0.0.1, server: 0.0.0.0:1935
2023/02/14 15:28:15 [error] 11#11: *205 hls: mkdir() failed on '/eliv/videos/live/4e784fcb-f13f-4c4b-922c-74ff5472d2bb_720p2628kbs' (13: Permission denied), client: 127.0.0.1, server: 0.0.0.0:1935
2023/02/14 15:28:16 [info] 11#11: *276 SSL_do_handshake() failed (SSL: error:14094416:SSL routines:ssl3_read_bytes:sslv3 alert certificate unknown:SSL alert number 46) while SSL handshaking, client: 171.252.188.95, server: 0.0.0.0:443
2023/02/14 15:28:16 [info] 11#11: *277 SSL_do_handshake() failed (SSL: error:14094416:SSL routines:ssl3_read_bytes:sslv3 alert certificate unknown:SSL alert number 46) while SSL handshaking, client: 171.252.188.95, server: 0.0.0.0:443
2023/02/14 15:28:16 [error] 11#11: *205 hls: mkdir() failed on '/eliv/videos/live/4e784fcb-f13f-4c4b-922c-74ff5472d2bb_720p2628kbs' (13: Permission denied), client: 127.0.0.1, server: 0.0.0.0:1935
2023/02/14 15:28:16 [error] 11#11: *206 hls: mkdir() failed on '/eliv/videos/live/4e784fcb-f13f-4c4b-922c-74ff5472d2bb_144p200kbs' (13: Permission denied), client: 127.0.0.1, server: 0.0.0.0:1935
2023/02/14 15:28:17 [error] 11#11: *205 hls: mkdir() failed on '/eliv/videos/live/4e784fcb-f13f-4c4b-922c-74ff5472d2bb_720p2628kbs' (13: Permission denied), client: 127.0.0.1, server: 0.0.0.0:1935
2023/02/14 15:28:18 [error] 11#11: *206 hls: mkdir() failed on '/eliv/videos/live/4e784fcb-f13f-4c4b-922c-74ff5472d2bb_144p200kbs' (13: Permission denied), client: 127.0.0.1, server: 0.0.0.0:1935
2023/02/14 15:28:18 [error] 11#11: *205 hls: mkdir() failed on '/eliv/videos/live/4e784fcb-f13f-4c4b-922c-74ff5472d2bb_720p2628kbs' (13: Permission denied), client: 127.0.0.1, server: 0.0.0.0:1935
2023/02/14 15:28:19 [error] 11#11: *206 hls: mkdir() failed on '/eliv/videos/live/4e784fcb-f13f-4c4b-922c-74ff5472d2bb_144p200kbs' (13: Permission denied), client: 127.0.0.1, server: 0.0.0.0:1935
2023/02/14 15:28:19 [error] 11#11: *205 hls: mkdir() failed on '/eliv/videos/live/4e784fcb-f13f-4c4b-922c-74ff5472d2bb_720p2628kbs' (13: Permission denied), client: 127.0.0.1, server: 0.0.0.0:1935
2023/02/14 15:28:20 [error] 11#11: *206 hls: mkdir() failed on '/eliv/videos/live/4e784fcb-f13f-4c4b-922c-74ff5472d2bb_144p200kbs' (13: Permission denied), client: 127.0.0.1, server: 0.0.0.0:1935
2023/02/14 15:28:20 [error] 11#11: *205 hls: mkdir() failed on '/eliv/videos/live/4e784fcb-f13f-4c4b-922c-74ff5472d2bb_720p2628kbs' (13: Permission denied), client: 127.0.0.1, server: 0.0.0.0:1935
2023/02/14 15:28:20 [info] 11#11: *278 SSL_do_handshake() failed (SSL: error:14094416:SSL routines:ssl3_read_bytes:sslv3 alert certificate unknown:SSL alert number 46) while SSL handshaking, client: 171.252.188.95, server: 0.0.0.0:443
2023/02/14 15:28:21 [error] 11#11: *205 hls: mkdir() failed on '/eliv/videos/live/4e784fcb-f13f-4c4b-922c-74ff5472d2bb_720p2628kbs' (13: Permission denied), client: 127.0.0.1, server: 0.0.0.0:1935
2023/02/14 15:28:21 [error] 11#11: *206 hls: mkdir() failed on '/eliv/videos/live/4e784fcb-f13f-4c4b-922c-74ff5472d2bb_144p200kbs' (13: Permission denied), client: 127.0.0.1, server: 0.0.0.0:1935
2023/02/14 15:28:22 [error] 11#11: *205 hls: mkdir() failed on '/eliv/videos/live/4e784fcb-f13f-4c4b-922c-74ff5472d2bb_720p2628kbs' (13: Permission denied), client: 127.0.0.1, server: 0.0.0.0:1935
2023/02/14 15:28:22 [error] 11#11: *206 hls: mkdir() failed on '/eliv/videos/live/4e784fcb-f13f-4c4b-922c-74ff5472d2bb_144p200kbs' (13: Permission denied), client: 127.0.0.1, server: 0.0.0.0:1935
2023/02/14 15:28:23 [error] 11#11: *205 hls: mkdir() failed on '/eliv/videos/live/4e784fcb-f13f-4c4b-922c-74ff5472d2bb_720p2628kbs' (13: Permission denied), client: 127.0.0.1, server: 0.0.0.0:1935
2023/02/14 15:28:24 [error] 11#11: *206 hls: mkdir() failed on '/eliv/videos/live/4e784fcb-f13f-4c4b-922c-74ff5472d2bb_144p200kbs' (13: Permission denied), client: 127.0.0.1, server: 0.0.0.0:1935
2023/02/14 15:28:24 [error] 11#11: *206 hls: mkdir() failed on '/eliv/videos/live/4e784fcb-f13f-4c4b-922c-74ff5472d2bb_144p200kbs' (13: Permission denied), client: 127.0.0.1, server: 0.0.0.0:1935
2023/02/14 15:28:24 [error] 11#11: *205 hls: mkdir() failed on '/eliv/videos/live/4e784fcb-f13f-4c4b-922c-74ff5472d2bb_720p2628kbs' (13: Permission denied), client: 127.0.0.1, server: 0.0.0.0:1935
2023/02/14 15:28:25 [error] 11#11: *206 hls: mkdir() failed on '/eliv/videos/live/4e784fcb-f13f-4c4b-922c-74ff5472d2bb_144p200kbs' (13: Permission denied), client: 127.0.0.1, server: 0.0.0.0:1935
2023/02/14 15:28:25 [error] 11#11: *205 hls: mkdir() failed on '/eliv/videos/live/4e784fcb-f13f-4c4b-922c-74ff5472d2bb_720p2628kbs' (13: Permission denied), client: 127.0.0.1, server: 0.0.0.0:1935
2023/02/14 15:28:26 [info] 11#11: *279 SSL_do_handshake() failed (SSL: error:14094416:SSL routines:ssl3_read_bytes:sslv3 alert certificate unknown:SSL alert number 46) while SSL handshaking, client: 171.252.188.95, server: 0.0.0.0:443
2023/02/14 15:28:26 [error] 11#11: *206 hls: mkdir() failed on '/eliv/videos/live/4e784fcb-f13f-4c4b-922c-74ff5472d2bb_144p200kbs' (13: Permission denied), client: 127.0.0.1, server: 0.0.0.0:1935
2023/02/14 15:28:26 [error] 11#11: *205 hls: mkdir() failed on '/eliv/videos/live/4e784fcb-f13f-4c4b-922c-74ff5472d2bb_720p2628kbs' (13: Permission denied), client: 127.0.0.1, server: 0.0.0.0:1935
2023/02/14 15:28:27 [error] 11#11: *205 hls: mkdir() failed on '/eliv/videos/live/4e784fcb-f13f-4c4b-922c-74ff5472d2bb_720p2628kbs' (13: Permission denied), client: 127.0.0.1, server: 0.0.0.0:1935
2023/02/14 15:28:27 [error] 11#11: *206 hls: mkdir() failed on '/eliv/videos/live/4e784fcb-f13f-4c4b-922c-74ff5472d2bb_144p200kbs' (13: Permission denied), client: 127.0.0.1, server: 0.0.0.0:1935
2023/02/14 15:28:28 [error] 11#11: *205 hls: mkdir() failed on '/eliv/videos/live/4e784fcb-f13f-4c4b-922c-74ff5472d2bb_720p2628kbs' (13: Permission denied), client: 127.0.0.1, server: 0.0.0.0:1935
2023/02/14 15:28:28 [error] 11#11: *206 hls: mkdir() failed on '/eliv/videos/live/4e784fcb-f13f-4c4b-922c-74ff5472d2bb_144p200kbs' (13: Permission denied), client: 127.0.0.1, server: 0.0.0.0:1935
2023/02/14 15:28:29 [error] 11#11: *205 hls: mkdir() failed on '/eliv/videos/live/4e784fcb-f13f-4c4b-922c-74ff5472d2bb_720p2628kbs' (13: Permission denied), client: 127.0.0.1, server: 0.0.0.0:1935
2023/02/14 15:28:30 [error] 11#11: *206 hls: mkdir() failed on '/eliv/videos/live/4e784fcb-f13f-4c4b-922c-74ff5472d2bb_144p200kbs' (13: Permission denied), client: 127.0.0.1, server: 0.0.0.0:1935
2023/02/14 15:28:30 [error] 11#11: *205 hls: mkdir() failed on '/eliv/videos/live/4e784fcb-f13f-4c4b-922c-74ff5472d2bb_720p2628kbs' (13: Permission denied), client: 127.0.0.1, server: 0.0.0.0:1935
2023/02/14 15:28:31 [error] 11#11: *206 hls: mkdir() failed on '/eliv/videos/live/4e784fcb-f13f-4c4b-922c-74ff5472d2bb_144p200kbs' (13: Permission denied), client: 127.0.0.1, server: 0.0.0.0:1935
2023/02/14 15:28:31 [info] 11#11: *283 SSL_do_handshake() failed (SSL: error:14094416:SSL routines:ssl3_read_bytes:sslv3 alert certificate unknown:SSL alert number 46) while SSL handshaking, client: 171.252.188.95, server: 0.0.0.0:443
2023/02/14 15:28:31 [error] 11#11: *205 hls: mkdir() failed on '/eliv/videos/live/4e784fcb-f13f-4c4b-922c-74ff5472d2bb_720p2628kbs' (13: Permission denied), client: 127.0.0.1, server: 0.0.0.0:1935
2023/02/14 15:28:32 [error] 11#11: *206 hls: mkdir() failed on '/eliv/videos/live/4e784fcb-f13f-4c4b-922c-74ff5472d2bb_144p200kbs' (13: Permission denied), client: 127.0.0.1, server: 0.0.0.0:1935
2023/02/14 15:28:32 [error] 11#11: *205 hls: mkdir() failed on '/eliv/videos/live/4e784fcb-f13f-4c4b-922c-74ff5472d2bb_720p2628kbs' (13: Permission denied), client: 127.0.0.1, server: 0.0.0.0:1935
2023/02/14 15:28:33 [error] 11#11: *205 hls: mkdir() failed on '/eliv/videos/live/4e784fcb-f13f-4c4b-922c-74ff5472d2bb_720p2628kbs' (13: Permission denied), client: 127.0.0.1, server: 0.0.0.0:1935
2023/02/14 15:28:33 [error] 11#11: *206 hls: mkdir() failed on '/eliv/videos/live/4e784fcb-f13f-4c4b-922c-74ff5472d2bb_144p200kbs' (13: Permission denied), client: 127.0.0.1, server: 0.0.0.0:1935
2023/02/14 15:28:34 [error] 11#11: *205 hls: mkdir() failed on '/eliv/videos/live/4e784fcb-f13f-4c4b-922c-74ff5472d2bb_720p2628kbs' (13: Permission denied), client: 127.0.0.1, server: 0.0.0.0:1935
2023/02/14 15:28:34 [error] 11#11: *206 hls: mkdir() failed on '/eliv/videos/live/4e784fcb-f13f-4c4b-922c-74ff5472d2bb_144p200kbs' (13: Permission denied), client: 127.0.0.1, server: 0.0.0.0:1935
2023/02/14 15:28:35 [error] 11#11: *205 hls: mkdir() failed on '/eliv/videos/live/4e784fcb-f13f-4c4b-922c-74ff5472d2bb_720p2628kbs' (13: Permission denied), client: 127.0.0.1, server: 0.0.0.0:1935
2023/02/14 15:28:36 [error] 11#11: *206 hls: mkdir() failed on '/eliv/videos/live/4e784fcb-f13f-4c4b-922c-74ff5472d2bb_144p200kbs' (13: Permission denied), client: 127.0.0.1, server: 0.0.0.0:1935
2023/02/14 15:28:36 [error] 11#11: *205 hls: mkdir() failed on '/eliv/videos/live/4e784fcb-f13f-4c4b-922c-74ff5472d2bb_720p2628kbs' (13: Permission denied), client: 127.0.0.1, server: 0.0.0.0:1935
2023/02/14 15:28:36 [info] 11#11: *284 SSL_do_handshake() failed (SSL: error:14094416:SSL routines:ssl3_read_bytes:sslv3 alert certificate unknown:SSL alert number 46) while SSL handshaking, client: 171.252.188.95, server: 0.0.0.0:443
2023/02/14 15:28:37 [error] 11#11: *206 hls: mkdir() failed on '/eliv/videos/live/4e784fcb-f13f-4c4b-922c-74ff5472d2bb_144p200kbs' (13: Permission denied), client: 127.0.0.1, server: 0.0.0.0:1935
2023/02/14 15:28:37 [error] 11#11: *205 hls: mkdir() failed on '/eliv/videos/live/4e784fcb-f13f-4c4b-922c-74ff5472d2bb_720p2628kbs' (13: Permission denied), client: 127.0.0.1, server: 0.0.0.0:1935
2023/02/14 15:28:38 [error] 11#11: *205 hls: mkdir() failed on '/eliv/videos/live/4e784fcb-f13f-4c4b-922c-74ff5472d2bb_720p2628kbs' (13: Permission denied), client: 127.0.0.1, server: 0.0.0.0:1935
2023/02/14 15:28:38 [error] 11#11: *206 hls: mkdir() failed on '/eliv/videos/live/4e784fcb-f13f-4c4b-922c-74ff5472d2bb_144p200kbs' (13: Permission denied), client: 127.0.0.1, server: 0.0.0.0:1935
2023/02/14 15:28:39 [error] 11#11: *205 hls: mkdir() failed on '/eliv/videos/live/4e784fcb-f13f-4c4b-922c-74ff5472d2bb_720p2628kbs' (13: Permission denied), client: 127.0.0.1, server: 0.0.0.0:1935
2023/02/14 15:28:39 [error] 11#11: *206 hls: mkdir() failed on '/eliv/videos/live/4e784fcb-f13f-4c4b-922c-74ff5472d2bb_144p200kbs' (13: Permission denied), client: 127.0.0.1, server: 0.0.0.0:1935
2023/02/14 15:28:40 [error] 11#11: *205 hls: mkdir() failed on '/eliv/videos/live/4e784fcb-f13f-4c4b-922c-74ff5472d2bb_720p2628kbs' (13: Permission denied), client: 127.0.0.1, server: 0.0.0.0:1935
2023/02/14 15:28:41 [error] 11#11: *206 hls: mkdir() failed on '/eliv/videos/live/4e784fcb-f13f-4c4b-922c-74ff5472d2bb_144p200kbs' (13: Permission denied), client: 127.0.0.1, server: 0.0.0.0:1935
2023/02/14 15:28:41 [error] 11#11: *205 hls: mkdir() failed on '/eliv/videos/live/4e784fcb-f13f-4c4b-922c-74ff5472d2bb_720p2628kbs' (13: Permission denied), client: 127.0.0.1, server: 0.0.0.0:1935
2023/02/14 15:28:41 [info] 11#11: *285 SSL_do_handshake() failed (SSL: error:14094416:SSL routines:ssl3_read_bytes:sslv3 alert certificate unknown:SSL alert number 46) while SSL handshaking, client: 171.252.188.95, server: 0.0.0.0:443
2023/02/14 15:28:42 [error] 11#11: *206 hls: mkdir() failed on '/eliv/videos/live/4e784fcb-f13f-4c4b-922c-74ff5472d2bb_144p200kbs' (13: Permission denied), client: 127.0.0.1, server: 0.0.0.0:1935
2023/02/14 15:28:42 [error] 11#11: *205 hls: mkdir() failed on '/eliv/videos/live/4e784fcb-f13f-4c4b-922c-74ff5472d2bb_720p2628kbs' (13: Permission denied), client: 127.0.0.1, server: 0.0.0.0:1935
2023/02/14 15:28:43 [error] 11#11: *205 hls: mkdir() failed on '/eliv/videos/live/4e784fcb-f13f-4c4b-922c-74ff5472d2bb_720p2628kbs' (13: Permission denied), client: 127.0.0.1, server: 0.0.0.0:1935
2023/02/14 15:28:43 [error] 11#11: *206 hls: mkdir() failed on '/eliv/videos/live/4e784fcb-f13f-4c4b-922c-74ff5472d2bb_144p200kbs' (13: Permission denied), client: 127.0.0.1, server: 0.0.0.0:1935
2023/02/14 15:28:44 [error] 11#11: *205 hls: mkdir() failed on '/eliv/videos/live/4e784fcb-f13f-4c4b-922c-74ff5472d2bb_720p2628kbs' (13: Permission denied), client: 127.0.0.1, server: 0.0.0.0:1935
2023/02/14 15:28:44 [error] 11#11: *206 hls: mkdir() failed on '/eliv/videos/live/4e784fcb-f13f-4c4b-922c-74ff5472d2bb_144p200kbs' (13: Permission denied), client: 127.0.0.1, server: 0.0.0.0:1935
2023/02/14 15:28:45 [error] 11#11: *205 hls: mkdir() failed on '/eliv/videos/live/4e784fcb-f13f-4c4b-922c-74ff5472d2bb_720p2628kbs' (13: Permission denied), client: 127.0.0.1, server: 0.0.0.0:1935
2023/02/14 15:28:46 [error] 11#11: *206 hls: mkdir() failed on '/eliv/videos/live/4e784fcb-f13f-4c4b-922c-74ff5472d2bb_144p200kbs' (13: Permission denied), client: 127.0.0.1, server: 0.0.0.0:1935
2023/02/14 15:28:46 [error] 11#11: *205 hls: mkdir() failed on '/eliv/videos/live/4e784fcb-f13f-4c4b-922c-74ff5472d2bb_720p2628kbs' (13: Permission denied), client: 127.0.0.1, server: 0.0.0.0:1935
2023/02/14 15:28:46 [info] 11#11: *286 SSL_do_handshake() failed (SSL: error:14094416:SSL routines:ssl3_read_bytes:sslv3 alert certificate unknown:SSL alert number 46) while SSL handshaking, client: 171.252.188.95, server: 0.0.0.0:443
2023/02/14 15:28:47 [error] 11#11: *206 hls: mkdir() failed on '/eliv/videos/live/4e784fcb-f13f-4c4b-922c-74ff5472d2bb_144p200kbs' (13: Permission denied), client: 127.0.0.1, server: 0.0.0.0:1935
2023/02/14 15:28:47 [error] 11#11: *205 hls: mkdir() failed on '/eliv/videos/live/4e784fcb-f13f-4c4b-922c-74ff5472d2bb_720p2628kbs' (13: Permission denied), client: 127.0.0.1, server: 0.0.0.0:1935
2023/02/14 15:28:48 [error] 11#11: *205 hls: mkdir() failed on '/eliv/videos/live/4e784fcb-f13f-4c4b-922c-74ff5472d2bb_720p2628kbs' (13: Permission denied), client: 127.0.0.1, server: 0.0.0.0:1935
2023/02/14 15:28:48 [error] 11#11: *206 hls: mkdir() failed on '/eliv/videos/live/4e784fcb-f13f-4c4b-922c-74ff5472d2bb_144p200kbs' (13: Permission denied), client: 127.0.0.1, server: 0.0.0.0:1935
2023/02/14 15:28:49 [error] 11#11: *205 hls: mkdir() failed on '/eliv/videos/live/4e784fcb-f13f-4c4b-922c-74ff5472d2bb_720p2628kbs' (13: Permission denied), client: 127.0.0.1, server: 0.0.0.0:1935
2023/02/14 15:28:50 [error] 11#11: *206 hls: mkdir() failed on '/eliv/videos/live/4e784fcb-f13f-4c4b-922c-74ff5472d2bb_144p200kbs' (13: Permission denied), client: 127.0.0.1, server: 0.0.0.0:1935
2023/02/14 15:28:50 [error] 11#11: *205 hls: mkdir() failed on '/eliv/videos/live/4e784fcb-f13f-4c4b-922c-74ff5472d2bb_720p2628kbs' (13: Permission denied), client: 127.0.0.1, server: 0.0.0.0:1935
2023/02/14 15:28:51 [error] 11#11: *206 hls: mkdir() failed on '/eliv/videos/live/4e784fcb-f13f-4c4b-922c-74ff5472d2bb_144p200kbs' (13: Permission denied), client: 127.0.0.1, server: 0.0.0.0:1935
2023/02/14 15:28:51 [error] 11#11: *205 hls: mkdir() failed on '/eliv/videos/live/4e784fcb-f13f-4c4b-922c-74ff5472d2bb_720p2628kbs' (13: Permission denied), client: 127.0.0.1, server: 0.0.0.0:1935
2023/02/14 15:28:52 [info] 11#11: *287 SSL_do_handshake() failed (SSL: error:14094416:SSL routines:ssl3_read_bytes:sslv3 alert certificate unknown:SSL alert number 46) while SSL handshaking, client: 171.252.188.95, server: 0.0.0.0:443
2023/02/14 15:28:52 [error] 11#11: *206 hls: mkdir() failed on '/eliv/videos/live/4e784fcb-f13f-4c4b-922c-74ff5472d2bb_144p200kbs' (13: Permission denied), client: 127.0.0.1, server: 0.0.0.0:1935
2023/02/14 15:28:52 [error] 11#11: *205 hls: mkdir() failed on '/eliv/videos/live/4e784fcb-f13f-4c4b-922c-74ff5472d2bb_720p2628kbs' (13: Permission denied), client: 127.0.0.1, server: 0.0.0.0:1935
2023/02/14 15:28:53 [error] 11#11: *205 hls: mkdir() failed on '/eliv/videos/live/4e784fcb-f13f-4c4b-922c-74ff5472d2bb_720p2628kbs' (13: Permission denied), client: 127.0.0.1, server: 0.0.0.0:1935
2023/02/14 15:28:53 [error] 11#11: *206 hls: mkdir() failed on '/eliv/videos/live/4e784fcb-f13f-4c4b-922c-74ff5472d2bb_144p200kbs' (13: Permission denied), client: 127.0.0.1, server: 0.0.0.0:1935
2023/02/14 15:28:54 [error] 11#11: *205 hls: mkdir() failed on '/eliv/videos/live/4e784fcb-f13f-4c4b-922c-74ff5472d2bb_720p2628kbs' (13: Permission denied), client: 127.0.0.1, server: 0.0.0.0:1935
2023/02/14 15:28:54 [error] 11#11: *206 hls: mkdir() failed on '/eliv/videos/live/4e784fcb-f13f-4c4b-922c-74ff5472d2bb_144p200kbs' (13: Permission denied), client: 127.0.0.1, server: 0.0.0.0:1935
2023/02/14 15:28:55 [error] 11#11: *205 hls: mkdir() failed on '/eliv/videos/live/4e784fcb-f13f-4c4b-922c-74ff5472d2bb_720p2628kbs' (13: Permission denied), client: 127.0.0.1, server: 0.0.0.0:1935
2023/02/14 15:28:56 [error] 11#11: *206 hls: mkdir() failed on '/eliv/videos/live/4e784fcb-f13f-4c4b-922c-74ff5472d2bb_144p200kbs' (13: Permission denied), client: 127.0.0.1, server: 0.0.0.0:1935
2023/02/14 15:28:56 [error] 11#11: *205 hls: mkdir() failed on '/eliv/videos/live/4e784fcb-f13f-4c4b-922c-74ff5472d2bb_720p2628kbs' (13: Permission denied), client: 127.0.0.1, server: 0.0.0.0:1935
2023/02/14 15:28:57 [info] 11#11: *290 SSL_do_handshake() failed (SSL: error:14094416:SSL routines:ssl3_read_bytes:sslv3 alert certificate unknown:SSL alert number 46) while SSL handshaking, client: 171.252.188.95, server: 0.0.0.0:443
2023/02/14 15:28:57 [error] 11#11: *206 hls: mkdir() failed on '/eliv/videos/live/4e784fcb-f13f-4c4b-922c-74ff5472d2bb_144p200kbs' (13: Permission denied), client: 127.0.0.1, server: 0.0.0.0:1935
2023/02/14 15:28:57 [error] 11#11: *205 hls: mkdir() failed on '/eliv/videos/live/4e784fcb-f13f-4c4b-922c-74ff5472d2bb_720p2628kbs' (13: Permission denied), client: 127.0.0.1, server: 0.0.0.0:1935
2023/02/14 15:28:58 [error] 11#11: *205 hls: mkdir() failed on '/eliv/videos/live/4e784fcb-f13f-4c4b-922c-74ff5472d2bb_720p2628kbs' (13: Permission denied), client: 127.0.0.1, server: 0.0.0.0:1935
2023/02/14 15:28:58 [error] 11#11: *206 hls: mkdir() failed on '/eliv/videos/live/4e784fcb-f13f-4c4b-922c-74ff5472d2bb_144p200kbs' (13: Permission denied), client: 127.0.0.1, server: 0.0.0.0:1935
2023/02/14 15:28:59 [error] 11#11: *205 hls: mkdir() failed on '/eliv/videos/live/4e784fcb-f13f-4c4b-922c-74ff5472d2bb_720p2628kbs' (13: Permission denied), client: 127.0.0.1, server: 0.0.0.0:1935
2023/02/14 15:28:59 [error] 11#11: *206 hls: mkdir() failed on '/eliv/videos/live/4e784fcb-f13f-4c4b-922c-74ff5472d2bb_144p200kbs' (13: Permission denied), client: 127.0.0.1, server: 0.0.0.0:1935
2023/02/14 15:29:00 [error] 11#11: *205 hls: mkdir() failed on '/eliv/videos/live/4e784fcb-f13f-4c4b-922c-74ff5472d2bb_720p2628kbs' (13: Permission denied), client: 127.0.0.1, server: 0.0.0.0:1935
2023/02/14 15:29:01 [error] 11#11: *206 hls: mkdir() failed on '/eliv/videos/live/4e784fcb-f13f-4c4b-922c-74ff5472d2bb_144p200kbs' (13: Permission denied), client: 127.0.0.1, server: 0.0.0.0:1935
2023/02/14 15:29:01 [error] 11#11: *205 hls: mkdir() failed on '/eliv/videos/live/4e784fcb-f13f-4c4b-922c-74ff5472d2bb_720p2628kbs' (13: Permission denied), client: 127.0.0.1, server: 0.0.0.0:1935
2023/02/14 15:29:02 [error] 11#11: *206 hls: mkdir() failed on '/eliv/videos/live/4e784fcb-f13f-4c4b-922c-74ff5472d2bb_144p200kbs' (13: Permission denied), client: 127.0.0.1, server: 0.0.0.0:1935
2023/02/14 15:29:02 [error] 11#11: *205 hls: mkdir() failed on '/eliv/videos/live/4e784fcb-f13f-4c4b-922c-74ff5472d2bb_720p2628kbs' (13: Permission denied), client: 127.0.0.1, server: 0.0.0.0:1935
2023/02/14 15:29:02 [info] 11#11: *292 SSL_do_handshake() failed (SSL: error:14094416:SSL routines:ssl3_read_bytes:sslv3 alert certificate unknown:SSL alert number 46) while SSL handshaking, client: 171.252.188.95, server: 0.0.0.0:443
2023/02/14 15:29:03 [error] 11#11: *205 hls: mkdir() failed on '/eliv/videos/live/4e784fcb-f13f-4c4b-922c-74ff5472d2bb_720p2628kbs' (13: Permission denied), client: 127.0.0.1, server: 0.0.0.0:1935
2023/02/14 15:29:03 [error] 11#11: *206 hls: mkdir() failed on '/eliv/videos/live/4e784fcb-f13f-4c4b-922c-74ff5472d2bb_144p200kbs' (13: Permission denied), client: 127.0.0.1, server: 0.0.0.0:1935
2023/02/14 15:29:04 [error] 11#11: *205 hls: mkdir() failed on '/eliv/videos/live/4e784fcb-f13f-4c4b-922c-74ff5472d2bb_720p2628kbs' (13: Permission denied), client: 127.0.0.1, server: 0.0.0.0:1935
2023/02/14 15:29:04 [error] 11#11: *206 hls: mkdir() failed on '/eliv/videos/live/4e784fcb-f13f-4c4b-922c-74ff5472d2bb_144p200kbs' (13: Permission denied), client: 127.0.0.1, server: 0.0.0.0:1935
2023/02/14 15:29:05 [error] 11#11: *205 hls: mkdir() failed on '/eliv/videos/live/4e784fcb-f13f-4c4b-922c-74ff5472d2bb_720p2628kbs' (13: Permission denied), client: 127.0.0.1, server: 0.0.0.0:1935
2023/02/14 15:29:06 [error] 11#11: *206 hls: mkdir() failed on '/eliv/videos/live/4e784fcb-f13f-4c4b-922c-74ff5472d2bb_144p200kbs' (13: Permission denied), client: 127.0.0.1, server: 0.0.0.0:1935
2023/02/14 15:29:06 [error] 11#11: *205 hls: mkdir() failed on '/eliv/videos/live/4e784fcb-f13f-4c4b-922c-74ff5472d2bb_720p2628kbs' (13: Permission denied), client: 127.0.0.1, server: 0.0.0.0:1935
2023/02/14 15:29:07 [error] 11#11: *206 hls: mkdir() failed on '/eliv/videos/live/4e784fcb-f13f-4c4b-922c-74ff5472d2bb_144p200kbs' (13: Permission denied), client: 127.0.0.1, server: 0.0.0.0:1935
2023/02/14 15:29:07 [error] 11#11: *205 hls: mkdir() failed on '/eliv/videos/live/4e784fcb-f13f-4c4b-922c-74ff5472d2bb_720p2628kbs' (13: Permission denied), client: 127.0.0.1, server: 0.0.0.0:1935
2023/02/14 15:29:07 [info] 11#11: *293 SSL_do_handshake() failed (SSL: error:14094416:SSL routines:ssl3_read_bytes:sslv3 alert certificate unknown:SSL alert number 46) while SSL handshaking, client: 171.252.188.95, server: 0.0.0.0:443
2023/02/14 15:29:08 [error] 11#11: *205 hls: mkdir() failed on '/eliv/videos/live/4e784fcb-f13f-4c4b-922c-74ff5472d2bb_720p2628kbs' (13: Permission denied), client: 127.0.0.1, server: 0.0.0.0:1935
2023/02/14 15:29:08 [error] 11#11: *206 hls: mkdir() failed on '/eliv/videos/live/4e784fcb-f13f-4c4b-922c-74ff5472d2bb_144p200kbs' (13: Permission denied), client: 127.0.0.1, server: 0.0.0.0:1935
2023/02/14 15:29:09 [error] 11#11: *205 hls: mkdir() failed on '/eliv/videos/live/4e784fcb-f13f-4c4b-922c-74ff5472d2bb_720p2628kbs' (13: Permission denied), client: 127.0.0.1, server: 0.0.0.0:1935
2023/02/14 15:29:09 [error] 11#11: *206 hls: mkdir() failed on '/eliv/videos/live/4e784fcb-f13f-4c4b-922c-74ff5472d2bb_144p200kbs' (13: Permission denied), client: 127.0.0.1, server: 0.0.0.0:1935
2023/02/14 15:29:10 [error] 11#11: *205 hls: mkdir() failed on '/eliv/videos/live/4e784fcb-f13f-4c4b-922c-74ff5472d2bb_720p2628kbs' (13: Permission denied), client: 127.0.0.1, server: 0.0.0.0:1935
2023/02/14 15:29:11 [error] 11#11: *206 hls: mkdir() failed on '/eliv/videos/live/4e784fcb-f13f-4c4b-922c-74ff5472d2bb_144p200kbs' (13: Permission denied), client: 127.0.0.1, server: 0.0.0.0:1935
2023/02/14 15:29:11 [error] 11#11: *205 hls: mkdir() failed on '/eliv/videos/live/4e784fcb-f13f-4c4b-922c-74ff5472d2bb_720p2628kbs' (13: Permission denied), client: 127.0.0.1, server: 0.0.0.0:1935
2023/02/14 15:29:11 [error] 11#11: *206 hls: mkdir() failed on '/eliv/videos/live/4e784fcb-f13f-4c4b-922c-74ff5472d2bb_144p200kbs' (13: Permission denied), client: 127.0.0.1, server: 0.0.0.0:1935
2023/02/14 15:29:12 [error] 11#11: *205 hls: mkdir() failed on '/eliv/videos/live/4e784fcb-f13f-4c4b-922c-74ff5472d2bb_720p2628kbs' (13: Permission denied), client: 127.0.0.1, server: 0.0.0.0:1935
2023/02/14 15:29:13 [error] 11#11: *206 hls: mkdir() failed on '/eliv/videos/live/4e784fcb-f13f-4c4b-922c-74ff5472d2bb_144p200kbs' (13: Permission denied), client: 127.0.0.1, server: 0.0.0.0:1935
2023/02/14 15:29:13 [error] 11#11: *205 hls: mkdir() failed on '/eliv/videos/live/4e784fcb-f13f-4c4b-922c-74ff5472d2bb_720p2628kbs' (13: Permission denied), client: 127.0.0.1, server: 0.0.0.0:1935
2023/02/14 15:29:14 [info] 11#11: *294 SSL_do_handshake() failed (SSL: error:14094416:SSL routines:ssl3_read_bytes:sslv3 alert certificate unknown:SSL alert number 46) while SSL handshaking, client: 171.252.188.95, server: 0.0.0.0:443
2023/02/14 15:29:14 [error] 11#11: *206 hls: mkdir() failed on '/eliv/videos/live/4e784fcb-f13f-4c4b-922c-74ff5472d2bb_144p200kbs' (13: Permission denied), client: 127.0.0.1, server: 0.0.0.0:1935
2023/02/14 15:29:14 [error] 11#11: *205 hls: mkdir() failed on '/eliv/videos/live/4e784fcb-f13f-4c4b-922c-74ff5472d2bb_720p2628kbs' (13: Permission denied), client: 127.0.0.1, server: 0.0.0.0:1935
2023/02/14 15:29:14 [error] 11#11: *206 hls: mkdir() failed on '/eliv/videos/live/4e784fcb-f13f-4c4b-922c-74ff5472d2bb_144p200kbs' (13: Permission denied), client: 127.0.0.1, server: 0.0.0.0:1935
2023/02/14 15:29:15 [error] 11#11: *205 hls: mkdir() failed on '/eliv/videos/live/4e784fcb-f13f-4c4b-922c-74ff5472d2bb_720p2628kbs' (13: Permission denied), client: 127.0.0.1, server: 0.0.0.0:1935
2023/02/14 15:29:16 [error] 11#11: *206 hls: mkdir() failed on '/eliv/videos/live/4e784fcb-f13f-4c4b-922c-74ff5472d2bb_144p200kbs' (13: Permission denied), client: 127.0.0.1, server: 0.0.0.0:1935
2023/02/14 15:29:16 [error] 11#11: *205 hls: mkdir() failed on '/eliv/videos/live/4e784fcb-f13f-4c4b-922c-74ff5472d2bb_720p2628kbs' (13: Permission denied), client: 127.0.0.1, server: 0.0.0.0:1935
2023/02/14 15:29:17 [error] 11#11: *205 hls: mkdir() failed on '/eliv/videos/live/4e784fcb-f13f-4c4b-922c-74ff5472d2bb_720p2628kbs' (13: Permission denied), client: 127.0.0.1, server: 0.0.0.0:1935
2023/02/14 15:29:17 [error] 11#11: *206 hls: mkdir() failed on '/eliv/videos/live/4e784fcb-f13f-4c4b-922c-74ff5472d2bb_144p200kbs' (13: Permission denied), client: 127.0.0.1, server: 0.0.0.0:1935
2023/02/14 15:29:18 [error] 11#11: *205 hls: mkdir() failed on '/eliv/videos/live/4e784fcb-f13f-4c4b-922c-74ff5472d2bb_720p2628kbs' (13: Permission denied), client: 127.0.0.1, server: 0.0.0.0:1935
2023/02/14 15:29:18 [error] 11#11: *206 hls: mkdir() failed on '/eliv/videos/live/4e784fcb-f13f-4c4b-922c-74ff5472d2bb_144p200kbs' (13: Permission denied), client: 127.0.0.1, server: 0.0.0.0:1935
2023/02/14 15:29:19 [error] 11#11: *205 hls: mkdir() failed on '/eliv/videos/live/4e784fcb-f13f-4c4b-922c-74ff5472d2bb_720p2628kbs' (13: Permission denied), client: 127.0.0.1, server: 0.0.0.0:1935
2023/02/14 15:29:19 [info] 11#11: *295 SSL_do_handshake() failed (SSL: error:14094416:SSL routines:ssl3_read_bytes:sslv3 alert certificate unknown:SSL alert number 46) while SSL handshaking, client: 171.252.188.95, server: 0.0.0.0:443
2023/02/14 15:29:19 [error] 11#11: *206 hls: mkdir() failed on '/eliv/videos/live/4e784fcb-f13f-4c4b-922c-74ff5472d2bb_144p200kbs' (13: Permission denied), client: 127.0.0.1, server: 0.0.0.0:1935
2023/02/14 15:29:20 [error] 11#11: *205 hls: mkdir() failed on '/eliv/videos/live/4e784fcb-f13f-4c4b-922c-74ff5472d2bb_720p2628kbs' (13: Permission denied), client: 127.0.0.1, server: 0.0.0.0:1935
2023/02/14 15:29:21 [error] 11#11: *206 hls: mkdir() failed on '/eliv/videos/live/4e784fcb-f13f-4c4b-922c-74ff5472d2bb_144p200kbs' (13: Permission denied), client: 127.0.0.1, server: 0.0.0.0:1935
2023/02/14 15:29:21 [error] 11#11: *205 hls: mkdir() failed on '/eliv/videos/live/4e784fcb-f13f-4c4b-922c-74ff5472d2bb_720p2628kbs' (13: Permission denied), client: 127.0.0.1, server: 0.0.0.0:1935
2023/02/14 15:29:22 [error] 11#11: *206 hls: mkdir() failed on '/eliv/videos/live/4e784fcb-f13f-4c4b-922c-74ff5472d2bb_144p200kbs' (13: Permission denied), client: 127.0.0.1, server: 0.0.0.0:1935
2023/02/14 15:29:22 [error] 11#11: *205 hls: mkdir() failed on '/eliv/videos/live/4e784fcb-f13f-4c4b-922c-74ff5472d2bb_720p2628kbs' (13: Permission denied), client: 127.0.0.1, server: 0.0.0.0:1935
2023/02/14 15:29:23 [error] 11#11: *205 hls: mkdir() failed on '/eliv/videos/live/4e784fcb-f13f-4c4b-922c-74ff5472d2bb_720p2628kbs' (13: Permission denied), client: 127.0.0.1, server: 0.0.0.0:1935
2023/02/14 15:29:23 [error] 11#11: *206 hls: mkdir() failed on '/eliv/videos/live/4e784fcb-f13f-4c4b-922c-74ff5472d2bb_144p200kbs' (13: Permission denied), client: 127.0.0.1, server: 0.0.0.0:1935
2023/02/14 15:29:24 [error] 11#11: *205 hls: mkdir() failed on '/eliv/videos/live/4e784fcb-f13f-4c4b-922c-74ff5472d2bb_720p2628kbs' (13: Permission denied), client: 127.0.0.1, server: 0.0.0.0:1935
2023/02/14 15:29:24 [error] 11#11: *206 hls: mkdir() failed on '/eliv/videos/live/4e784fcb-f13f-4c4b-922c-74ff5472d2bb_144p200kbs' (13: Permission denied), client: 127.0.0.1, server: 0.0.0.0:1935
2023/02/14 15:29:25 [info] 11#11: *296 SSL_do_handshake() failed (SSL: error:14094416:SSL routines:ssl3_read_bytes:sslv3 alert certificate unknown:SSL alert number 46) while SSL handshaking, client: 171.252.188.95, server: 0.0.0.0:443
2023/02/14 15:29:25 [error] 11#11: *206 hls: mkdir() failed on '/eliv/videos/live/4e784fcb-f13f-4c4b-922c-74ff5472d2bb_144p200kbs' (13: Permission denied), client: 127.0.0.1, server: 0.0.0.0:1935
2023/02/14 15:29:25 [error] 11#11: *205 hls: mkdir() failed on '/eliv/videos/live/4e784fcb-f13f-4c4b-922c-74ff5472d2bb_720p2628kbs' (13: Permission denied), client: 127.0.0.1, server: 0.0.0.0:1935
2023/02/14 15:29:26 [error] 11#11: *205 hls: mkdir() failed on '/eliv/videos/live/4e784fcb-f13f-4c4b-922c-74ff5472d2bb_720p2628kbs' (13: Permission denied), client: 127.0.0.1, server: 0.0.0.0:1935
2023/02/14 15:29:26 [error] 11#11: *206 hls: mkdir() failed on '/eliv/videos/live/4e784fcb-f13f-4c4b-922c-74ff5472d2bb_144p200kbs' (13: Permission denied), client: 127.0.0.1, server: 0.0.0.0:1935
2023/02/14 15:29:27 [error] 11#11: *205 hls: mkdir() failed on '/eliv/videos/live/4e784fcb-f13f-4c4b-922c-74ff5472d2bb_720p2628kbs' (13: Permission denied), client: 127.0.0.1, server: 0.0.0.0:1935
2023/02/14 15:29:27 [error] 11#11: *206 hls: mkdir() failed on '/eliv/videos/live/4e784fcb-f13f-4c4b-922c-74ff5472d2bb_144p200kbs' (13: Permission denied), client: 127.0.0.1, server: 0.0.0.0:1935
2023/02/14 15:29:28 [error] 11#11: *205 hls: mkdir() failed on '/eliv/videos/live/4e784fcb-f13f-4c4b-922c-74ff5472d2bb_720p2628kbs' (13: Permission denied), client: 127.0.0.1, server: 0.0.0.0:1935
2023/02/14 15:29:29 [error] 11#11: *206 hls: mkdir() failed on '/eliv/videos/live/4e784fcb-f13f-4c4b-922c-74ff5472d2bb_144p200kbs' (13: Permission denied), client: 127.0.0.1, server: 0.0.0.0:1935
2023/02/14 15:29:29 [error] 11#11: *205 hls: mkdir() failed on '/eliv/videos/live/4e784fcb-f13f-4c4b-922c-74ff5472d2bb_720p2628kbs' (13: Permission denied), client: 127.0.0.1, server: 0.0.0.0:1935
2023/02/14 15:29:30 [error] 11#11: *206 hls: mkdir() failed on '/eliv/videos/live/4e784fcb-f13f-4c4b-922c-74ff5472d2bb_144p200kbs' (13: Permission denied), client: 127.0.0.1, server: 0.0.0.0:1935
2023/02/14 15:29:30 [info] 11#11: *300 SSL_do_handshake() failed (SSL: error:14094416:SSL routines:ssl3_read_bytes:sslv3 alert certificate unknown:SSL alert number 46) while SSL handshaking, client: 171.252.188.95, server: 0.0.0.0:443
2023/02/14 15:29:30 [error] 11#11: *205 hls: mkdir() failed on '/eliv/videos/live/4e784fcb-f13f-4c4b-922c-74ff5472d2bb_720p2628kbs' (13: Permission denied), client: 127.0.0.1, server: 0.0.0.0:1935
2023/02/14 15:29:31 [error] 11#11: *205 hls: mkdir() failed on '/eliv/videos/live/4e784fcb-f13f-4c4b-922c-74ff5472d2bb_720p2628kbs' (13: Permission denied), client: 127.0.0.1, server: 0.0.0.0:1935
2023/02/14 15:29:31 [error] 11#11: *206 hls: mkdir() failed on '/eliv/videos/live/4e784fcb-f13f-4c4b-922c-74ff5472d2bb_144p200kbs' (13: Permission denied), client: 127.0.0.1, server: 0.0.0.0:1935
2023/02/14 15:29:32 [error] 11#11: *205 hls: mkdir() failed on '/eliv/videos/live/4e784fcb-f13f-4c4b-922c-74ff5472d2bb_720p2628kbs' (13: Permission denied), client: 127.0.0.1, server: 0.0.0.0:1935
2023/02/14 15:29:32 [error] 11#11: *206 hls: mkdir() failed on '/eliv/videos/live/4e784fcb-f13f-4c4b-922c-74ff5472d2bb_144p200kbs' (13: Permission denied), client: 127.0.0.1, server: 0.0.0.0:1935
2023/02/14 15:29:33 [error] 11#11: *205 hls: mkdir() failed on '/eliv/videos/live/4e784fcb-f13f-4c4b-922c-74ff5472d2bb_720p2628kbs' (13: Permission denied), client: 127.0.0.1, server: 0.0.0.0:1935
2023/02/14 15:29:34 [error] 11#11: *206 hls: mkdir() failed on '/eliv/videos/live/4e784fcb-f13f-4c4b-922c-74ff5472d2bb_144p200kbs' (13: Permission denied), client: 127.0.0.1, server: 0.0.0.0:1935
2023/02/14 15:29:34 [error] 11#11: *205 hls: mkdir() failed on '/eliv/videos/live/4e784fcb-f13f-4c4b-922c-74ff5472d2bb_720p2628kbs' (13: Permission denied), client: 127.0.0.1, server: 0.0.0.0:1935
2023/02/14 15:29:35 [error] 11#11: *206 hls: mkdir() failed on '/eliv/videos/live/4e784fcb-f13f-4c4b-922c-74ff5472d2bb_144p200kbs' (13: Permission denied), client: 127.0.0.1, server: 0.0.0.0:1935
2023/02/14 15:29:35 [error] 11#11: *205 hls: mkdir() failed on '/eliv/videos/live/4e784fcb-f13f-4c4b-922c-74ff5472d2bb_720p2628kbs' (13: Permission denied), client: 127.0.0.1, server: 0.0.0.0:1935
2023/02/14 15:29:35 [info] 11#11: *301 SSL_do_handshake() failed (SSL: error:14094416:SSL routines:ssl3_read_bytes:sslv3 alert certificate unknown:SSL alert number 46) while SSL handshaking, client: 171.252.188.95, server: 0.0.0.0:443
2023/02/14 15:29:36 [error] 11#11: *205 hls: mkdir() failed on '/eliv/videos/live/4e784fcb-f13f-4c4b-922c-74ff5472d2bb_720p2628kbs' (13: Permission denied), client: 127.0.0.1, server: 0.0.0.0:1935
2023/02/14 15:29:36 [error] 11#11: *206 hls: mkdir() failed on '/eliv/videos/live/4e784fcb-f13f-4c4b-922c-74ff5472d2bb_144p200kbs' (13: Permission denied), client: 127.0.0.1, server: 0.0.0.0:1935
2023/02/14 15:29:37 [error] 11#11: *205 hls: mkdir() failed on '/eliv/videos/live/4e784fcb-f13f-4c4b-922c-74ff5472d2bb_720p2628kbs' (13: Permission denied), client: 127.0.0.1, server: 0.0.0.0:1935
2023/02/14 15:29:38 [error] 11#11: *206 hls: mkdir() failed on '/eliv/videos/live/4e784fcb-f13f-4c4b-922c-74ff5472d2bb_144p200kbs' (13: Permission denied), client: 127.0.0.1, server: 0.0.0.0:1935
2023/02/14 15:29:38 [error] 11#11: *205 hls: mkdir() failed on '/eliv/videos/live/4e784fcb-f13f-4c4b-922c-74ff5472d2bb_720p2628kbs' (13: Permission denied), client: 127.0.0.1, server: 0.0.0.0:1935
2023/02/14 15:29:39 [error] 11#11: *206 hls: mkdir() failed on '/eliv/videos/live/4e784fcb-f13f-4c4b-922c-74ff5472d2bb_144p200kbs' (13: Permission denied), client: 127.0.0.1, server: 0.0.0.0:1935
2023/02/14 15:29:39 [error] 11#11: *205 hls: mkdir() failed on '/eliv/videos/live/4e784fcb-f13f-4c4b-922c-74ff5472d2bb_720p2628kbs' (13: Permission denied), client: 127.0.0.1, server: 0.0.0.0:1935
2023/02/14 15:29:40 [error] 11#11: *206 hls: mkdir() failed on '/eliv/videos/live/4e784fcb-f13f-4c4b-922c-74ff5472d2bb_144p200kbs' (13: Permission denied), client: 127.0.0.1, server: 0.0.0.0:1935
2023/02/14 15:29:40 [error] 11#11: *205 hls: mkdir() failed on '/eliv/videos/live/4e784fcb-f13f-4c4b-922c-74ff5472d2bb_720p2628kbs' (13: Permission denied), client: 127.0.0.1, server: 0.0.0.0:1935
2023/02/14 15:29:40 [info] 11#11: *302 SSL_do_handshake() failed (SSL: error:14094416:SSL routines:ssl3_read_bytes:sslv3 alert certificate unknown:SSL alert number 46) while SSL handshaking, client: 171.252.188.95, server: 0.0.0.0:443
2023/02/14 15:29:41 [error] 11#11: *205 hls: mkdir() failed on '/eliv/videos/live/4e784fcb-f13f-4c4b-922c-74ff5472d2bb_720p2628kbs' (13: Permission denied), client: 127.0.0.1, server: 0.0.0.0:1935
2023/02/14 15:29:41 [error] 11#11: *206 hls: mkdir() failed on '/eliv/videos/live/4e784fcb-f13f-4c4b-922c-74ff5472d2bb_144p200kbs' (13: Permission denied), client: 127.0.0.1, server: 0.0.0.0:1935
2023/02/14 15:29:41 [error] 11#11: *206 hls: mkdir() failed on '/eliv/videos/live/4e784fcb-f13f-4c4b-922c-74ff5472d2bb_144p200kbs' (13: Permission denied), client: 127.0.0.1, server: 0.0.0.0:1935
2023/02/14 15:29:42 [error] 11#11: *206 hls: mkdir() failed on '/eliv/videos/live/4e784fcb-f13f-4c4b-922c-74ff5472d2bb_144p200kbs' (13: Permission denied), client: 127.0.0.1, server: 0.0.0.0:1935
2023/02/14 15:29:42 [error] 11#11: *205 hls: mkdir() failed on '/eliv/videos/live/4e784fcb-f13f-4c4b-922c-74ff5472d2bb_720p2628kbs' (13: Permission denied), client: 127.0.0.1, server: 0.0.0.0:1935
2023/02/14 15:29:43 [error] 11#11: *206 hls: mkdir() failed on '/eliv/videos/live/4e784fcb-f13f-4c4b-922c-74ff5472d2bb_144p200kbs' (13: Permission denied), client: 127.0.0.1, server: 0.0.0.0:1935
2023/02/14 15:29:43 [error] 11#11: *205 hls: mkdir() failed on '/eliv/videos/live/4e784fcb-f13f-4c4b-922c-74ff5472d2bb_720p2628kbs' (13: Permission denied), client: 127.0.0.1, server: 0.0.0.0:1935
2023/02/14 15:29:44 [error] 11#11: *205 hls: mkdir() failed on '/eliv/videos/live/4e784fcb-f13f-4c4b-922c-74ff5472d2bb_720p2628kbs' (13: Permission denied), client: 127.0.0.1, server: 0.0.0.0:1935
2023/02/14 15:29:44 [error] 11#11: *206 hls: mkdir() failed on '/eliv/videos/live/4e784fcb-f13f-4c4b-922c-74ff5472d2bb_144p200kbs' (13: Permission denied), client: 127.0.0.1, server: 0.0.0.0:1935
2023/02/14 15:29:45 [error] 11#11: *205 hls: mkdir() failed on '/eliv/videos/live/4e784fcb-f13f-4c4b-922c-74ff5472d2bb_720p2628kbs' (13: Permission denied), client: 127.0.0.1, server: 0.0.0.0:1935
2023/02/14 15:29:45 [error] 11#11: *206 hls: mkdir() failed on '/eliv/videos/live/4e784fcb-f13f-4c4b-922c-74ff5472d2bb_144p200kbs' (13: Permission denied), client: 127.0.0.1, server: 0.0.0.0:1935
2023/02/14 15:29:46 [error] 11#11: *205 hls: mkdir() failed on '/eliv/videos/live/4e784fcb-f13f-4c4b-922c-74ff5472d2bb_720p2628kbs' (13: Permission denied), client: 127.0.0.1, server: 0.0.0.0:1935
2023/02/14 15:29:46 [error] 11#11: *206 hls: mkdir() failed on '/eliv/videos/live/4e784fcb-f13f-4c4b-922c-74ff5472d2bb_144p200kbs' (13: Permission denied), client: 127.0.0.1, server: 0.0.0.0:1935
2023/02/14 15:29:47 [info] 11#11: *303 SSL_do_handshake() failed (SSL: error:14094416:SSL routines:ssl3_read_bytes:sslv3 alert certificate unknown:SSL alert number 46) while SSL handshaking, client: 171.252.188.95, server: 0.0.0.0:443
2023/02/14 15:29:47 [error] 11#11: *205 hls: mkdir() failed on '/eliv/videos/live/4e784fcb-f13f-4c4b-922c-74ff5472d2bb_720p2628kbs' (13: Permission denied), client: 127.0.0.1, server: 0.0.0.0:1935
2023/02/14 15:29:48 [error] 11#11: *206 hls: mkdir() failed on '/eliv/videos/live/4e784fcb-f13f-4c4b-922c-74ff5472d2bb_144p200kbs' (13: Permission denied), client: 127.0.0.1, server: 0.0.0.0:1935
2023/02/14 15:29:48 [error] 11#11: *205 hls: mkdir() failed on '/eliv/videos/live/4e784fcb-f13f-4c4b-922c-74ff5472d2bb_720p2628kbs' (13: Permission denied), client: 127.0.0.1, server: 0.0.0.0:1935
2023/02/14 15:29:49 [error] 11#11: *206 hls: mkdir() failed on '/eliv/videos/live/4e784fcb-f13f-4c4b-922c-74ff5472d2bb_144p200kbs' (13: Permission denied), client: 127.0.0.1, server: 0.0.0.0:1935
2023/02/14 15:29:49 [error] 11#11: *205 hls: mkdir() failed on '/eliv/videos/live/4e784fcb-f13f-4c4b-922c-74ff5472d2bb_720p2628kbs' (13: Permission denied), client: 127.0.0.1, server: 0.0.0.0:1935
2023/02/14 15:29:50 [error] 11#11: *205 hls: mkdir() failed on '/eliv/videos/live/4e784fcb-f13f-4c4b-922c-74ff5472d2bb_720p2628kbs' (13: Permission denied), client: 127.0.0.1, server: 0.0.0.0:1935
2023/02/14 15:29:50 [error] 11#11: *206 hls: mkdir() failed on '/eliv/videos/live/4e784fcb-f13f-4c4b-922c-74ff5472d2bb_144p200kbs' (13: Permission denied), client: 127.0.0.1, server: 0.0.0.0:1935
2023/02/14 15:29:51 [error] 11#11: *205 hls: mkdir() failed on '/eliv/videos/live/4e784fcb-f13f-4c4b-922c-74ff5472d2bb_720p2628kbs' (13: Permission denied), client: 127.0.0.1, server: 0.0.0.0:1935
2023/02/14 15:29:51 [error] 11#11: *206 hls: mkdir() failed on '/eliv/videos/live/4e784fcb-f13f-4c4b-922c-74ff5472d2bb_144p200kbs' (13: Permission denied), client: 127.0.0.1, server: 0.0.0.0:1935
2023/02/14 15:29:52 [error] 11#11: *206 hls: mkdir() failed on '/eliv/videos/live/4e784fcb-f13f-4c4b-922c-74ff5472d2bb_144p200kbs' (13: Permission denied), client: 127.0.0.1, server: 0.0.0.0:1935
2023/02/14 15:29:52 [error] 11#11: *205 hls: mkdir() failed on '/eliv/videos/live/4e784fcb-f13f-4c4b-922c-74ff5472d2bb_720p2628kbs' (13: Permission denied), client: 127.0.0.1, server: 0.0.0.0:1935
2023/02/14 15:29:52 [info] 11#11: *304 SSL_do_handshake() failed (SSL: error:14094416:SSL routines:ssl3_read_bytes:sslv3 alert certificate unknown:SSL alert number 46) while SSL handshaking, client: 171.252.188.95, server: 0.0.0.0:443
2023/02/14 15:29:53 [error] 11#11: *205 hls: mkdir() failed on '/eliv/videos/live/4e784fcb-f13f-4c4b-922c-74ff5472d2bb_720p2628kbs' (13: Permission denied), client: 127.0.0.1, server: 0.0.0.0:1935
2023/02/14 15:29:53 [error] 11#11: *206 hls: mkdir() failed on '/eliv/videos/live/4e784fcb-f13f-4c4b-922c-74ff5472d2bb_144p200kbs' (13: Permission denied), client: 127.0.0.1, server: 0.0.0.0:1935
2023/02/14 15:29:54 [error] 11#11: *205 hls: mkdir() failed on '/eliv/videos/live/4e784fcb-f13f-4c4b-922c-74ff5472d2bb_720p2628kbs' (13: Permission denied), client: 127.0.0.1, server: 0.0.0.0:1935
2023/02/14 15:29:54 [error] 11#11: *206 hls: mkdir() failed on '/eliv/videos/live/4e784fcb-f13f-4c4b-922c-74ff5472d2bb_144p200kbs' (13: Permission denied), client: 127.0.0.1, server: 0.0.0.0:1935
2023/02/14 15:29:55 [error] 11#11: *205 hls: mkdir() failed on '/eliv/videos/live/4e784fcb-f13f-4c4b-922c-74ff5472d2bb_720p2628kbs' (13: Permission denied), client: 127.0.0.1, server: 0.0.0.0:1935
2023/02/14 15:29:56 [error] 11#11: *206 hls: mkdir() failed on '/eliv/videos/live/4e784fcb-f13f-4c4b-922c-74ff5472d2bb_144p200kbs' (13: Permission denied), client: 127.0.0.1, server: 0.0.0.0:1935
2023/02/14 15:29:56 [error] 11#11: *205 hls: mkdir() failed on '/eliv/videos/live/4e784fcb-f13f-4c4b-922c-74ff5472d2bb_720p2628kbs' (13: Permission denied), client: 127.0.0.1, server: 0.0.0.0:1935
2023/02/14 15:29:57 [error] 11#11: *206 hls: mkdir() failed on '/eliv/videos/live/4e784fcb-f13f-4c4b-922c-74ff5472d2bb_144p200kbs' (13: Permission denied), client: 127.0.0.1, server: 0.0.0.0:1935
2023/02/14 15:29:57 [error] 11#11: *205 hls: mkdir() failed on '/eliv/videos/live/4e784fcb-f13f-4c4b-922c-74ff5472d2bb_720p2628kbs' (13: Permission denied), client: 127.0.0.1, server: 0.0.0.0:1935
2023/02/14 15:29:58 [error] 11#11: *205 hls: mkdir() failed on '/eliv/videos/live/4e784fcb-f13f-4c4b-922c-74ff5472d2bb_720p2628kbs' (13: Permission denied), client: 127.0.0.1, server: 0.0.0.0:1935
2023/02/14 15:29:58 [error] 11#11: *206 hls: mkdir() failed on '/eliv/videos/live/4e784fcb-f13f-4c4b-922c-74ff5472d2bb_144p200kbs' (13: Permission denied), client: 127.0.0.1, server: 0.0.0.0:1935
2023/02/14 15:29:59 [info] 11#11: *307 SSL_do_handshake() failed (SSL: error:14094416:SSL routines:ssl3_read_bytes:sslv3 alert certificate unknown:SSL alert number 46) while SSL handshaking, client: 171.252.188.95, server: 0.0.0.0:443
2023/02/14 15:29:59 [error] 11#11: *205 hls: mkdir() failed on '/eliv/videos/live/4e784fcb-f13f-4c4b-922c-74ff5472d2bb_720p2628kbs' (13: Permission denied), client: 127.0.0.1, server: 0.0.0.0:1935
2023/02/14 15:29:59 [error] 11#11: *206 hls: mkdir() failed on '/eliv/videos/live/4e784fcb-f13f-4c4b-922c-74ff5472d2bb_144p200kbs' (13: Permission denied), client: 127.0.0.1, server: 0.0.0.0:1935
2023/02/14 15:30:00 [error] 11#11: *205 hls: mkdir() failed on '/eliv/videos/live/4e784fcb-f13f-4c4b-922c-74ff5472d2bb_720p2628kbs' (13: Permission denied), client: 127.0.0.1, server: 0.0.0.0:1935
2023/02/14 15:30:01 [error] 11#11: *206 hls: mkdir() failed on '/eliv/videos/live/4e784fcb-f13f-4c4b-922c-74ff5472d2bb_144p200kbs' (13: Permission denied), client: 127.0.0.1, server: 0.0.0.0:1935
2023/02/14 15:30:01 [error] 11#11: *205 hls: mkdir() failed on '/eliv/videos/live/4e784fcb-f13f-4c4b-922c-74ff5472d2bb_720p2628kbs' (13: Permission denied), client: 127.0.0.1, server: 0.0.0.0:1935
2023/02/14 15:30:02 [error] 11#11: *206 hls: mkdir() failed on '/eliv/videos/live/4e784fcb-f13f-4c4b-922c-74ff5472d2bb_144p200kbs' (13: Permission denied), client: 127.0.0.1, server: 0.0.0.0:1935
2023/02/14 15:30:02 [error] 11#11: *205 hls: mkdir() failed on '/eliv/videos/live/4e784fcb-f13f-4c4b-922c-74ff5472d2bb_720p2628kbs' (13: Permission denied), client: 127.0.0.1, server: 0.0.0.0:1935
2023/02/14 15:30:03 [error] 11#11: *205 hls: mkdir() failed on '/eliv/videos/live/4e784fcb-f13f-4c4b-922c-74ff5472d2bb_720p2628kbs' (13: Permission denied), client: 127.0.0.1, server: 0.0.0.0:1935
2023/02/14 15:30:03 [error] 11#11: *206 hls: mkdir() failed on '/eliv/videos/live/4e784fcb-f13f-4c4b-922c-74ff5472d2bb_144p200kbs' (13: Permission denied), client: 127.0.0.1, server: 0.0.0.0:1935
2023/02/14 15:30:04 [error] 11#11: *205 hls: mkdir() failed on '/eliv/videos/live/4e784fcb-f13f-4c4b-922c-74ff5472d2bb_720p2628kbs' (13: Permission denied), client: 127.0.0.1, server: 0.0.0.0:1935
2023/02/14 15:30:04 [error] 11#11: *206 hls: mkdir() failed on '/eliv/videos/live/4e784fcb-f13f-4c4b-922c-74ff5472d2bb_144p200kbs' (13: Permission denied), client: 127.0.0.1, server: 0.0.0.0:1935
2023/02/14 15:30:04 [info] 11#11: *309 SSL_do_handshake() failed (SSL: error:14094416:SSL routines:ssl3_read_bytes:sslv3 alert certificate unknown:SSL alert number 46) while SSL handshaking, client: 171.252.188.95, server: 0.0.0.0:443
2023/02/14 15:30:05 [error] 11#11: *205 hls: mkdir() failed on '/eliv/videos/live/4e784fcb-f13f-4c4b-922c-74ff5472d2bb_720p2628kbs' (13: Permission denied), client: 127.0.0.1, server: 0.0.0.0:1935
2023/02/14 15:30:06 [error] 11#11: *206 hls: mkdir() failed on '/eliv/videos/live/4e784fcb-f13f-4c4b-922c-74ff5472d2bb_144p200kbs' (13: Permission denied), client: 127.0.0.1, server: 0.0.0.0:1935
2023/02/14 15:30:06 [error] 11#11: *205 hls: mkdir() failed on '/eliv/videos/live/4e784fcb-f13f-4c4b-922c-74ff5472d2bb_720p2628kbs' (13: Permission denied), client: 127.0.0.1, server: 0.0.0.0:1935
2023/02/14 15:30:07 [error] 11#11: *206 hls: mkdir() failed on '/eliv/videos/live/4e784fcb-f13f-4c4b-922c-74ff5472d2bb_144p200kbs' (13: Permission denied), client: 127.0.0.1, server: 0.0.0.0:1935
2023/02/14 15:30:07 [error] 11#11: *205 hls: mkdir() failed on '/eliv/videos/live/4e784fcb-f13f-4c4b-922c-74ff5472d2bb_720p2628kbs' (13: Permission denied), client: 127.0.0.1, server: 0.0.0.0:1935
2023/02/14 15:30:07 [error] 11#11: *206 hls: mkdir() failed on '/eliv/videos/live/4e784fcb-f13f-4c4b-922c-74ff5472d2bb_144p200kbs' (13: Permission denied), client: 127.0.0.1, server: 0.0.0.0:1935
2023/02/14 15:30:08 [error] 11#11: *205 hls: mkdir() failed on '/eliv/videos/live/4e784fcb-f13f-4c4b-922c-74ff5472d2bb_720p2628kbs' (13: Permission denied), client: 127.0.0.1, server: 0.0.0.0:1935
2023/02/14 15:30:08 [info] 11#11: *197 deleteStream, client: 171.252.188.95, server: 0.0.0.0:1935
2023/02/14 15:30:08 [info] 11#11: *197 notify: publish_done 'api_server:27361/live-sessions/on-publish-done', client: 171.252.188.95, server: 0.0.0.0:1935
2023/02/14 15:30:08 [info] 11#11: *199 disconnect, client: localhost:1935/live_verified, server: ngx-relay
2023/02/14 15:30:08 [info] 11#11: *199 deleteStream, client: localhost:1935/live_verified, server: ngx-relay
2023/02/14 15:30:08 [info] 11#11: *197 disconnect, client: 171.252.188.95, server: 0.0.0.0:1935
2023/02/14 15:30:08 [info] 11#11: *197 deleteStream, client: 171.252.188.95, server: 0.0.0.0:1935
2023/02/14 15:30:08 [info] 11#11: *200 disconnect, client: 127.0.0.1, server: 0.0.0.0:1935
2023/02/14 15:30:08 [info] 11#11: *200 deleteStream, client: 127.0.0.1, server: 0.0.0.0:1935
2023/02/14 15:30:08 [info] 11#11: *200 exec: terminating child 13, client: 127.0.0.1, server: 0.0.0.0:1935
2023/02/14 15:30:08 [info] 11#11: *206 disconnect, client: 127.0.0.1, server: 0.0.0.0:1935
2023/02/14 15:30:08 [info] 11#11: *206 deleteStream, client: 127.0.0.1, server: 0.0.0.0:1935
2023/02/14 15:30:08 [info] 11#11: *206 exec: starting unmanaged child 'bash', client: 127.0.0.1, server: 0.0.0.0:1935
2023/02/14 15:30:08 [notice] 11#11: signal 17 (SIGCHLD) received from 13
2023/02/14 15:30:08 [alert] 11#11: unknown process 13 exited on signal 9
2023/02/14 15:30:08 [info] 11#11: *202 recv() failed (104: Connection reset by peer), client: 127.0.0.1, server: 0.0.0.0:1935
2023/02/14 15:30:08 [info] 11#11: *205 disconnect, client: 127.0.0.1, server: 0.0.0.0:1935
2023/02/14 15:30:08 [info] 11#11: *205 deleteStream, client: 127.0.0.1, server: 0.0.0.0:1935
2023/02/14 15:30:08 [info] 11#11: *205 exec: starting unmanaged child 'bash', client: 127.0.0.1, server: 0.0.0.0:1935
2023/02/14 15:30:08 [info] 11#11: *202 disconnect, client: 127.0.0.1, server: 0.0.0.0:1935
2023/02/14 15:30:08 [info] 11#11: *202 deleteStream, client: 127.0.0.1, server: 0.0.0.0:1935
2023/02/14 15:30:09 [notice] 11#11: signal 17 (SIGCHLD) received from 165
2023/02/14 15:30:09 [notice] 11#11: unknown process 165 exited with code 1
2023/02/14 15:30:09 [info] 11#11: epoll_wait() failed (4: Interrupted system call)
2023/02/14 15:30:09 [notice] 11#11: signal 17 (SIGCHLD) received from 164
2023/02/14 15:30:09 [notice] 11#11: unknown process 164 exited with code 1
2023/02/14 15:30:09 [info] 11#11: epoll_wait() failed (4: Interrupted system call)
2023/02/14 15:30:10 [info] 11#11: *311 SSL_do_handshake() failed (SSL: error:14094416:SSL routines:ssl3_read_bytes:sslv3 alert certificate unknown:SSL alert number 46) while SSL handshaking, client: 171.252.188.95, server: 0.0.0.0:443
2023/02/14 15:30:16 [info] 11#11: *312 SSL_do_handshake() failed (SSL: error:14094416:SSL routines:ssl3_read_bytes:sslv3 alert certificate unknown:SSL alert number 46) while SSL handshaking, client: 171.252.188.95, server: 0.0.0.0:443
