2023/02/14 16:19:06 [error] 11#11: *57 open() "/eliv/videos/live/c2e32572-1284-4fa4-a9b1-c6eb3ffa808c.m3u8" failed (2: No such file or directory), client: 172.71.214.130, server: static_eliv.chisubuga.dev, request: "GET /live/c2e32572-1284-4fa4-a9b1-c6eb3ffa808c.m3u8 HTTP/1.1", host: "static_eliv.chisubuga.dev", referrer: "https://eliv.chisubuga.dev/"
2023/02/14 16:19:07 [error] 11#11: *125 hls: mkdir() failed on '/eliv/videos/live/c2e32572-1284-4fa4-a9b1-c6eb3ffa808c_720p2628kbs' (13: Permission denied), client: 127.0.0.1, server: 0.0.0.0:1935
2023/02/14 16:19:07 [error] 11#11: *126 hls: mkdir() failed on '/eliv/videos/live/c2e32572-1284-4fa4-a9b1-c6eb3ffa808c_144p200kbs' (13: Permission denied), client: 127.0.0.1, server: 0.0.0.0:1935
2023/02/14 16:19:08 [error] 11#11: *125 hls: mkdir() failed on '/eliv/videos/live/c2e32572-1284-4fa4-a9b1-c6eb3ffa808c_720p2628kbs' (13: Permission denied), client: 127.0.0.1, server: 0.0.0.0:1935
2023/02/14 16:19:08 [error] 11#11: *126 hls: mkdir() failed on '/eliv/videos/live/c2e32572-1284-4fa4-a9b1-c6eb3ffa808c_144p200kbs' (13: Permission denied), client: 127.0.0.1, server: 0.0.0.0:1935
2023/02/14 16:19:09 [error] 11#11: *125 hls: mkdir() failed on '/eliv/videos/live/c2e32572-1284-4fa4-a9b1-c6eb3ffa808c_720p2628kbs' (13: Permission denied), client: 127.0.0.1, server: 0.0.0.0:1935
2023/02/14 16:19:10 [error] 11#11: *125 hls: mkdir() failed on '/eliv/videos/live/c2e32572-1284-4fa4-a9b1-c6eb3ffa808c_720p2628kbs' (13: Permission denied), client: 127.0.0.1, server: 0.0.0.0:1935
2023/02/14 16:19:10 [error] 11#11: *126 hls: mkdir() failed on '/eliv/videos/live/c2e32572-1284-4fa4-a9b1-c6eb3ffa808c_144p200kbs' (13: Permission denied), client: 127.0.0.1, server: 0.0.0.0:1935
2023/02/14 16:19:11 [error] 11#11: *125 hls: mkdir() failed on '/eliv/videos/live/c2e32572-1284-4fa4-a9b1-c6eb3ffa808c_720p2628kbs' (13: Permission denied), client: 127.0.0.1, server: 0.0.0.0:1935
2023/02/14 16:19:11 [error] 11#11: *126 hls: mkdir() failed on '/eliv/videos/live/c2e32572-1284-4fa4-a9b1-c6eb3ffa808c_144p200kbs' (13: Permission denied), client: 127.0.0.1, server: 0.0.0.0:1935
2023/02/14 16:19:12 [error] 11#11: *125 hls: mkdir() failed on '/eliv/videos/live/c2e32572-1284-4fa4-a9b1-c6eb3ffa808c_720p2628kbs' (13: Permission denied), client: 127.0.0.1, server: 0.0.0.0:1935
2023/02/14 16:19:12 [error] 11#11: *126 hls: mkdir() failed on '/eliv/videos/live/c2e32572-1284-4fa4-a9b1-c6eb3ffa808c_144p200kbs' (13: Permission denied), client: 127.0.0.1, server: 0.0.0.0:1935
2023/02/14 16:19:12 [error] 11#11: *57 open() "/eliv/videos/live/c2e32572-1284-4fa4-a9b1-c6eb3ffa808c.m3u8" failed (2: No such file or directory), client: 172.71.214.130, server: static_eliv.chisubuga.dev, request: "GET /live/c2e32572-1284-4fa4-a9b1-c6eb3ffa808c.m3u8 HTTP/1.1", host: "static_eliv.chisubuga.dev", referrer: "https://eliv.chisubuga.dev/"
2023/02/14 16:19:13 [error] 11#11: *125 hls: mkdir() failed on '/eliv/videos/live/c2e32572-1284-4fa4-a9b1-c6eb3ffa808c_720p2628kbs' (13: Permission denied), client: 127.0.0.1, server: 0.0.0.0:1935
2023/02/14 16:19:13 [error] 11#11: *126 hls: mkdir() failed on '/eliv/videos/live/c2e32572-1284-4fa4-a9b1-c6eb3ffa808c_144p200kbs' (13: Permission denied), client: 127.0.0.1, server: 0.0.0.0:1935
2023/02/14 16:19:14 [error] 11#11: *125 hls: mkdir() failed on '/eliv/videos/live/c2e32572-1284-4fa4-a9b1-c6eb3ffa808c_720p2628kbs' (13: Permission denied), client: 127.0.0.1, server: 0.0.0.0:1935
2023/02/14 16:19:14 [error] 11#11: *126 hls: mkdir() failed on '/eliv/videos/live/c2e32572-1284-4fa4-a9b1-c6eb3ffa808c_144p200kbs' (13: Permission denied), client: 127.0.0.1, server: 0.0.0.0:1935
2023/02/14 16:19:15 [error] 11#11: *125 hls: mkdir() failed on '/eliv/videos/live/c2e32572-1284-4fa4-a9b1-c6eb3ffa808c_720p2628kbs' (13: Permission denied), client: 127.0.0.1, server: 0.0.0.0:1935
2023/02/14 16:19:16 [error] 11#11: *125 hls: mkdir() failed on '/eliv/videos/live/c2e32572-1284-4fa4-a9b1-c6eb3ffa808c_720p2628kbs' (13: Permission denied), client: 127.0.0.1, server: 0.0.0.0:1935
2023/02/14 16:19:16 [error] 11#11: *126 hls: mkdir() failed on '/eliv/videos/live/c2e32572-1284-4fa4-a9b1-c6eb3ffa808c_144p200kbs' (13: Permission denied), client: 127.0.0.1, server: 0.0.0.0:1935
2023/02/14 16:19:17 [error] 11#11: *125 hls: mkdir() failed on '/eliv/videos/live/c2e32572-1284-4fa4-a9b1-c6eb3ffa808c_720p2628kbs' (13: Permission denied), client: 127.0.0.1, server: 0.0.0.0:1935
2023/02/14 16:19:17 [error] 11#11: *126 hls: mkdir() failed on '/eliv/videos/live/c2e32572-1284-4fa4-a9b1-c6eb3ffa808c_144p200kbs' (13: Permission denied), client: 127.0.0.1, server: 0.0.0.0:1935
2023/02/14 16:19:18 [error] 11#11: *125 hls: mkdir() failed on '/eliv/videos/live/c2e32572-1284-4fa4-a9b1-c6eb3ffa808c_720p2628kbs' (13: Permission denied), client: 127.0.0.1, server: 0.0.0.0:1935
2023/02/14 16:19:18 [error] 11#11: *57 open() "/eliv/videos/live/c2e32572-1284-4fa4-a9b1-c6eb3ffa808c.m3u8" failed (2: No such file or directory), client: 172.71.214.130, server: static_eliv.chisubuga.dev, request: "GET /live/c2e32572-1284-4fa4-a9b1-c6eb3ffa808c.m3u8 HTTP/1.1", host: "static_eliv.chisubuga.dev", referrer: "https://eliv.chisubuga.dev/"
2023/02/14 16:19:18 [error] 11#11: *126 hls: mkdir() failed on '/eliv/videos/live/c2e32572-1284-4fa4-a9b1-c6eb3ffa808c_144p200kbs' (13: Permission denied), client: 127.0.0.1, server: 0.0.0.0:1935
2023/02/14 16:19:19 [error] 11#11: *125 hls: mkdir() failed on '/eliv/videos/live/c2e32572-1284-4fa4-a9b1-c6eb3ffa808c_720p2628kbs' (13: Permission denied), client: 127.0.0.1, server: 0.0.0.0:1935
2023/02/14 16:19:19 [error] 11#11: *126 hls: mkdir() failed on '/eliv/videos/live/c2e32572-1284-4fa4-a9b1-c6eb3ffa808c_144p200kbs' (13: Permission denied), client: 127.0.0.1, server: 0.0.0.0:1935
2023/02/14 16:19:20 [error] 11#11: *125 hls: mkdir() failed on '/eliv/videos/live/c2e32572-1284-4fa4-a9b1-c6eb3ffa808c_720p2628kbs' (13: Permission denied), client: 127.0.0.1, server: 0.0.0.0:1935
2023/02/14 16:19:21 [error] 11#11: *125 hls: mkdir() failed on '/eliv/videos/live/c2e32572-1284-4fa4-a9b1-c6eb3ffa808c_720p2628kbs' (13: Permission denied), client: 127.0.0.1, server: 0.0.0.0:1935
2023/02/14 16:19:21 [error] 11#11: *126 hls: mkdir() failed on '/eliv/videos/live/c2e32572-1284-4fa4-a9b1-c6eb3ffa808c_144p200kbs' (13: Permission denied), client: 127.0.0.1, server: 0.0.0.0:1935
2023/02/14 16:19:22 [error] 11#11: *125 hls: mkdir() failed on '/eliv/videos/live/c2e32572-1284-4fa4-a9b1-c6eb3ffa808c_720p2628kbs' (13: Permission denied), client: 127.0.0.1, server: 0.0.0.0:1935
2023/02/14 16:19:22 [error] 11#11: *126 hls: mkdir() failed on '/eliv/videos/live/c2e32572-1284-4fa4-a9b1-c6eb3ffa808c_144p200kbs' (13: Permission denied), client: 127.0.0.1, server: 0.0.0.0:1935
2023/02/14 16:19:23 [error] 11#11: *125 hls: mkdir() failed on '/eliv/videos/live/c2e32572-1284-4fa4-a9b1-c6eb3ffa808c_720p2628kbs' (13: Permission denied), client: 127.0.0.1, server: 0.0.0.0:1935
2023/02/14 16:19:23 [error] 11#11: *126 hls: mkdir() failed on '/eliv/videos/live/c2e32572-1284-4fa4-a9b1-c6eb3ffa808c_144p200kbs' (13: Permission denied), client: 127.0.0.1, server: 0.0.0.0:1935
2023/02/14 16:19:24 [error] 11#11: *125 hls: mkdir() failed on '/eliv/videos/live/c2e32572-1284-4fa4-a9b1-c6eb3ffa808c_720p2628kbs' (13: Permission denied), client: 127.0.0.1, server: 0.0.0.0:1935
2023/02/14 16:19:24 [error] 11#11: *57 open() "/eliv/videos/live/c2e32572-1284-4fa4-a9b1-c6eb3ffa808c.m3u8" failed (2: No such file or directory), client: 172.71.214.130, server: static_eliv.chisubuga.dev, request: "GET /live/c2e32572-1284-4fa4-a9b1-c6eb3ffa808c.m3u8 HTTP/1.1", host: "static_eliv.chisubuga.dev", referrer: "https://eliv.chisubuga.dev/"
2023/02/14 16:19:24 [error] 11#11: *126 hls: mkdir() failed on '/eliv/videos/live/c2e32572-1284-4fa4-a9b1-c6eb3ffa808c_144p200kbs' (13: Permission denied), client: 127.0.0.1, server: 0.0.0.0:1935
2023/02/14 16:19:25 [error] 11#11: *125 hls: mkdir() failed on '/eliv/videos/live/c2e32572-1284-4fa4-a9b1-c6eb3ffa808c_720p2628kbs' (13: Permission denied), client: 127.0.0.1, server: 0.0.0.0:1935
2023/02/14 16:19:26 [error] 11#11: *125 hls: mkdir() failed on '/eliv/videos/live/c2e32572-1284-4fa4-a9b1-c6eb3ffa808c_720p2628kbs' (13: Permission denied), client: 127.0.0.1, server: 0.0.0.0:1935
2023/02/14 16:19:26 [error] 11#11: *126 hls: mkdir() failed on '/eliv/videos/live/c2e32572-1284-4fa4-a9b1-c6eb3ffa808c_144p200kbs' (13: Permission denied), client: 127.0.0.1, server: 0.0.0.0:1935
2023/02/14 16:19:27 [error] 11#11: *125 hls: mkdir() failed on '/eliv/videos/live/c2e32572-1284-4fa4-a9b1-c6eb3ffa808c_720p2628kbs' (13: Permission denied), client: 127.0.0.1, server: 0.0.0.0:1935
2023/02/14 16:19:27 [error] 11#11: *126 hls: mkdir() failed on '/eliv/videos/live/c2e32572-1284-4fa4-a9b1-c6eb3ffa808c_144p200kbs' (13: Permission denied), client: 127.0.0.1, server: 0.0.0.0:1935
2023/02/14 16:19:28 [error] 11#11: *125 hls: mkdir() failed on '/eliv/videos/live/c2e32572-1284-4fa4-a9b1-c6eb3ffa808c_720p2628kbs' (13: Permission denied), client: 127.0.0.1, server: 0.0.0.0:1935
2023/02/14 16:19:28 [error] 11#11: *126 hls: mkdir() failed on '/eliv/videos/live/c2e32572-1284-4fa4-a9b1-c6eb3ffa808c_144p200kbs' (13: Permission denied), client: 127.0.0.1, server: 0.0.0.0:1935
2023/02/14 16:19:29 [error] 11#11: *125 hls: mkdir() failed on '/eliv/videos/live/c2e32572-1284-4fa4-a9b1-c6eb3ffa808c_720p2628kbs' (13: Permission denied), client: 127.0.0.1, server: 0.0.0.0:1935
2023/02/14 16:19:30 [error] 11#11: *126 hls: mkdir() failed on '/eliv/videos/live/c2e32572-1284-4fa4-a9b1-c6eb3ffa808c_144p200kbs' (13: Permission denied), client: 127.0.0.1, server: 0.0.0.0:1935
2023/02/14 16:19:30 [error] 11#11: *125 hls: mkdir() failed on '/eliv/videos/live/c2e32572-1284-4fa4-a9b1-c6eb3ffa808c_720p2628kbs' (13: Permission denied), client: 127.0.0.1, server: 0.0.0.0:1935
2023/02/14 16:19:30 [error] 11#11: *57 open() "/eliv/videos/live/c2e32572-1284-4fa4-a9b1-c6eb3ffa808c.m3u8" failed (2: No such file or directory), client: 172.71.214.130, server: static_eliv.chisubuga.dev, request: "GET /live/c2e32572-1284-4fa4-a9b1-c6eb3ffa808c.m3u8 HTTP/1.1", host: "static_eliv.chisubuga.dev", referrer: "https://eliv.chisubuga.dev/"
2023/02/14 16:19:31 [error] 11#11: *125 hls: mkdir() failed on '/eliv/videos/live/c2e32572-1284-4fa4-a9b1-c6eb3ffa808c_720p2628kbs' (13: Permission denied), client: 127.0.0.1, server: 0.0.0.0:1935
2023/02/14 16:19:31 [error] 11#11: *126 hls: mkdir() failed on '/eliv/videos/live/c2e32572-1284-4fa4-a9b1-c6eb3ffa808c_144p200kbs' (13: Permission denied), client: 127.0.0.1, server: 0.0.0.0:1935
2023/02/14 16:19:32 [error] 11#11: *125 hls: mkdir() failed on '/eliv/videos/live/c2e32572-1284-4fa4-a9b1-c6eb3ffa808c_720p2628kbs' (13: Permission denied), client: 127.0.0.1, server: 0.0.0.0:1935
2023/02/14 16:19:32 [error] 11#11: *126 hls: mkdir() failed on '/eliv/videos/live/c2e32572-1284-4fa4-a9b1-c6eb3ffa808c_144p200kbs' (13: Permission denied), client: 127.0.0.1, server: 0.0.0.0:1935
2023/02/14 16:19:33 [error] 11#11: *125 hls: mkdir() failed on '/eliv/videos/live/c2e32572-1284-4fa4-a9b1-c6eb3ffa808c_720p2628kbs' (13: Permission denied), client: 127.0.0.1, server: 0.0.0.0:1935
2023/02/14 16:19:33 [error] 11#11: *126 hls: mkdir() failed on '/eliv/videos/live/c2e32572-1284-4fa4-a9b1-c6eb3ffa808c_144p200kbs' (13: Permission denied), client: 127.0.0.1, server: 0.0.0.0:1935
2023/02/14 16:19:34 [error] 11#11: *125 hls: mkdir() failed on '/eliv/videos/live/c2e32572-1284-4fa4-a9b1-c6eb3ffa808c_720p2628kbs' (13: Permission denied), client: 127.0.0.1, server: 0.0.0.0:1935
2023/02/14 16:19:34 [error] 11#11: *126 hls: mkdir() failed on '/eliv/videos/live/c2e32572-1284-4fa4-a9b1-c6eb3ffa808c_144p200kbs' (13: Permission denied), client: 127.0.0.1, server: 0.0.0.0:1935
2023/02/14 16:19:35 [error] 11#11: *125 hls: mkdir() failed on '/eliv/videos/live/c2e32572-1284-4fa4-a9b1-c6eb3ffa808c_720p2628kbs' (13: Permission denied), client: 127.0.0.1, server: 0.0.0.0:1935
2023/02/14 16:19:36 [error] 11#11: *125 hls: mkdir() failed on '/eliv/videos/live/c2e32572-1284-4fa4-a9b1-c6eb3ffa808c_720p2628kbs' (13: Permission denied), client: 127.0.0.1, server: 0.0.0.0:1935
2023/02/14 16:19:36 [error] 11#11: *126 hls: mkdir() failed on '/eliv/videos/live/c2e32572-1284-4fa4-a9b1-c6eb3ffa808c_144p200kbs' (13: Permission denied), client: 127.0.0.1, server: 0.0.0.0:1935
2023/02/14 16:19:36 [error] 11#11: *57 open() "/eliv/videos/live/c2e32572-1284-4fa4-a9b1-c6eb3ffa808c.m3u8" failed (2: No such file or directory), client: 172.71.214.130, server: static_eliv.chisubuga.dev, request: "GET /live/c2e32572-1284-4fa4-a9b1-c6eb3ffa808c.m3u8 HTTP/1.1", host: "static_eliv.chisubuga.dev", referrer: "https://eliv.chisubuga.dev/"
2023/02/14 16:19:37 [error] 11#11: *125 hls: mkdir() failed on '/eliv/videos/live/c2e32572-1284-4fa4-a9b1-c6eb3ffa808c_720p2628kbs' (13: Permission denied), client: 127.0.0.1, server: 0.0.0.0:1935
2023/02/14 16:19:37 [error] 11#11: *126 hls: mkdir() failed on '/eliv/videos/live/c2e32572-1284-4fa4-a9b1-c6eb3ffa808c_144p200kbs' (13: Permission denied), client: 127.0.0.1, server: 0.0.0.0:1935
2023/02/14 16:19:38 [error] 11#11: *125 hls: mkdir() failed on '/eliv/videos/live/c2e32572-1284-4fa4-a9b1-c6eb3ffa808c_720p2628kbs' (13: Permission denied), client: 127.0.0.1, server: 0.0.0.0:1935
2023/02/14 16:19:38 [error] 11#11: *126 hls: mkdir() failed on '/eliv/videos/live/c2e32572-1284-4fa4-a9b1-c6eb3ffa808c_144p200kbs' (13: Permission denied), client: 127.0.0.1, server: 0.0.0.0:1935
2023/02/14 16:19:39 [error] 11#11: *125 hls: mkdir() failed on '/eliv/videos/live/c2e32572-1284-4fa4-a9b1-c6eb3ffa808c_720p2628kbs' (13: Permission denied), client: 127.0.0.1, server: 0.0.0.0:1935
2023/02/14 16:19:39 [error] 11#11: *126 hls: mkdir() failed on '/eliv/videos/live/c2e32572-1284-4fa4-a9b1-c6eb3ffa808c_144p200kbs' (13: Permission denied), client: 127.0.0.1, server: 0.0.0.0:1935
2023/02/14 16:19:40 [error] 11#11: *125 hls: mkdir() failed on '/eliv/videos/live/c2e32572-1284-4fa4-a9b1-c6eb3ffa808c_720p2628kbs' (13: Permission denied), client: 127.0.0.1, server: 0.0.0.0:1935
2023/02/14 16:19:40 [error] 11#11: *126 hls: mkdir() failed on '/eliv/videos/live/c2e32572-1284-4fa4-a9b1-c6eb3ffa808c_144p200kbs' (13: Permission denied), client: 127.0.0.1, server: 0.0.0.0:1935
2023/02/14 16:19:41 [error] 11#11: *125 hls: mkdir() failed on '/eliv/videos/live/c2e32572-1284-4fa4-a9b1-c6eb3ffa808c_720p2628kbs' (13: Permission denied), client: 127.0.0.1, server: 0.0.0.0:1935
2023/02/14 16:19:42 [error] 11#11: *125 hls: mkdir() failed on '/eliv/videos/live/c2e32572-1284-4fa4-a9b1-c6eb3ffa808c_720p2628kbs' (13: Permission denied), client: 127.0.0.1, server: 0.0.0.0:1935
2023/02/14 16:19:42 [error] 11#11: *126 hls: mkdir() failed on '/eliv/videos/live/c2e32572-1284-4fa4-a9b1-c6eb3ffa808c_144p200kbs' (13: Permission denied), client: 127.0.0.1, server: 0.0.0.0:1935
2023/02/14 16:19:42 [error] 11#11: *57 open() "/eliv/videos/live/c2e32572-1284-4fa4-a9b1-c6eb3ffa808c.m3u8" failed (2: No such file or directory), client: 172.71.214.130, server: static_eliv.chisubuga.dev, request: "GET /live/c2e32572-1284-4fa4-a9b1-c6eb3ffa808c.m3u8 HTTP/1.1", host: "static_eliv.chisubuga.dev", referrer: "https://eliv.chisubuga.dev/"
2023/02/14 16:19:43 [error] 11#11: *125 hls: mkdir() failed on '/eliv/videos/live/c2e32572-1284-4fa4-a9b1-c6eb3ffa808c_720p2628kbs' (13: Permission denied), client: 127.0.0.1, server: 0.0.0.0:1935
2023/02/14 16:19:43 [error] 11#11: *126 hls: mkdir() failed on '/eliv/videos/live/c2e32572-1284-4fa4-a9b1-c6eb3ffa808c_144p200kbs' (13: Permission denied), client: 127.0.0.1, server: 0.0.0.0:1935
2023/02/14 16:19:44 [error] 11#11: *125 hls: mkdir() failed on '/eliv/videos/live/c2e32572-1284-4fa4-a9b1-c6eb3ffa808c_720p2628kbs' (13: Permission denied), client: 127.0.0.1, server: 0.0.0.0:1935
2023/02/14 16:19:44 [error] 11#11: *126 hls: mkdir() failed on '/eliv/videos/live/c2e32572-1284-4fa4-a9b1-c6eb3ffa808c_144p200kbs' (13: Permission denied), client: 127.0.0.1, server: 0.0.0.0:1935
2023/02/14 16:19:45 [error] 11#11: *125 hls: mkdir() failed on '/eliv/videos/live/c2e32572-1284-4fa4-a9b1-c6eb3ffa808c_720p2628kbs' (13: Permission denied), client: 127.0.0.1, server: 0.0.0.0:1935
2023/02/14 16:19:45 [error] 11#11: *126 hls: mkdir() failed on '/eliv/videos/live/c2e32572-1284-4fa4-a9b1-c6eb3ffa808c_144p200kbs' (13: Permission denied), client: 127.0.0.1, server: 0.0.0.0:1935
2023/02/14 16:19:46 [error] 11#11: *125 hls: mkdir() failed on '/eliv/videos/live/c2e32572-1284-4fa4-a9b1-c6eb3ffa808c_720p2628kbs' (13: Permission denied), client: 127.0.0.1, server: 0.0.0.0:1935
2023/02/14 16:19:47 [error] 11#11: *125 hls: mkdir() failed on '/eliv/videos/live/c2e32572-1284-4fa4-a9b1-c6eb3ffa808c_720p2628kbs' (13: Permission denied), client: 127.0.0.1, server: 0.0.0.0:1935
2023/02/14 16:19:47 [error] 11#11: *126 hls: mkdir() failed on '/eliv/videos/live/c2e32572-1284-4fa4-a9b1-c6eb3ffa808c_144p200kbs' (13: Permission denied), client: 127.0.0.1, server: 0.0.0.0:1935
2023/02/14 16:19:48 [error] 11#11: *125 hls: mkdir() failed on '/eliv/videos/live/c2e32572-1284-4fa4-a9b1-c6eb3ffa808c_720p2628kbs' (13: Permission denied), client: 127.0.0.1, server: 0.0.0.0:1935
2023/02/14 16:19:48 [error] 11#11: *126 hls: mkdir() failed on '/eliv/videos/live/c2e32572-1284-4fa4-a9b1-c6eb3ffa808c_144p200kbs' (13: Permission denied), client: 127.0.0.1, server: 0.0.0.0:1935
2023/02/14 16:19:48 [error] 11#11: *57 open() "/eliv/videos/live/c2e32572-1284-4fa4-a9b1-c6eb3ffa808c.m3u8" failed (2: No such file or directory), client: 172.71.214.130, server: static_eliv.chisubuga.dev, request: "GET /live/c2e32572-1284-4fa4-a9b1-c6eb3ffa808c.m3u8 HTTP/1.1", host: "static_eliv.chisubuga.dev", referrer: "https://eliv.chisubuga.dev/"
2023/02/14 16:19:49 [error] 11#11: *125 hls: mkdir() failed on '/eliv/videos/live/c2e32572-1284-4fa4-a9b1-c6eb3ffa808c_720p2628kbs' (13: Permission denied), client: 127.0.0.1, server: 0.0.0.0:1935
2023/02/14 16:19:49 [error] 11#11: *126 hls: mkdir() failed on '/eliv/videos/live/c2e32572-1284-4fa4-a9b1-c6eb3ffa808c_144p200kbs' (13: Permission denied), client: 127.0.0.1, server: 0.0.0.0:1935
2023/02/14 16:19:50 [error] 11#11: *125 hls: mkdir() failed on '/eliv/videos/live/c2e32572-1284-4fa4-a9b1-c6eb3ffa808c_720p2628kbs' (13: Permission denied), client: 127.0.0.1, server: 0.0.0.0:1935
2023/02/14 16:19:50 [error] 11#11: *126 hls: mkdir() failed on '/eliv/videos/live/c2e32572-1284-4fa4-a9b1-c6eb3ffa808c_144p200kbs' (13: Permission denied), client: 127.0.0.1, server: 0.0.0.0:1935
2023/02/14 16:19:51 [error] 11#11: *125 hls: mkdir() failed on '/eliv/videos/live/c2e32572-1284-4fa4-a9b1-c6eb3ffa808c_720p2628kbs' (13: Permission denied), client: 127.0.0.1, server: 0.0.0.0:1935
2023/02/14 16:19:52 [error] 11#11: *125 hls: mkdir() failed on '/eliv/videos/live/c2e32572-1284-4fa4-a9b1-c6eb3ffa808c_720p2628kbs' (13: Permission denied), client: 127.0.0.1, server: 0.0.0.0:1935
2023/02/14 16:19:52 [error] 11#11: *126 hls: mkdir() failed on '/eliv/videos/live/c2e32572-1284-4fa4-a9b1-c6eb3ffa808c_144p200kbs' (13: Permission denied), client: 127.0.0.1, server: 0.0.0.0:1935
2023/02/14 16:19:53 [error] 11#11: *125 hls: mkdir() failed on '/eliv/videos/live/c2e32572-1284-4fa4-a9b1-c6eb3ffa808c_720p2628kbs' (13: Permission denied), client: 127.0.0.1, server: 0.0.0.0:1935
2023/02/14 16:19:53 [error] 11#11: *126 hls: mkdir() failed on '/eliv/videos/live/c2e32572-1284-4fa4-a9b1-c6eb3ffa808c_144p200kbs' (13: Permission denied), client: 127.0.0.1, server: 0.0.0.0:1935
2023/02/14 16:19:54 [error] 11#11: *125 hls: mkdir() failed on '/eliv/videos/live/c2e32572-1284-4fa4-a9b1-c6eb3ffa808c_720p2628kbs' (13: Permission denied), client: 127.0.0.1, server: 0.0.0.0:1935
2023/02/14 16:19:54 [error] 11#11: *126 hls: mkdir() failed on '/eliv/videos/live/c2e32572-1284-4fa4-a9b1-c6eb3ffa808c_144p200kbs' (13: Permission denied), client: 127.0.0.1, server: 0.0.0.0:1935
2023/02/14 16:19:54 [error] 11#11: *57 open() "/eliv/videos/live/c2e32572-1284-4fa4-a9b1-c6eb3ffa808c.m3u8" failed (2: No such file or directory), client: 172.71.214.130, server: static_eliv.chisubuga.dev, request: "GET /live/c2e32572-1284-4fa4-a9b1-c6eb3ffa808c.m3u8 HTTP/1.1", host: "static_eliv.chisubuga.dev", referrer: "https://eliv.chisubuga.dev/"
2023/02/14 16:19:55 [error] 11#11: *125 hls: mkdir() failed on '/eliv/videos/live/c2e32572-1284-4fa4-a9b1-c6eb3ffa808c_720p2628kbs' (13: Permission denied), client: 127.0.0.1, server: 0.0.0.0:1935
2023/02/14 16:19:55 [error] 11#11: *126 hls: mkdir() failed on '/eliv/videos/live/c2e32572-1284-4fa4-a9b1-c6eb3ffa808c_144p200kbs' (13: Permission denied), client: 127.0.0.1, server: 0.0.0.0:1935
2023/02/14 16:19:56 [error] 11#11: *125 hls: mkdir() failed on '/eliv/videos/live/c2e32572-1284-4fa4-a9b1-c6eb3ffa808c_720p2628kbs' (13: Permission denied), client: 127.0.0.1, server: 0.0.0.0:1935
2023/02/14 16:19:57 [error] 11#11: *125 hls: mkdir() failed on '/eliv/videos/live/c2e32572-1284-4fa4-a9b1-c6eb3ffa808c_720p2628kbs' (13: Permission denied), client: 127.0.0.1, server: 0.0.0.0:1935
2023/02/14 16:19:57 [error] 11#11: *126 hls: mkdir() failed on '/eliv/videos/live/c2e32572-1284-4fa4-a9b1-c6eb3ffa808c_144p200kbs' (13: Permission denied), client: 127.0.0.1, server: 0.0.0.0:1935
2023/02/14 16:19:58 [error] 11#11: *125 hls: mkdir() failed on '/eliv/videos/live/c2e32572-1284-4fa4-a9b1-c6eb3ffa808c_720p2628kbs' (13: Permission denied), client: 127.0.0.1, server: 0.0.0.0:1935
2023/02/14 16:19:58 [error] 11#11: *126 hls: mkdir() failed on '/eliv/videos/live/c2e32572-1284-4fa4-a9b1-c6eb3ffa808c_144p200kbs' (13: Permission denied), client: 127.0.0.1, server: 0.0.0.0:1935
2023/02/14 16:19:59 [error] 11#11: *125 hls: mkdir() failed on '/eliv/videos/live/c2e32572-1284-4fa4-a9b1-c6eb3ffa808c_720p2628kbs' (13: Permission denied), client: 127.0.0.1, server: 0.0.0.0:1935
2023/02/14 16:19:59 [error] 11#11: *126 hls: mkdir() failed on '/eliv/videos/live/c2e32572-1284-4fa4-a9b1-c6eb3ffa808c_144p200kbs' (13: Permission denied), client: 127.0.0.1, server: 0.0.0.0:1935
2023/02/14 16:20:00 [error] 11#11: *125 hls: mkdir() failed on '/eliv/videos/live/c2e32572-1284-4fa4-a9b1-c6eb3ffa808c_720p2628kbs' (13: Permission denied), client: 127.0.0.1, server: 0.0.0.0:1935
2023/02/14 16:20:00 [error] 11#11: *57 open() "/eliv/videos/live/c2e32572-1284-4fa4-a9b1-c6eb3ffa808c.m3u8" failed (2: No such file or directory), client: 172.71.214.130, server: static_eliv.chisubuga.dev, request: "GET /live/c2e32572-1284-4fa4-a9b1-c6eb3ffa808c.m3u8 HTTP/1.1", host: "static_eliv.chisubuga.dev", referrer: "https://eliv.chisubuga.dev/"
2023/02/14 16:20:00 [error] 11#11: *126 hls: mkdir() failed on '/eliv/videos/live/c2e32572-1284-4fa4-a9b1-c6eb3ffa808c_144p200kbs' (13: Permission denied), client: 127.0.0.1, server: 0.0.0.0:1935
2023/02/14 16:20:01 [error] 11#11: *125 hls: mkdir() failed on '/eliv/videos/live/c2e32572-1284-4fa4-a9b1-c6eb3ffa808c_720p2628kbs' (13: Permission denied), client: 127.0.0.1, server: 0.0.0.0:1935
2023/02/14 16:20:02 [error] 11#11: *125 hls: mkdir() failed on '/eliv/videos/live/c2e32572-1284-4fa4-a9b1-c6eb3ffa808c_720p2628kbs' (13: Permission denied), client: 127.0.0.1, server: 0.0.0.0:1935
2023/02/14 16:20:02 [error] 11#11: *126 hls: mkdir() failed on '/eliv/videos/live/c2e32572-1284-4fa4-a9b1-c6eb3ffa808c_144p200kbs' (13: Permission denied), client: 127.0.0.1, server: 0.0.0.0:1935
2023/02/14 16:20:03 [error] 11#11: *125 hls: mkdir() failed on '/eliv/videos/live/c2e32572-1284-4fa4-a9b1-c6eb3ffa808c_720p2628kbs' (13: Permission denied), client: 127.0.0.1, server: 0.0.0.0:1935
2023/02/14 16:20:03 [error] 11#11: *126 hls: mkdir() failed on '/eliv/videos/live/c2e32572-1284-4fa4-a9b1-c6eb3ffa808c_144p200kbs' (13: Permission denied), client: 127.0.0.1, server: 0.0.0.0:1935
2023/02/14 16:20:04 [error] 11#11: *125 hls: mkdir() failed on '/eliv/videos/live/c2e32572-1284-4fa4-a9b1-c6eb3ffa808c_720p2628kbs' (13: Permission denied), client: 127.0.0.1, server: 0.0.0.0:1935
2023/02/14 16:20:04 [error] 11#11: *126 hls: mkdir() failed on '/eliv/videos/live/c2e32572-1284-4fa4-a9b1-c6eb3ffa808c_144p200kbs' (13: Permission denied), client: 127.0.0.1, server: 0.0.0.0:1935
2023/02/14 16:20:05 [error] 11#11: *125 hls: mkdir() failed on '/eliv/videos/live/c2e32572-1284-4fa4-a9b1-c6eb3ffa808c_720p2628kbs' (13: Permission denied), client: 127.0.0.1, server: 0.0.0.0:1935
2023/02/14 16:20:05 [error] 11#11: *126 hls: mkdir() failed on '/eliv/videos/live/c2e32572-1284-4fa4-a9b1-c6eb3ffa808c_144p200kbs' (13: Permission denied), client: 127.0.0.1, server: 0.0.0.0:1935
2023/02/14 16:20:06 [error] 11#11: *125 hls: mkdir() failed on '/eliv/videos/live/c2e32572-1284-4fa4-a9b1-c6eb3ffa808c_720p2628kbs' (13: Permission denied), client: 127.0.0.1, server: 0.0.0.0:1935
2023/02/14 16:20:06 [error] 11#11: *57 open() "/eliv/videos/live/c2e32572-1284-4fa4-a9b1-c6eb3ffa808c.m3u8" failed (2: No such file or directory), client: 172.71.214.130, server: static_eliv.chisubuga.dev, request: "GET /live/c2e32572-1284-4fa4-a9b1-c6eb3ffa808c.m3u8 HTTP/1.1", host: "static_eliv.chisubuga.dev", referrer: "https://eliv.chisubuga.dev/"
2023/02/14 16:20:07 [info] 11#11: *119 deleteStream, client: 171.252.188.95, server: 0.0.0.0:1935
2023/02/14 16:20:07 [info] 11#11: *119 notify: publish_done 'api_server:27361/live-sessions/on-publish-done', client: 171.252.188.95, server: 0.0.0.0:1935
2023/02/14 16:20:07 [info] 11#11: *121 disconnect, client: localhost:1935/live_verified, server: ngx-relay
2023/02/14 16:20:07 [info] 11#11: *121 deleteStream, client: localhost:1935/live_verified, server: ngx-relay
2023/02/14 16:20:07 [info] 11#11: *119 disconnect, client: 171.252.188.95, server: 0.0.0.0:1935
2023/02/14 16:20:07 [info] 11#11: *119 deleteStream, client: 171.252.188.95, server: 0.0.0.0:1935
2023/02/14 16:20:07 [info] 11#11: *122 disconnect, client: 127.0.0.1, server: 0.0.0.0:1935
2023/02/14 16:20:07 [info] 11#11: *122 deleteStream, client: 127.0.0.1, server: 0.0.0.0:1935
2023/02/14 16:20:07 [info] 11#11: *122 exec: terminating child 167, client: 127.0.0.1, server: 0.0.0.0:1935
2023/02/14 16:20:07 [info] 11#11: *126 disconnect, client: 127.0.0.1, server: 0.0.0.0:1935
2023/02/14 16:20:07 [info] 11#11: *126 deleteStream, client: 127.0.0.1, server: 0.0.0.0:1935
2023/02/14 16:20:07 [info] 11#11: *126 exec: starting unmanaged child 'bash', client: 127.0.0.1, server: 0.0.0.0:1935
2023/02/14 16:20:07 [notice] 11#11: signal 17 (SIGCHLD) received from 167
2023/02/14 16:20:07 [alert] 11#11: unknown process 167 exited on signal 9
2023/02/14 16:20:07 [info] 11#11: *124 recv() failed (104: Connection reset by peer), client: 127.0.0.1, server: 0.0.0.0:1935
2023/02/14 16:20:07 [info] 11#11: *125 disconnect, client: 127.0.0.1, server: 0.0.0.0:1935
2023/02/14 16:20:07 [info] 11#11: *125 deleteStream, client: 127.0.0.1, server: 0.0.0.0:1935
2023/02/14 16:20:07 [info] 11#11: *125 exec: starting unmanaged child 'bash', client: 127.0.0.1, server: 0.0.0.0:1935
2023/02/14 16:20:07 [info] 11#11: *124 disconnect, client: 127.0.0.1, server: 0.0.0.0:1935
2023/02/14 16:20:07 [info] 11#11: *124 deleteStream, client: 127.0.0.1, server: 0.0.0.0:1935
2023/02/14 16:20:07 [notice] 11#11: signal 17 (SIGCHLD) received from 319
2023/02/14 16:20:07 [notice] 11#11: unknown process 318 exited with code 1
2023/02/14 16:20:07 [notice] 11#11: unknown process 319 exited with code 1
2023/02/14 16:20:07 [info] 11#11: epoll_wait() failed (4: Interrupted system call)
2023/02/14 16:20:12 [error] 11#11: *57 open() "/eliv/videos/live/c2e32572-1284-4fa4-a9b1-c6eb3ffa808c.m3u8" failed (2: No such file or directory), client: 172.71.214.130, server: static_eliv.chisubuga.dev, request: "GET /live/c2e32572-1284-4fa4-a9b1-c6eb3ffa808c.m3u8 HTTP/1.1", host: "static_eliv.chisubuga.dev", referrer: "https://eliv.chisubuga.dev/"
2023/02/14 16:20:18 [error] 11#11: *57 open() "/eliv/videos/live/c2e32572-1284-4fa4-a9b1-c6eb3ffa808c.m3u8" failed (2: No such file or directory), client: 172.71.214.130, server: static_eliv.chisubuga.dev, request: "GET /live/c2e32572-1284-4fa4-a9b1-c6eb3ffa808c.m3u8 HTTP/1.1", host: "static_eliv.chisubuga.dev", referrer: "https://eliv.chisubuga.dev/"
2023/02/14 16:20:24 [error] 11#11: *57 open() "/eliv/videos/live/c2e32572-1284-4fa4-a9b1-c6eb3ffa808c.m3u8" failed (2: No such file or directory), client: 172.71.214.130, server: static_eliv.chisubuga.dev, request: "GET /live/c2e32572-1284-4fa4-a9b1-c6eb3ffa808c.m3u8 HTTP/1.1", host: "static_eliv.chisubuga.dev", referrer: "https://eliv.chisubuga.dev/"
2023/02/14 16:20:31 [error] 11#11: *57 open() "/eliv/videos/live/c2e32572-1284-4fa4-a9b1-c6eb3ffa808c.m3u8" failed (2: No such file or directory), client: 172.71.214.130, server: static_eliv.chisubuga.dev, request: "GET /live/c2e32572-1284-4fa4-a9b1-c6eb3ffa808c.m3u8 HTTP/1.1", host: "static_eliv.chisubuga.dev", referrer: "https://eliv.chisubuga.dev/"
2023/02/14 16:20:37 [error] 11#11: *57 open() "/eliv/videos/live/c2e32572-1284-4fa4-a9b1-c6eb3ffa808c.m3u8" failed (2: No such file or directory), client: 172.71.214.130, server: static_eliv.chisubuga.dev, request: "GET /live/c2e32572-1284-4fa4-a9b1-c6eb3ffa808c.m3u8 HTTP/1.1", host: "static_eliv.chisubuga.dev", referrer: "https://eliv.chisubuga.dev/"
2023/02/14 16:20:43 [error] 11#11: *57 open() "/eliv/videos/live/c2e32572-1284-4fa4-a9b1-c6eb3ffa808c.m3u8" failed (2: No such file or directory), client: 172.71.214.130, server: static_eliv.chisubuga.dev, request: "GET /live/c2e32572-1284-4fa4-a9b1-c6eb3ffa808c.m3u8 HTTP/1.1", host: "static_eliv.chisubuga.dev", referrer: "https://eliv.chisubuga.dev/"
2023/02/14 16:20:49 [error] 11#11: *57 open() "/eliv/videos/live/c2e32572-1284-4fa4-a9b1-c6eb3ffa808c.m3u8" failed (2: No such file or directory), client: 172.71.214.130, server: static_eliv.chisubuga.dev, request: "GET /live/c2e32572-1284-4fa4-a9b1-c6eb3ffa808c.m3u8 HTTP/1.1", host: "static_eliv.chisubuga.dev", referrer: "https://eliv.chisubuga.dev/"
2023/02/14 16:20:55 [error] 11#11: *57 open() "/eliv/videos/live/c2e32572-1284-4fa4-a9b1-c6eb3ffa808c.m3u8" failed (2: No such file or directory), client: 172.71.214.130, server: static_eliv.chisubuga.dev, request: "GET /live/c2e32572-1284-4fa4-a9b1-c6eb3ffa808c.m3u8 HTTP/1.1", host: "static_eliv.chisubuga.dev", referrer: "https://eliv.chisubuga.dev/"
2023/02/14 16:21:01 [error] 11#11: *57 open() "/eliv/videos/live/c2e32572-1284-4fa4-a9b1-c6eb3ffa808c.m3u8" failed (2: No such file or directory), client: 172.71.214.130, server: static_eliv.chisubuga.dev, request: "GET /live/c2e32572-1284-4fa4-a9b1-c6eb3ffa808c.m3u8 HTTP/1.1", host: "static_eliv.chisubuga.dev", referrer: "https://eliv.chisubuga.dev/"
2023/02/14 16:21:07 [error] 11#11: *57 open() "/eliv/videos/live/c2e32572-1284-4fa4-a9b1-c6eb3ffa808c.m3u8" failed (2: No such file or directory), client: 172.71.214.130, server: static_eliv.chisubuga.dev, request: "GET /live/c2e32572-1284-4fa4-a9b1-c6eb3ffa808c.m3u8 HTTP/1.1", host: "static_eliv.chisubuga.dev", referrer: "https://eliv.chisubuga.dev/"
2023/02/14 16:21:13 [error] 11#11: *57 open() "/eliv/videos/live/c2e32572-1284-4fa4-a9b1-c6eb3ffa808c.m3u8" failed (2: No such file or directory), client: 172.71.214.130, server: static_eliv.chisubuga.dev, request: "GET /live/c2e32572-1284-4fa4-a9b1-c6eb3ffa808c.m3u8 HTTP/1.1", host: "static_eliv.chisubuga.dev", referrer: "https://eliv.chisubuga.dev/"
2023/02/14 16:21:19 [error] 11#11: *57 open() "/eliv/videos/live/c2e32572-1284-4fa4-a9b1-c6eb3ffa808c.m3u8" failed (2: No such file or directory), client: 172.71.214.130, server: static_eliv.chisubuga.dev, request: "GET /live/c2e32572-1284-4fa4-a9b1-c6eb3ffa808c.m3u8 HTTP/1.1", host: "static_eliv.chisubuga.dev", referrer: "https://eliv.chisubuga.dev/"
2023/02/14 16:21:25 [error] 11#11: *57 open() "/eliv/videos/live/c2e32572-1284-4fa4-a9b1-c6eb3ffa808c.m3u8" failed (2: No such file or directory), client: 172.71.214.130, server: static_eliv.chisubuga.dev, request: "GET /live/c2e32572-1284-4fa4-a9b1-c6eb3ffa808c.m3u8 HTTP/1.1", host: "static_eliv.chisubuga.dev", referrer: "https://eliv.chisubuga.dev/"
2023/02/14 16:21:31 [error] 11#11: *57 open() "/eliv/videos/live/c2e32572-1284-4fa4-a9b1-c6eb3ffa808c.m3u8" failed (2: No such file or directory), client: 172.71.214.130, server: static_eliv.chisubuga.dev, request: "GET /live/c2e32572-1284-4fa4-a9b1-c6eb3ffa808c.m3u8 HTTP/1.1", host: "static_eliv.chisubuga.dev", referrer: "https://eliv.chisubuga.dev/"
2023/02/14 16:21:37 [error] 11#11: *57 open() "/eliv/videos/live/c2e32572-1284-4fa4-a9b1-c6eb3ffa808c.m3u8" failed (2: No such file or directory), client: 172.71.214.130, server: static_eliv.chisubuga.dev, request: "GET /live/c2e32572-1284-4fa4-a9b1-c6eb3ffa808c.m3u8 HTTP/1.1", host: "static_eliv.chisubuga.dev", referrer: "https://eliv.chisubuga.dev/"
2023/02/14 16:21:43 [error] 11#11: *57 open() "/eliv/videos/live/c2e32572-1284-4fa4-a9b1-c6eb3ffa808c.m3u8" failed (2: No such file or directory), client: 172.71.214.130, server: static_eliv.chisubuga.dev, request: "GET /live/c2e32572-1284-4fa4-a9b1-c6eb3ffa808c.m3u8 HTTP/1.1", host: "static_eliv.chisubuga.dev", referrer: "https://eliv.chisubuga.dev/"
2023/02/14 16:21:49 [error] 11#11: *57 open() "/eliv/videos/live/c2e32572-1284-4fa4-a9b1-c6eb3ffa808c.m3u8" failed (2: No such file or directory), client: 172.71.214.130, server: static_eliv.chisubuga.dev, request: "GET /live/c2e32572-1284-4fa4-a9b1-c6eb3ffa808c.m3u8 HTTP/1.1", host: "static_eliv.chisubuga.dev", referrer: "https://eliv.chisubuga.dev/"
2023/02/14 16:21:55 [error] 11#11: *57 open() "/eliv/videos/live/c2e32572-1284-4fa4-a9b1-c6eb3ffa808c.m3u8" failed (2: No such file or directory), client: 172.71.214.130, server: static_eliv.chisubuga.dev, request: "GET /live/c2e32572-1284-4fa4-a9b1-c6eb3ffa808c.m3u8 HTTP/1.1", host: "static_eliv.chisubuga.dev", referrer: "https://eliv.chisubuga.dev/"
2023/02/14 16:22:01 [error] 11#11: *57 open() "/eliv/videos/live/c2e32572-1284-4fa4-a9b1-c6eb3ffa808c.m3u8" failed (2: No such file or directory), client: 172.71.214.130, server: static_eliv.chisubuga.dev, request: "GET /live/c2e32572-1284-4fa4-a9b1-c6eb3ffa808c.m3u8 HTTP/1.1", host: "static_eliv.chisubuga.dev", referrer: "https://eliv.chisubuga.dev/"
2023/02/14 16:22:07 [error] 11#11: *57 open() "/eliv/videos/live/c2e32572-1284-4fa4-a9b1-c6eb3ffa808c.m3u8" failed (2: No such file or directory), client: 172.71.214.130, server: static_eliv.chisubuga.dev, request: "GET /live/c2e32572-1284-4fa4-a9b1-c6eb3ffa808c.m3u8 HTTP/1.1", host: "static_eliv.chisubuga.dev", referrer: "https://eliv.chisubuga.dev/"
2023/02/14 16:22:14 [error] 11#11: *57 open() "/eliv/videos/live/c2e32572-1284-4fa4-a9b1-c6eb3ffa808c.m3u8" failed (2: No such file or directory), client: 172.71.214.130, server: static_eliv.chisubuga.dev, request: "GET /live/c2e32572-1284-4fa4-a9b1-c6eb3ffa808c.m3u8 HTTP/1.1", host: "static_eliv.chisubuga.dev", referrer: "https://eliv.chisubuga.dev/"
2023/02/14 16:22:20 [error] 11#11: *57 open() "/eliv/videos/live/c2e32572-1284-4fa4-a9b1-c6eb3ffa808c.m3u8" failed (2: No such file or directory), client: 172.71.214.130, server: static_eliv.chisubuga.dev, request: "GET /live/c2e32572-1284-4fa4-a9b1-c6eb3ffa808c.m3u8 HTTP/1.1", host: "static_eliv.chisubuga.dev", referrer: "https://eliv.chisubuga.dev/"
2023/02/14 16:22:26 [error] 11#11: *57 open() "/eliv/videos/live/c2e32572-1284-4fa4-a9b1-c6eb3ffa808c.m3u8" failed (2: No such file or directory), client: 172.71.214.130, server: static_eliv.chisubuga.dev, request: "GET /live/c2e32572-1284-4fa4-a9b1-c6eb3ffa808c.m3u8 HTTP/1.1", host: "static_eliv.chisubuga.dev", referrer: "https://eliv.chisubuga.dev/"
2023/02/14 16:22:32 [error] 11#11: *57 open() "/eliv/videos/live/c2e32572-1284-4fa4-a9b1-c6eb3ffa808c.m3u8" failed (2: No such file or directory), client: 172.71.214.130, server: static_eliv.chisubuga.dev, request: "GET /live/c2e32572-1284-4fa4-a9b1-c6eb3ffa808c.m3u8 HTTP/1.1", host: "static_eliv.chisubuga.dev", referrer: "https://eliv.chisubuga.dev/"
2023/02/14 16:22:38 [error] 11#11: *57 open() "/eliv/videos/live/c2e32572-1284-4fa4-a9b1-c6eb3ffa808c.m3u8" failed (2: No such file or directory), client: 172.71.214.130, server: static_eliv.chisubuga.dev, request: "GET /live/c2e32572-1284-4fa4-a9b1-c6eb3ffa808c.m3u8 HTTP/1.1", host: "static_eliv.chisubuga.dev", referrer: "https://eliv.chisubuga.dev/"
2023/02/14 16:22:44 [error] 11#11: *57 open() "/eliv/videos/live/c2e32572-1284-4fa4-a9b1-c6eb3ffa808c.m3u8" failed (2: No such file or directory), client: 172.71.214.130, server: static_eliv.chisubuga.dev, request: "GET /live/c2e32572-1284-4fa4-a9b1-c6eb3ffa808c.m3u8 HTTP/1.1", host: "static_eliv.chisubuga.dev", referrer: "https://eliv.chisubuga.dev/"
2023/02/14 16:22:50 [error] 11#11: *57 open() "/eliv/videos/live/c2e32572-1284-4fa4-a9b1-c6eb3ffa808c.m3u8" failed (2: No such file or directory), client: 172.71.214.130, server: static_eliv.chisubuga.dev, request: "GET /live/c2e32572-1284-4fa4-a9b1-c6eb3ffa808c.m3u8 HTTP/1.1", host: "static_eliv.chisubuga.dev", referrer: "https://eliv.chisubuga.dev/"
2023/02/14 16:22:56 [error] 11#11: *57 open() "/eliv/videos/live/c2e32572-1284-4fa4-a9b1-c6eb3ffa808c.m3u8" failed (2: No such file or directory), client: 172.71.214.130, server: static_eliv.chisubuga.dev, request: "GET /live/c2e32572-1284-4fa4-a9b1-c6eb3ffa808c.m3u8 HTTP/1.1", host: "static_eliv.chisubuga.dev", referrer: "https://eliv.chisubuga.dev/"
2023/02/14 16:23:02 [error] 11#11: *57 open() "/eliv/videos/live/c2e32572-1284-4fa4-a9b1-c6eb3ffa808c.m3u8" failed (2: No such file or directory), client: 172.71.214.130, server: static_eliv.chisubuga.dev, request: "GET /live/c2e32572-1284-4fa4-a9b1-c6eb3ffa808c.m3u8 HTTP/1.1", host: "static_eliv.chisubuga.dev", referrer: "https://eliv.chisubuga.dev/"
2023/02/14 16:23:08 [error] 11#11: *57 open() "/eliv/videos/live/c2e32572-1284-4fa4-a9b1-c6eb3ffa808c.m3u8" failed (2: No such file or directory), client: 172.71.214.130, server: static_eliv.chisubuga.dev, request: "GET /live/c2e32572-1284-4fa4-a9b1-c6eb3ffa808c.m3u8 HTTP/1.1", host: "static_eliv.chisubuga.dev", referrer: "https://eliv.chisubuga.dev/"
2023/02/14 16:23:14 [error] 11#11: *57 open() "/eliv/videos/live/c2e32572-1284-4fa4-a9b1-c6eb3ffa808c.m3u8" failed (2: No such file or directory), client: 172.71.214.130, server: static_eliv.chisubuga.dev, request: "GET /live/c2e32572-1284-4fa4-a9b1-c6eb3ffa808c.m3u8 HTTP/1.1", host: "static_eliv.chisubuga.dev", referrer: "https://eliv.chisubuga.dev/"
2023/02/14 16:23:20 [error] 11#11: *57 open() "/eliv/videos/live/c2e32572-1284-4fa4-a9b1-c6eb3ffa808c.m3u8" failed (2: No such file or directory), client: 172.71.214.130, server: static_eliv.chisubuga.dev, request: "GET /live/c2e32572-1284-4fa4-a9b1-c6eb3ffa808c.m3u8 HTTP/1.1", host: "static_eliv.chisubuga.dev", referrer: "https://eliv.chisubuga.dev/"
2023/02/14 16:23:26 [error] 11#11: *57 open() "/eliv/videos/live/c2e32572-1284-4fa4-a9b1-c6eb3ffa808c.m3u8" failed (2: No such file or directory), client: 172.71.214.130, server: static_eliv.chisubuga.dev, request: "GET /live/c2e32572-1284-4fa4-a9b1-c6eb3ffa808c.m3u8 HTTP/1.1", host: "static_eliv.chisubuga.dev", referrer: "https://eliv.chisubuga.dev/"
2023/02/14 16:23:32 [error] 11#11: *57 open() "/eliv/videos/live/c2e32572-1284-4fa4-a9b1-c6eb3ffa808c.m3u8" failed (2: No such file or directory), client: 172.71.214.130, server: static_eliv.chisubuga.dev, request: "GET /live/c2e32572-1284-4fa4-a9b1-c6eb3ffa808c.m3u8 HTTP/1.1", host: "static_eliv.chisubuga.dev", referrer: "https://eliv.chisubuga.dev/"
2023/02/14 16:23:38 [error] 11#11: *57 open() "/eliv/videos/live/c2e32572-1284-4fa4-a9b1-c6eb3ffa808c.m3u8" failed (2: No such file or directory), client: 172.71.214.130, server: static_eliv.chisubuga.dev, request: "GET /live/c2e32572-1284-4fa4-a9b1-c6eb3ffa808c.m3u8 HTTP/1.1", host: "static_eliv.chisubuga.dev", referrer: "https://eliv.chisubuga.dev/"
2023/02/14 16:23:44 [error] 11#11: *57 open() "/eliv/videos/live/c2e32572-1284-4fa4-a9b1-c6eb3ffa808c.m3u8" failed (2: No such file or directory), client: 172.71.214.130, server: static_eliv.chisubuga.dev, request: "GET /live/c2e32572-1284-4fa4-a9b1-c6eb3ffa808c.m3u8 HTTP/1.1", host: "static_eliv.chisubuga.dev", referrer: "https://eliv.chisubuga.dev/"
2023/02/14 16:23:51 [error] 11#11: *57 open() "/eliv/videos/live/c2e32572-1284-4fa4-a9b1-c6eb3ffa808c.m3u8" failed (2: No such file or directory), client: 172.71.214.130, server: static_eliv.chisubuga.dev, request: "GET /live/c2e32572-1284-4fa4-a9b1-c6eb3ffa808c.m3u8 HTTP/1.1", host: "static_eliv.chisubuga.dev", referrer: "https://eliv.chisubuga.dev/"
2023/02/14 16:23:56 [error] 11#11: *57 open() "/eliv/videos/live/c2e32572-1284-4fa4-a9b1-c6eb3ffa808c.m3u8" failed (2: No such file or directory), client: 172.71.214.130, server: static_eliv.chisubuga.dev, request: "GET /live/c2e32572-1284-4fa4-a9b1-c6eb3ffa808c.m3u8 HTTP/1.1", host: "static_eliv.chisubuga.dev", referrer: "https://eliv.chisubuga.dev/"
2023/02/14 16:24:02 [error] 11#11: *57 open() "/eliv/videos/live/c2e32572-1284-4fa4-a9b1-c6eb3ffa808c.m3u8" failed (2: No such file or directory), client: 172.71.214.130, server: static_eliv.chisubuga.dev, request: "GET /live/c2e32572-1284-4fa4-a9b1-c6eb3ffa808c.m3u8 HTTP/1.1", host: "static_eliv.chisubuga.dev", referrer: "https://eliv.chisubuga.dev/"
2023/02/14 16:24:08 [error] 11#11: *57 open() "/eliv/videos/live/c2e32572-1284-4fa4-a9b1-c6eb3ffa808c.m3u8" failed (2: No such file or directory), client: 172.71.214.130, server: static_eliv.chisubuga.dev, request: "GET /live/c2e32572-1284-4fa4-a9b1-c6eb3ffa808c.m3u8 HTTP/1.1", host: "static_eliv.chisubuga.dev", referrer: "https://eliv.chisubuga.dev/"
2023/02/14 16:24:13 [error] 11#11: *57 open() "/eliv/videos/live/df0ea453-487f-438c-86fc-5ad135a3219b.m3u8" failed (2: No such file or directory), client: 172.71.214.130, server: static_eliv.chisubuga.dev, request: "GET /live/df0ea453-487f-438c-86fc-5ad135a3219b.m3u8 HTTP/1.1", host: "static_eliv.chisubuga.dev", referrer: "https://eliv.chisubuga.dev/"
2023/02/14 16:24:15 [info] 11#11: *158 client connected '171.252.188.95'
2023/02/14 16:24:15 [info] 11#11: *158 connect: app='live' args='' flashver='FMLE/3.0 (compatible; FMSc/1.0)' swf_url='rtmp://35.154.225.229:1935/live' tc_url='rtmp://35.154.225.229:1935/live' page_url='' acodecs=0 vcodecs=0 object_encoding=0, client: 171.252.188.95, server: 0.0.0.0:1935
2023/02/14 16:24:15 [info] 11#11: *158 createStream, client: 171.252.188.95, server: 0.0.0.0:1935
2023/02/14 16:24:15 [info] 11#11: *158 publish: name='f6442815-e40c-4a1d-a7c6-af4f83fc0f59' args='' type=live silent=0, client: 171.252.188.95, server: 0.0.0.0:1935
2023/02/14 16:24:15 [info] 11#11: *158 notify: publish 'api_server:27361/live-sessions/on-publish', client: 171.252.188.95, server: 0.0.0.0:1935
2023/02/14 16:24:15 [info] 11#11: *158 notify: publish redirect to 'df0ea453-487f-438c-86fc-5ad135a3219b', client: 171.252.188.95, server: 0.0.0.0:1935
2023/02/14 16:24:15 [info] 11#11: *158 relay: create push name='df0ea453-487f-438c-86fc-5ad135a3219b' app='' playpath='' url='localhost:1935/live_verified', client: 171.252.188.95, server: 0.0.0.0:1935
2023/02/14 16:24:15 [info] 11#11: *161 client connected '127.0.0.1'
2023/02/14 16:24:15 [info] 11#11: *161 connect: app='live_verified' args='' flashver='LNX.11,1,102,55' swf_url='' tc_url='rtmp://localhost:1935/live_verified' page_url='' acodecs=3575 vcodecs=252 object_encoding=0, client: 127.0.0.1, server: 0.0.0.0:1935
2023/02/14 16:24:15 [info] 11#11: *161 createStream, client: 127.0.0.1, server: 0.0.0.0:1935
2023/02/14 16:24:15 [info] 11#11: *161 publish: name='df0ea453-487f-438c-86fc-5ad135a3219b' args='' type=live silent=0, client: 127.0.0.1, server: 0.0.0.0:1935
2023/02/14 16:24:15 [info] 11#11: *161 exec: starting unmanaged child 'ffmpeg', client: 127.0.0.1, server: 0.0.0.0:1935
2023/02/14 16:24:15 [info] 11#11: *161 exec: starting managed child 'ffmpeg', client: 127.0.0.1, server: 0.0.0.0:1935
2023/02/14 16:24:16 [info] 11#11: *162 client connected '127.0.0.1'
2023/02/14 16:24:16 [info] 11#11: *163 client connected '127.0.0.1'
2023/02/14 16:24:16 [info] 11#11: *163 connect: app='live_verified' args='' flashver='LNX 9,0,124,2' swf_url='' tc_url='rtmp://localhost:1935/live_verified' page_url='' acodecs=4071 vcodecs=252 object_encoding=0, client: 127.0.0.1, server: 0.0.0.0:1935
2023/02/14 16:24:16 [info] 11#11: *162 connect: app='live_verified' args='' flashver='LNX 9,0,124,2' swf_url='' tc_url='rtmp://localhost:1935/live_verified' page_url='' acodecs=4071 vcodecs=252 object_encoding=0, client: 127.0.0.1, server: 0.0.0.0:1935
2023/02/14 16:24:16 [info] 11#11: *163 createStream, client: 127.0.0.1, server: 0.0.0.0:1935
2023/02/14 16:24:16 [info] 11#11: *162 createStream, client: 127.0.0.1, server: 0.0.0.0:1935
2023/02/14 16:24:16 [info] 11#11: *162 play: name='df0ea453-487f-438c-86fc-5ad135a3219b' args='' start=-2000 duration=0 reset=0 silent=0, client: 127.0.0.1, server: 0.0.0.0:1935
2023/02/14 16:24:16 [info] 11#11: *163 play: name='df0ea453-487f-438c-86fc-5ad135a3219b' args='' start=-2000 duration=0 reset=0 silent=0, client: 127.0.0.1, server: 0.0.0.0:1935
2023/02/14 16:24:18 [error] 11#11: *57 open() "/eliv/videos/live/df0ea453-487f-438c-86fc-5ad135a3219b.m3u8" failed (2: No such file or directory), client: 172.71.214.130, server: static_eliv.chisubuga.dev, request: "GET /live/df0ea453-487f-438c-86fc-5ad135a3219b.m3u8 HTTP/1.1", host: "static_eliv.chisubuga.dev", referrer: "https://eliv.chisubuga.dev/"
2023/02/14 16:24:23 [error] 11#11: *57 open() "/eliv/videos/live/df0ea453-487f-438c-86fc-5ad135a3219b.m3u8" failed (2: No such file or directory), client: 172.71.214.130, server: static_eliv.chisubuga.dev, request: "GET /live/df0ea453-487f-438c-86fc-5ad135a3219b.m3u8 HTTP/1.1", host: "static_eliv.chisubuga.dev", referrer: "https://eliv.chisubuga.dev/"
2023/02/14 16:24:26 [info] 11#11: *164 client connected '127.0.0.1'
2023/02/14 16:24:26 [info] 11#11: *164 connect: app='hls' args='' flashver='FMLE/3.0 (compatible; Lavf59.27' swf_url='' tc_url='rtmp://localhost:1935/hls' page_url='' acodecs=0 vcodecs=0 object_encoding=0, client: 127.0.0.1, server: 0.0.0.0:1935
2023/02/14 16:24:26 [info] 11#11: *162 deleteStream, client: 127.0.0.1, server: 0.0.0.0:1935
2023/02/14 16:24:26 [info] 11#11: *162 send() failed (104: Connection reset by peer), client: 127.0.0.1, server: 0.0.0.0:1935
2023/02/14 16:24:26 [info] 11#11: *162 disconnect, client: 127.0.0.1, server: 0.0.0.0:1935
2023/02/14 16:24:26 [info] 11#11: *162 deleteStream, client: 127.0.0.1, server: 0.0.0.0:1935
2023/02/14 16:24:26 [notice] 11#11: signal 17 (SIGCHLD) received from 320
2023/02/14 16:24:26 [notice] 11#11: unknown process 320 exited with code 1
2023/02/14 16:24:26 [info] 11#11: epoll_wait() failed (4: Interrupted system call)
2023/02/14 16:24:26 [info] 11#11: *164 createStream, client: 127.0.0.1, server: 0.0.0.0:1935
2023/02/14 16:24:26 [info] 11#11: *164 publish: name='df0ea453-487f-438c-86fc-5ad135a3219b_720p2628kbs' args='' type=live silent=0, client: 127.0.0.1, server: 0.0.0.0:1935
2023/02/14 16:24:26 [info] 11#11: *165 client connected '127.0.0.1'
2023/02/14 16:24:26 [info] 11#11: *165 connect: app='hls' args='' flashver='FMLE/3.0 (compatible; Lavf59.27' swf_url='' tc_url='rtmp://localhost:1935/hls' page_url='' acodecs=0 vcodecs=0 object_encoding=0, client: 127.0.0.1, server: 0.0.0.0:1935
2023/02/14 16:24:26 [info] 11#11: *165 createStream, client: 127.0.0.1, server: 0.0.0.0:1935
2023/02/14 16:24:26 [info] 11#11: *165 publish: name='df0ea453-487f-438c-86fc-5ad135a3219b_144p200kbs' args='' type=live silent=0, client: 127.0.0.1, server: 0.0.0.0:1935
2023/02/14 16:24:26 [error] 11#11: *165 hls: mkdir() failed on '/eliv/videos/live/df0ea453-487f-438c-86fc-5ad135a3219b_144p200kbs' (13: Permission denied), client: 127.0.0.1, server: 0.0.0.0:1935
2023/02/14 16:24:26 [error] 11#11: *164 hls: mkdir() failed on '/eliv/videos/live/df0ea453-487f-438c-86fc-5ad135a3219b_720p2628kbs' (13: Permission denied), client: 127.0.0.1, server: 0.0.0.0:1935
2023/02/14 16:24:26 [error] 11#11: *165 hls: mkdir() failed on '/eliv/videos/live/df0ea453-487f-438c-86fc-5ad135a3219b_144p200kbs' (13: Permission denied), client: 127.0.0.1, server: 0.0.0.0:1935
2023/02/14 16:24:26 [error] 11#11: *164 hls: mkdir() failed on '/eliv/videos/live/df0ea453-487f-438c-86fc-5ad135a3219b_720p2628kbs' (13: Permission denied), client: 127.0.0.1, server: 0.0.0.0:1935
2023/02/14 16:24:27 [error] 11#11: *164 hls: mkdir() failed on '/eliv/videos/live/df0ea453-487f-438c-86fc-5ad135a3219b_720p2628kbs' (13: Permission denied), client: 127.0.0.1, server: 0.0.0.0:1935
2023/02/14 16:24:27 [error] 11#11: *165 hls: mkdir() failed on '/eliv/videos/live/df0ea453-487f-438c-86fc-5ad135a3219b_144p200kbs' (13: Permission denied), client: 127.0.0.1, server: 0.0.0.0:1935
2023/02/14 16:24:28 [error] 11#11: *164 hls: mkdir() failed on '/eliv/videos/live/df0ea453-487f-438c-86fc-5ad135a3219b_720p2628kbs' (13: Permission denied), client: 127.0.0.1, server: 0.0.0.0:1935
2023/02/14 16:24:28 [error] 11#11: *57 open() "/eliv/videos/live/df0ea453-487f-438c-86fc-5ad135a3219b.m3u8" failed (2: No such file or directory), client: 172.71.214.130, server: static_eliv.chisubuga.dev, request: "GET /live/df0ea453-487f-438c-86fc-5ad135a3219b.m3u8 HTTP/1.1", host: "static_eliv.chisubuga.dev", referrer: "https://eliv.chisubuga.dev/"
2023/02/14 16:24:29 [error] 11#11: *165 hls: mkdir() failed on '/eliv/videos/live/df0ea453-487f-438c-86fc-5ad135a3219b_144p200kbs' (13: Permission denied), client: 127.0.0.1, server: 0.0.0.0:1935
2023/02/14 16:24:29 [error] 11#11: *164 hls: mkdir() failed on '/eliv/videos/live/df0ea453-487f-438c-86fc-5ad135a3219b_720p2628kbs' (13: Permission denied), client: 127.0.0.1, server: 0.0.0.0:1935
2023/02/14 16:24:30 [error] 11#11: *165 hls: mkdir() failed on '/eliv/videos/live/df0ea453-487f-438c-86fc-5ad135a3219b_144p200kbs' (13: Permission denied), client: 127.0.0.1, server: 0.0.0.0:1935
