2023/02/14 15:30:21 [info] 11#11: *313 SSL_do_handshake() failed (SSL: error:14094416:SSL routines:ssl3_read_bytes:sslv3 alert certificate unknown:SSL alert number 46) while SSL handshaking, client: 171.252.188.95, server: 0.0.0.0:443
2023/02/14 15:30:25 [info] 11#11: *319 SSL_do_handshake() failed (SSL: error:14094416:SSL routines:ssl3_read_bytes:sslv3 alert certificate unknown:SSL alert number 46) while SSL handshaking, client: 171.252.188.95, server: 0.0.0.0:443
2023/02/14 15:30:31 [info] 11#11: *332 SSL_do_handshake() failed (SSL: error:14094416:SSL routines:ssl3_read_bytes:sslv3 alert certificate unknown:SSL alert number 46) while SSL handshaking, client: 171.252.188.95, server: 0.0.0.0:443
2023/02/14 15:30:52 [warn] 11#11: *322 a client request body is buffered to a temporary file /usr/local/nginx/client_body_temp/0000000001, client: 172.71.214.114, server: api_eliv.chisubuga.dev, request: "POST /graphql HTTP/1.1", host: "api_eliv.chisubuga.dev", referrer: "https://eliv.chisubuga.dev/"
2023/02/14 15:30:57 [info] 11#11: *353 SSL_do_handshake() failed (SSL: error:14094416:SSL routines:ssl3_read_bytes:sslv3 alert certificate unknown:SSL alert number 46) while SSL handshaking, client: 171.252.188.95, server: 0.0.0.0:443
2023/02/14 15:30:57 [info] 11#11: *354 SSL_do_handshake() failed (SSL: error:14094416:SSL routines:ssl3_read_bytes:sslv3 alert certificate unknown:SSL alert number 46) while SSL handshaking, client: 171.252.188.95, server: 0.0.0.0:443
2023/02/14 15:31:03 [info] 11#11: *355 SSL_do_handshake() failed (SSL: error:14094416:SSL routines:ssl3_read_bytes:sslv3 alert certificate unknown:SSL alert number 46) while SSL handshaking, client: 171.252.188.95, server: 0.0.0.0:443
2023/02/14 15:31:04 [info] 11#11: *358 SSL_do_handshake() failed (SSL: error:14094416:SSL routines:ssl3_read_bytes:sslv3 alert certificate unknown:SSL alert number 46) while SSL handshaking, client: 171.252.188.95, server: 0.0.0.0:443
2023/02/14 15:34:29 [info] 11#11: *386 client timed out (110: Operation timed out) while waiting for request, client: 171.252.188.95, server: 0.0.0.0:80
2023/02/14 15:36:36 [info] 11#11: *387 SSL_do_handshake() failed (SSL: error:14094416:SSL routines:ssl3_read_bytes:sslv3 alert certificate unknown:SSL alert number 46) while SSL handshaking, client: 171.252.188.95, server: 0.0.0.0:443
2023/02/14 15:36:36 [info] 11#11: *388 SSL_do_handshake() failed (SSL: error:14094416:SSL routines:ssl3_read_bytes:sslv3 alert certificate unknown:SSL alert number 46) while SSL handshaking, client: 171.252.188.95, server: 0.0.0.0:443
2023/02/14 15:36:37 [info] 11#11: *389 SSL_do_handshake() failed (SSL: error:14094416:SSL routines:ssl3_read_bytes:sslv3 alert certificate unknown:SSL alert number 46) while SSL handshaking, client: 171.252.188.95, server: 0.0.0.0:443
2023/02/14 15:36:37 [info] 11#11: *390 SSL_do_handshake() failed (SSL: error:14094416:SSL routines:ssl3_read_bytes:sslv3 alert certificate unknown:SSL alert number 46) while SSL handshaking, client: 171.252.188.95, server: 0.0.0.0:443
2023/02/14 15:47:22 [info] 11#11: *391 SSL_do_handshake() failed (SSL: error:14094416:SSL routines:ssl3_read_bytes:sslv3 alert certificate unknown:SSL alert number 46) while SSL handshaking, client: 171.252.188.95, server: 0.0.0.0:443
2023/02/14 15:47:23 [info] 11#11: *392 SSL_do_handshake() failed (SSL: error:14094416:SSL routines:ssl3_read_bytes:sslv3 alert certificate unknown:SSL alert number 46) while SSL handshaking, client: 171.252.188.95, server: 0.0.0.0:443
2023/02/14 15:47:23 [info] 11#11: *393 SSL_do_handshake() failed (SSL: error:14094416:SSL routines:ssl3_read_bytes:sslv3 alert certificate unknown:SSL alert number 46) while SSL handshaking, client: 171.252.188.95, server: 0.0.0.0:443
2023/02/14 15:47:23 [info] 11#11: *394 SSL_do_handshake() failed (SSL: error:14094416:SSL routines:ssl3_read_bytes:sslv3 alert certificate unknown:SSL alert number 46) while SSL handshaking, client: 171.252.188.95, server: 0.0.0.0:443
2023/02/14 15:52:58 [info] 11#11: *395 client 3.235.161.89 closed keepalive connection
2023/02/14 16:01:06 [notice] 1#1: signal 15 (SIGTERM) received, exiting
2023/02/14 16:01:06 [notice] 11#11: exiting
2023/02/14 16:01:06 [notice] 11#11: exit
2023/02/14 16:01:07 [notice] 1#1: signal 17 (SIGCHLD) received from 11
2023/02/14 16:01:07 [notice] 1#1: worker process 11 exited with code 0
2023/02/14 16:01:07 [notice] 1#1: exit
2023/02/14 16:02:45 [notice] 1#1: using the "epoll" event method
2023/02/14 16:02:45 [notice] 1#1: nginx/1.23.1
2023/02/14 16:02:45 [notice] 1#1: built by gcc 11.2.1 20220219 (Alpine 11.2.1_git20220219) 
2023/02/14 16:02:45 [notice] 1#1: OS: Linux 5.15.0-1028-aws
2023/02/14 16:02:45 [notice] 1#1: getrlimit(RLIMIT_NOFILE): 1048576:1048576
2023/02/14 16:02:45 [notice] 1#1: start worker processes
2023/02/14 16:02:45 [notice] 1#1: start worker process 11
2023/02/14 16:02:55 [error] 11#11: *1 connect() failed (111: Connection refused) while connecting to upstream, client: 172.71.215.50, server: api_eliv.chisubuga.dev, request: "GET / HTTP/1.1", upstream: "http://172.25.0.5:27361/", host: "api_eliv.chisubuga.dev"
2023/02/14 16:02:56 [error] 11#11: *1 connect() failed (111: Connection refused) while connecting to upstream, client: 172.71.215.50, server: api_eliv.chisubuga.dev, request: "GET / HTTP/1.1", upstream: "http://172.25.0.5:27361/", host: "api_eliv.chisubuga.dev"
2023/02/14 16:03:00 [error] 11#11: *4 connect() failed (111: Connection refused) while connecting to upstream, client: 171.252.188.95, server: api_eliv.chisubuga.dev, request: "GET /robots.txt HTTP/1.1", upstream: "http://172.25.0.5:27361/robots.txt", host: "api_eliv.chisubuga.dev"
2023/02/14 16:03:01 [error] 11#11: *1 connect() failed (111: Connection refused) while connecting to upstream, client: 172.71.215.50, server: api_eliv.chisubuga.dev, request: "GET / HTTP/1.1", upstream: "http://172.25.0.5:27361/", host: "api_eliv.chisubuga.dev"
2023/02/14 16:03:55 [notice] 1#1: signal 15 (SIGTERM) received, exiting
2023/02/14 16:03:55 [notice] 11#11: exiting
2023/02/14 16:03:55 [notice] 11#11: exit
2023/02/14 16:03:55 [notice] 1#1: signal 17 (SIGCHLD) received from 11
2023/02/14 16:03:55 [notice] 1#1: worker process 11 exited with code 0
2023/02/14 16:03:55 [notice] 1#1: signal 14 (SIGALRM) received
2023/02/14 16:03:55 [notice] 1#1: exit
2023/02/14 16:04:07 [notice] 1#1: using the "epoll" event method
2023/02/14 16:04:07 [notice] 1#1: nginx/1.23.1
2023/02/14 16:04:07 [notice] 1#1: built by gcc 11.2.1 20220219 (Alpine 11.2.1_git20220219) 
2023/02/14 16:04:07 [notice] 1#1: OS: Linux 5.15.0-1028-aws
2023/02/14 16:04:07 [notice] 1#1: getrlimit(RLIMIT_NOFILE): 1048576:1048576
2023/02/14 16:04:07 [notice] 1#1: start worker processes
2023/02/14 16:04:07 [notice] 1#1: start worker process 11
2023/02/14 16:07:42 [info] 11#11: *3 client 95.214.235.205 closed keepalive connection
2023/02/14 16:07:44 [info] 11#11: *5 client 95.214.235.205 closed keepalive connection
2023/02/14 16:08:05 [error] 11#11: *9 directory index of "/www/static/" is forbidden, client: 162.158.178.78, server: static_eliv.chisubuga.dev, request: "GET / HTTP/1.1", host: "static_eliv.chisubuga.dev"
2023/02/14 16:14:51 [error] 11#11: *57 open() "/eliv/videos/live/172beb79-2db3-42ae-a9cf-6b2e79dbc609.m3u8" failed (2: No such file or directory), client: 172.71.214.130, server: static_eliv.chisubuga.dev, request: "GET /live/172beb79-2db3-42ae-a9cf-6b2e79dbc609.m3u8 HTTP/1.1", host: "static_eliv.chisubuga.dev", referrer: "https://eliv.chisubuga.dev/"
2023/02/14 16:14:56 [error] 11#11: *57 open() "/eliv/videos/live/172beb79-2db3-42ae-a9cf-6b2e79dbc609.m3u8" failed (2: No such file or directory), client: 172.71.214.130, server: static_eliv.chisubuga.dev, request: "GET /live/172beb79-2db3-42ae-a9cf-6b2e79dbc609.m3u8 HTTP/1.1", host: "static_eliv.chisubuga.dev", referrer: "https://eliv.chisubuga.dev/"
2023/02/14 16:14:57 [info] 11#11: *60 client connected '171.252.188.95'
2023/02/14 16:14:58 [info] 11#11: *60 connect: app='live' args='' flashver='FMLE/3.0 (compatible; FMSc/1.0)' swf_url='rtmp://35.154.225.229:1935/live' tc_url='rtmp://35.154.225.229:1935/live' page_url='' acodecs=0 vcodecs=0 object_encoding=0, client: 171.252.188.95, server: 0.0.0.0:1935
2023/02/14 16:14:58 [info] 11#11: *60 createStream, client: 171.252.188.95, server: 0.0.0.0:1935
2023/02/14 16:14:58 [info] 11#11: *60 publish: name='f6442815-e40c-4a1d-a7c6-af4f83fc0f59' args='' type=live silent=0, client: 171.252.188.95, server: 0.0.0.0:1935
2023/02/14 16:14:58 [info] 11#11: *60 notify: publish 'api_server:27361/live-sessions/on-publish', client: 171.252.188.95, server: 0.0.0.0:1935
2023/02/14 16:14:58 [info] 11#11: *60 notify: publish redirect to '172beb79-2db3-42ae-a9cf-6b2e79dbc609', client: 171.252.188.95, server: 0.0.0.0:1935
2023/02/14 16:14:58 [info] 11#11: *60 relay: create push name='172beb79-2db3-42ae-a9cf-6b2e79dbc609' app='' playpath='' url='localhost:1935/live_verified', client: 171.252.188.95, server: 0.0.0.0:1935
2023/02/14 16:14:58 [info] 11#11: *63 client connected '127.0.0.1'
2023/02/14 16:14:58 [info] 11#11: *63 connect: app='live_verified' args='' flashver='LNX.11,1,102,55' swf_url='' tc_url='rtmp://localhost:1935/live_verified' page_url='' acodecs=3575 vcodecs=252 object_encoding=0, client: 127.0.0.1, server: 0.0.0.0:1935
2023/02/14 16:14:58 [info] 11#11: *63 createStream, client: 127.0.0.1, server: 0.0.0.0:1935
2023/02/14 16:14:58 [info] 11#11: *63 publish: name='172beb79-2db3-42ae-a9cf-6b2e79dbc609' args='' type=live silent=0, client: 127.0.0.1, server: 0.0.0.0:1935
2023/02/14 16:14:58 [info] 11#11: *63 exec: starting unmanaged child 'ffmpeg', client: 127.0.0.1, server: 0.0.0.0:1935
2023/02/14 16:14:58 [info] 11#11: *63 exec: starting managed child 'ffmpeg', client: 127.0.0.1, server: 0.0.0.0:1935
2023/02/14 16:14:59 [info] 11#11: *64 client connected '127.0.0.1'
2023/02/14 16:14:59 [info] 11#11: *65 client connected '127.0.0.1'
2023/02/14 16:14:59 [info] 11#11: *64 connect: app='live_verified' args='' flashver='LNX 9,0,124,2' swf_url='' tc_url='rtmp://localhost:1935/live_verified' page_url='' acodecs=4071 vcodecs=252 object_encoding=0, client: 127.0.0.1, server: 0.0.0.0:1935
2023/02/14 16:14:59 [info] 11#11: *65 connect: app='live_verified' args='' flashver='LNX 9,0,124,2' swf_url='' tc_url='rtmp://localhost:1935/live_verified' page_url='' acodecs=4071 vcodecs=252 object_encoding=0, client: 127.0.0.1, server: 0.0.0.0:1935
2023/02/14 16:14:59 [info] 11#11: *65 createStream, client: 127.0.0.1, server: 0.0.0.0:1935
2023/02/14 16:14:59 [info] 11#11: *64 createStream, client: 127.0.0.1, server: 0.0.0.0:1935
2023/02/14 16:14:59 [info] 11#11: *65 play: name='172beb79-2db3-42ae-a9cf-6b2e79dbc609' args='' start=-2000 duration=0 reset=0 silent=0, client: 127.0.0.1, server: 0.0.0.0:1935
2023/02/14 16:14:59 [info] 11#11: *64 play: name='172beb79-2db3-42ae-a9cf-6b2e79dbc609' args='' start=-2000 duration=0 reset=0 silent=0, client: 127.0.0.1, server: 0.0.0.0:1935
2023/02/14 16:15:01 [error] 11#11: *57 open() "/eliv/videos/live/172beb79-2db3-42ae-a9cf-6b2e79dbc609.m3u8" failed (2: No such file or directory), client: 172.71.214.130, server: static_eliv.chisubuga.dev, request: "GET /live/172beb79-2db3-42ae-a9cf-6b2e79dbc609.m3u8 HTTP/1.1", host: "static_eliv.chisubuga.dev", referrer: "https://eliv.chisubuga.dev/"
2023/02/14 16:15:06 [error] 11#11: *57 open() "/eliv/videos/live/172beb79-2db3-42ae-a9cf-6b2e79dbc609.m3u8" failed (2: No such file or directory), client: 172.71.214.130, server: static_eliv.chisubuga.dev, request: "GET /live/172beb79-2db3-42ae-a9cf-6b2e79dbc609.m3u8 HTTP/1.1", host: "static_eliv.chisubuga.dev", referrer: "https://eliv.chisubuga.dev/"
2023/02/14 16:15:08 [info] 11#11: *66 client connected '127.0.0.1'
2023/02/14 16:15:08 [info] 11#11: *66 connect: app='hls' args='' flashver='FMLE/3.0 (compatible; Lavf59.27' swf_url='' tc_url='rtmp://localhost:1935/hls' page_url='' acodecs=0 vcodecs=0 object_encoding=0, client: 127.0.0.1, server: 0.0.0.0:1935
2023/02/14 16:15:09 [info] 11#11: *64 deleteStream, client: 127.0.0.1, server: 0.0.0.0:1935
2023/02/14 16:15:09 [info] 11#11: *64 send() failed (104: Connection reset by peer), client: 127.0.0.1, server: 0.0.0.0:1935
2023/02/14 16:15:09 [info] 11#11: *64 disconnect, client: 127.0.0.1, server: 0.0.0.0:1935
2023/02/14 16:15:09 [info] 11#11: *64 deleteStream, client: 127.0.0.1, server: 0.0.0.0:1935
2023/02/14 16:15:09 [notice] 11#11: signal 17 (SIGCHLD) received from 12
2023/02/14 16:15:09 [notice] 11#11: unknown process 12 exited with code 1
2023/02/14 16:15:09 [info] 11#11: epoll_wait() failed (4: Interrupted system call)
2023/02/14 16:15:09 [info] 11#11: *66 createStream, client: 127.0.0.1, server: 0.0.0.0:1935
2023/02/14 16:15:09 [info] 11#11: *66 publish: name='172beb79-2db3-42ae-a9cf-6b2e79dbc609_720p2628kbs' args='' type=live silent=0, client: 127.0.0.1, server: 0.0.0.0:1935
2023/02/14 16:15:09 [info] 11#11: *67 client connected '127.0.0.1'
2023/02/14 16:15:09 [info] 11#11: *67 connect: app='hls' args='' flashver='FMLE/3.0 (compatible; Lavf59.27' swf_url='' tc_url='rtmp://localhost:1935/hls' page_url='' acodecs=0 vcodecs=0 object_encoding=0, client: 127.0.0.1, server: 0.0.0.0:1935
2023/02/14 16:15:09 [info] 11#11: *67 createStream, client: 127.0.0.1, server: 0.0.0.0:1935
2023/02/14 16:15:09 [info] 11#11: *67 publish: name='172beb79-2db3-42ae-a9cf-6b2e79dbc609_144p200kbs' args='' type=live silent=0, client: 127.0.0.1, server: 0.0.0.0:1935
2023/02/14 16:15:09 [error] 11#11: *67 hls: mkdir() failed on '/eliv/videos/live/172beb79-2db3-42ae-a9cf-6b2e79dbc609_144p200kbs' (13: Permission denied), client: 127.0.0.1, server: 0.0.0.0:1935
2023/02/14 16:15:09 [error] 11#11: *66 hls: mkdir() failed on '/eliv/videos/live/172beb79-2db3-42ae-a9cf-6b2e79dbc609_720p2628kbs' (13: Permission denied), client: 127.0.0.1, server: 0.0.0.0:1935
2023/02/14 16:15:09 [error] 11#11: *67 hls: mkdir() failed on '/eliv/videos/live/172beb79-2db3-42ae-a9cf-6b2e79dbc609_144p200kbs' (13: Permission denied), client: 127.0.0.1, server: 0.0.0.0:1935
2023/02/14 16:15:09 [error] 11#11: *66 hls: mkdir() failed on '/eliv/videos/live/172beb79-2db3-42ae-a9cf-6b2e79dbc609_720p2628kbs' (13: Permission denied), client: 127.0.0.1, server: 0.0.0.0:1935
2023/02/14 16:15:10 [error] 11#11: *66 hls: mkdir() failed on '/eliv/videos/live/172beb79-2db3-42ae-a9cf-6b2e79dbc609_720p2628kbs' (13: Permission denied), client: 127.0.0.1, server: 0.0.0.0:1935
2023/02/14 16:15:10 [error] 11#11: *67 hls: mkdir() failed on '/eliv/videos/live/172beb79-2db3-42ae-a9cf-6b2e79dbc609_144p200kbs' (13: Permission denied), client: 127.0.0.1, server: 0.0.0.0:1935
2023/02/14 16:15:11 [error] 11#11: *66 hls: mkdir() failed on '/eliv/videos/live/172beb79-2db3-42ae-a9cf-6b2e79dbc609_720p2628kbs' (13: Permission denied), client: 127.0.0.1, server: 0.0.0.0:1935
2023/02/14 16:15:11 [error] 11#11: *67 hls: mkdir() failed on '/eliv/videos/live/172beb79-2db3-42ae-a9cf-6b2e79dbc609_144p200kbs' (13: Permission denied), client: 127.0.0.1, server: 0.0.0.0:1935
2023/02/14 16:15:12 [error] 11#11: *57 open() "/eliv/videos/live/172beb79-2db3-42ae-a9cf-6b2e79dbc609.m3u8" failed (2: No such file or directory), client: 172.71.214.130, server: static_eliv.chisubuga.dev, request: "GET /live/172beb79-2db3-42ae-a9cf-6b2e79dbc609.m3u8 HTTP/1.1", host: "static_eliv.chisubuga.dev", referrer: "https://eliv.chisubuga.dev/"
2023/02/14 16:15:12 [error] 11#11: *66 hls: mkdir() failed on '/eliv/videos/live/172beb79-2db3-42ae-a9cf-6b2e79dbc609_720p2628kbs' (13: Permission denied), client: 127.0.0.1, server: 0.0.0.0:1935
2023/02/14 16:15:13 [error] 11#11: *67 hls: mkdir() failed on '/eliv/videos/live/172beb79-2db3-42ae-a9cf-6b2e79dbc609_144p200kbs' (13: Permission denied), client: 127.0.0.1, server: 0.0.0.0:1935
2023/02/14 16:15:13 [error] 11#11: *66 hls: mkdir() failed on '/eliv/videos/live/172beb79-2db3-42ae-a9cf-6b2e79dbc609_720p2628kbs' (13: Permission denied), client: 127.0.0.1, server: 0.0.0.0:1935
2023/02/14 16:15:14 [error] 11#11: *67 hls: mkdir() failed on '/eliv/videos/live/172beb79-2db3-42ae-a9cf-6b2e79dbc609_144p200kbs' (13: Permission denied), client: 127.0.0.1, server: 0.0.0.0:1935
2023/02/14 16:15:14 [error] 11#11: *66 hls: mkdir() failed on '/eliv/videos/live/172beb79-2db3-42ae-a9cf-6b2e79dbc609_720p2628kbs' (13: Permission denied), client: 127.0.0.1, server: 0.0.0.0:1935
2023/02/14 16:15:15 [error] 11#11: *66 hls: mkdir() failed on '/eliv/videos/live/172beb79-2db3-42ae-a9cf-6b2e79dbc609_720p2628kbs' (13: Permission denied), client: 127.0.0.1, server: 0.0.0.0:1935
2023/02/14 16:15:15 [error] 11#11: *67 hls: mkdir() failed on '/eliv/videos/live/172beb79-2db3-42ae-a9cf-6b2e79dbc609_144p200kbs' (13: Permission denied), client: 127.0.0.1, server: 0.0.0.0:1935
2023/02/14 16:15:16 [error] 11#11: *66 hls: mkdir() failed on '/eliv/videos/live/172beb79-2db3-42ae-a9cf-6b2e79dbc609_720p2628kbs' (13: Permission denied), client: 127.0.0.1, server: 0.0.0.0:1935
2023/02/14 16:15:16 [error] 11#11: *67 hls: mkdir() failed on '/eliv/videos/live/172beb79-2db3-42ae-a9cf-6b2e79dbc609_144p200kbs' (13: Permission denied), client: 127.0.0.1, server: 0.0.0.0:1935
2023/02/14 16:15:17 [error] 11#11: *57 open() "/eliv/videos/live/172beb79-2db3-42ae-a9cf-6b2e79dbc609.m3u8" failed (2: No such file or directory), client: 172.71.214.130, server: static_eliv.chisubuga.dev, request: "GET /live/172beb79-2db3-42ae-a9cf-6b2e79dbc609.m3u8 HTTP/1.1", host: "static_eliv.chisubuga.dev", referrer: "https://eliv.chisubuga.dev/"
2023/02/14 16:15:17 [error] 11#11: *66 hls: mkdir() failed on '/eliv/videos/live/172beb79-2db3-42ae-a9cf-6b2e79dbc609_720p2628kbs' (13: Permission denied), client: 127.0.0.1, server: 0.0.0.0:1935
2023/02/14 16:15:18 [error] 11#11: *67 hls: mkdir() failed on '/eliv/videos/live/172beb79-2db3-42ae-a9cf-6b2e79dbc609_144p200kbs' (13: Permission denied), client: 127.0.0.1, server: 0.0.0.0:1935
2023/02/14 16:15:18 [error] 11#11: *66 hls: mkdir() failed on '/eliv/videos/live/172beb79-2db3-42ae-a9cf-6b2e79dbc609_720p2628kbs' (13: Permission denied), client: 127.0.0.1, server: 0.0.0.0:1935
2023/02/14 16:15:19 [error] 11#11: *67 hls: mkdir() failed on '/eliv/videos/live/172beb79-2db3-42ae-a9cf-6b2e79dbc609_144p200kbs' (13: Permission denied), client: 127.0.0.1, server: 0.0.0.0:1935
2023/02/14 16:15:19 [error] 11#11: *66 hls: mkdir() failed on '/eliv/videos/live/172beb79-2db3-42ae-a9cf-6b2e79dbc609_720p2628kbs' (13: Permission denied), client: 127.0.0.1, server: 0.0.0.0:1935
2023/02/14 16:15:20 [error] 11#11: *66 hls: mkdir() failed on '/eliv/videos/live/172beb79-2db3-42ae-a9cf-6b2e79dbc609_720p2628kbs' (13: Permission denied), client: 127.0.0.1, server: 0.0.0.0:1935
2023/02/14 16:15:20 [error] 11#11: *67 hls: mkdir() failed on '/eliv/videos/live/172beb79-2db3-42ae-a9cf-6b2e79dbc609_144p200kbs' (13: Permission denied), client: 127.0.0.1, server: 0.0.0.0:1935
2023/02/14 16:15:21 [error] 11#11: *66 hls: mkdir() failed on '/eliv/videos/live/172beb79-2db3-42ae-a9cf-6b2e79dbc609_720p2628kbs' (13: Permission denied), client: 127.0.0.1, server: 0.0.0.0:1935
2023/02/14 16:15:21 [error] 11#11: *67 hls: mkdir() failed on '/eliv/videos/live/172beb79-2db3-42ae-a9cf-6b2e79dbc609_144p200kbs' (13: Permission denied), client: 127.0.0.1, server: 0.0.0.0:1935
2023/02/14 16:15:22 [error] 11#11: *66 hls: mkdir() failed on '/eliv/videos/live/172beb79-2db3-42ae-a9cf-6b2e79dbc609_720p2628kbs' (13: Permission denied), client: 127.0.0.1, server: 0.0.0.0:1935
2023/02/14 16:15:22 [error] 11#11: *57 open() "/eliv/videos/live/172beb79-2db3-42ae-a9cf-6b2e79dbc609.m3u8" failed (2: No such file or directory), client: 172.71.214.130, server: static_eliv.chisubuga.dev, request: "GET /live/172beb79-2db3-42ae-a9cf-6b2e79dbc609.m3u8 HTTP/1.1", host: "static_eliv.chisubuga.dev", referrer: "https://eliv.chisubuga.dev/"
2023/02/14 16:15:23 [error] 11#11: *67 hls: mkdir() failed on '/eliv/videos/live/172beb79-2db3-42ae-a9cf-6b2e79dbc609_144p200kbs' (13: Permission denied), client: 127.0.0.1, server: 0.0.0.0:1935
2023/02/14 16:15:23 [error] 11#11: *66 hls: mkdir() failed on '/eliv/videos/live/172beb79-2db3-42ae-a9cf-6b2e79dbc609_720p2628kbs' (13: Permission denied), client: 127.0.0.1, server: 0.0.0.0:1935
2023/02/14 16:15:24 [error] 11#11: *67 hls: mkdir() failed on '/eliv/videos/live/172beb79-2db3-42ae-a9cf-6b2e79dbc609_144p200kbs' (13: Permission denied), client: 127.0.0.1, server: 0.0.0.0:1935
2023/02/14 16:15:24 [error] 11#11: *66 hls: mkdir() failed on '/eliv/videos/live/172beb79-2db3-42ae-a9cf-6b2e79dbc609_720p2628kbs' (13: Permission denied), client: 127.0.0.1, server: 0.0.0.0:1935
2023/02/14 16:15:26 [error] 11#11: *66 hls: mkdir() failed on '/eliv/videos/live/172beb79-2db3-42ae-a9cf-6b2e79dbc609_720p2628kbs' (13: Permission denied), client: 127.0.0.1, server: 0.0.0.0:1935
2023/02/14 16:15:26 [error] 11#11: *67 hls: mkdir() failed on '/eliv/videos/live/172beb79-2db3-42ae-a9cf-6b2e79dbc609_144p200kbs' (13: Permission denied), client: 127.0.0.1, server: 0.0.0.0:1935
2023/02/14 16:15:26 [error] 11#11: *66 hls: mkdir() failed on '/eliv/videos/live/172beb79-2db3-42ae-a9cf-6b2e79dbc609_720p2628kbs' (13: Permission denied), client: 127.0.0.1, server: 0.0.0.0:1935
2023/02/14 16:15:27 [error] 11#11: *57 open() "/eliv/videos/live/172beb79-2db3-42ae-a9cf-6b2e79dbc609.m3u8" failed (2: No such file or directory), client: 172.71.214.130, server: static_eliv.chisubuga.dev, request: "GET /live/172beb79-2db3-42ae-a9cf-6b2e79dbc609.m3u8 HTTP/1.1", host: "static_eliv.chisubuga.dev", referrer: "https://eliv.chisubuga.dev/"
2023/02/14 16:15:27 [error] 11#11: *67 hls: mkdir() failed on '/eliv/videos/live/172beb79-2db3-42ae-a9cf-6b2e79dbc609_144p200kbs' (13: Permission denied), client: 127.0.0.1, server: 0.0.0.0:1935
2023/02/14 16:15:28 [error] 11#11: *66 hls: mkdir() failed on '/eliv/videos/live/172beb79-2db3-42ae-a9cf-6b2e79dbc609_720p2628kbs' (13: Permission denied), client: 127.0.0.1, server: 0.0.0.0:1935
2023/02/14 16:15:28 [error] 11#11: *67 hls: mkdir() failed on '/eliv/videos/live/172beb79-2db3-42ae-a9cf-6b2e79dbc609_144p200kbs' (13: Permission denied), client: 127.0.0.1, server: 0.0.0.0:1935
2023/02/14 16:15:28 [error] 11#11: *66 hls: mkdir() failed on '/eliv/videos/live/172beb79-2db3-42ae-a9cf-6b2e79dbc609_720p2628kbs' (13: Permission denied), client: 127.0.0.1, server: 0.0.0.0:1935
2023/02/14 16:15:29 [error] 11#11: *67 hls: mkdir() failed on '/eliv/videos/live/172beb79-2db3-42ae-a9cf-6b2e79dbc609_144p200kbs' (13: Permission denied), client: 127.0.0.1, server: 0.0.0.0:1935
2023/02/14 16:15:29 [error] 11#11: *66 hls: mkdir() failed on '/eliv/videos/live/172beb79-2db3-42ae-a9cf-6b2e79dbc609_720p2628kbs' (13: Permission denied), client: 127.0.0.1, server: 0.0.0.0:1935
2023/02/14 16:15:30 [error] 11#11: *66 hls: mkdir() failed on '/eliv/videos/live/172beb79-2db3-42ae-a9cf-6b2e79dbc609_720p2628kbs' (13: Permission denied), client: 127.0.0.1, server: 0.0.0.0:1935
2023/02/14 16:15:30 [error] 11#11: *67 hls: mkdir() failed on '/eliv/videos/live/172beb79-2db3-42ae-a9cf-6b2e79dbc609_144p200kbs' (13: Permission denied), client: 127.0.0.1, server: 0.0.0.0:1935
2023/02/14 16:15:31 [error] 11#11: *66 hls: mkdir() failed on '/eliv/videos/live/172beb79-2db3-42ae-a9cf-6b2e79dbc609_720p2628kbs' (13: Permission denied), client: 127.0.0.1, server: 0.0.0.0:1935
2023/02/14 16:15:31 [error] 11#11: *67 hls: mkdir() failed on '/eliv/videos/live/172beb79-2db3-42ae-a9cf-6b2e79dbc609_144p200kbs' (13: Permission denied), client: 127.0.0.1, server: 0.0.0.0:1935
2023/02/14 16:15:32 [error] 11#11: *66 hls: mkdir() failed on '/eliv/videos/live/172beb79-2db3-42ae-a9cf-6b2e79dbc609_720p2628kbs' (13: Permission denied), client: 127.0.0.1, server: 0.0.0.0:1935
2023/02/14 16:15:32 [error] 11#11: *57 open() "/eliv/videos/live/172beb79-2db3-42ae-a9cf-6b2e79dbc609.m3u8" failed (2: No such file or directory), client: 172.71.214.130, server: static_eliv.chisubuga.dev, request: "GET /live/172beb79-2db3-42ae-a9cf-6b2e79dbc609.m3u8 HTTP/1.1", host: "static_eliv.chisubuga.dev", referrer: "https://eliv.chisubuga.dev/"
2023/02/14 16:15:33 [error] 11#11: *67 hls: mkdir() failed on '/eliv/videos/live/172beb79-2db3-42ae-a9cf-6b2e79dbc609_144p200kbs' (13: Permission denied), client: 127.0.0.1, server: 0.0.0.0:1935
2023/02/14 16:15:33 [error] 11#11: *67 hls: mkdir() failed on '/eliv/videos/live/172beb79-2db3-42ae-a9cf-6b2e79dbc609_144p200kbs' (13: Permission denied), client: 127.0.0.1, server: 0.0.0.0:1935
2023/02/14 16:15:33 [error] 11#11: *66 hls: mkdir() failed on '/eliv/videos/live/172beb79-2db3-42ae-a9cf-6b2e79dbc609_720p2628kbs' (13: Permission denied), client: 127.0.0.1, server: 0.0.0.0:1935
2023/02/14 16:15:34 [error] 11#11: *66 hls: mkdir() failed on '/eliv/videos/live/172beb79-2db3-42ae-a9cf-6b2e79dbc609_720p2628kbs' (13: Permission denied), client: 127.0.0.1, server: 0.0.0.0:1935
2023/02/14 16:15:34 [error] 11#11: *67 hls: mkdir() failed on '/eliv/videos/live/172beb79-2db3-42ae-a9cf-6b2e79dbc609_144p200kbs' (13: Permission denied), client: 127.0.0.1, server: 0.0.0.0:1935
2023/02/14 16:15:35 [error] 11#11: *66 hls: mkdir() failed on '/eliv/videos/live/172beb79-2db3-42ae-a9cf-6b2e79dbc609_720p2628kbs' (13: Permission denied), client: 127.0.0.1, server: 0.0.0.0:1935
2023/02/14 16:15:35 [error] 11#11: *67 hls: mkdir() failed on '/eliv/videos/live/172beb79-2db3-42ae-a9cf-6b2e79dbc609_144p200kbs' (13: Permission denied), client: 127.0.0.1, server: 0.0.0.0:1935
2023/02/14 16:15:36 [error] 11#11: *66 hls: mkdir() failed on '/eliv/videos/live/172beb79-2db3-42ae-a9cf-6b2e79dbc609_720p2628kbs' (13: Permission denied), client: 127.0.0.1, server: 0.0.0.0:1935
2023/02/14 16:15:37 [error] 11#11: *67 hls: mkdir() failed on '/eliv/videos/live/172beb79-2db3-42ae-a9cf-6b2e79dbc609_144p200kbs' (13: Permission denied), client: 127.0.0.1, server: 0.0.0.0:1935
2023/02/14 16:15:37 [error] 11#11: *66 hls: mkdir() failed on '/eliv/videos/live/172beb79-2db3-42ae-a9cf-6b2e79dbc609_720p2628kbs' (13: Permission denied), client: 127.0.0.1, server: 0.0.0.0:1935
2023/02/14 16:15:37 [error] 11#11: *57 open() "/eliv/videos/live/172beb79-2db3-42ae-a9cf-6b2e79dbc609.m3u8" failed (2: No such file or directory), client: 172.71.214.130, server: static_eliv.chisubuga.dev, request: "GET /live/172beb79-2db3-42ae-a9cf-6b2e79dbc609.m3u8 HTTP/1.1", host: "static_eliv.chisubuga.dev", referrer: "https://eliv.chisubuga.dev/"
2023/02/14 16:15:38 [error] 11#11: *67 hls: mkdir() failed on '/eliv/videos/live/172beb79-2db3-42ae-a9cf-6b2e79dbc609_144p200kbs' (13: Permission denied), client: 127.0.0.1, server: 0.0.0.0:1935
2023/02/14 16:15:38 [error] 11#11: *66 hls: mkdir() failed on '/eliv/videos/live/172beb79-2db3-42ae-a9cf-6b2e79dbc609_720p2628kbs' (13: Permission denied), client: 127.0.0.1, server: 0.0.0.0:1935
2023/02/14 16:15:39 [error] 11#11: *66 hls: mkdir() failed on '/eliv/videos/live/172beb79-2db3-42ae-a9cf-6b2e79dbc609_720p2628kbs' (13: Permission denied), client: 127.0.0.1, server: 0.0.0.0:1935
2023/02/14 16:15:39 [error] 11#11: *67 hls: mkdir() failed on '/eliv/videos/live/172beb79-2db3-42ae-a9cf-6b2e79dbc609_144p200kbs' (13: Permission denied), client: 127.0.0.1, server: 0.0.0.0:1935
2023/02/14 16:15:40 [error] 11#11: *66 hls: mkdir() failed on '/eliv/videos/live/172beb79-2db3-42ae-a9cf-6b2e79dbc609_720p2628kbs' (13: Permission denied), client: 127.0.0.1, server: 0.0.0.0:1935
2023/02/14 16:15:40 [error] 11#11: *67 hls: mkdir() failed on '/eliv/videos/live/172beb79-2db3-42ae-a9cf-6b2e79dbc609_144p200kbs' (13: Permission denied), client: 127.0.0.1, server: 0.0.0.0:1935
2023/02/14 16:15:41 [error] 11#11: *66 hls: mkdir() failed on '/eliv/videos/live/172beb79-2db3-42ae-a9cf-6b2e79dbc609_720p2628kbs' (13: Permission denied), client: 127.0.0.1, server: 0.0.0.0:1935
2023/02/14 16:15:42 [error] 11#11: *67 hls: mkdir() failed on '/eliv/videos/live/172beb79-2db3-42ae-a9cf-6b2e79dbc609_144p200kbs' (13: Permission denied), client: 127.0.0.1, server: 0.0.0.0:1935
2023/02/14 16:15:42 [error] 11#11: *66 hls: mkdir() failed on '/eliv/videos/live/172beb79-2db3-42ae-a9cf-6b2e79dbc609_720p2628kbs' (13: Permission denied), client: 127.0.0.1, server: 0.0.0.0:1935
2023/02/14 16:15:43 [error] 11#11: *57 open() "/eliv/videos/live/172beb79-2db3-42ae-a9cf-6b2e79dbc609.m3u8" failed (2: No such file or directory), client: 172.71.214.130, server: static_eliv.chisubuga.dev, request: "GET /live/172beb79-2db3-42ae-a9cf-6b2e79dbc609.m3u8 HTTP/1.1", host: "static_eliv.chisubuga.dev", referrer: "https://eliv.chisubuga.dev/"
2023/02/14 16:15:43 [error] 11#11: *67 hls: mkdir() failed on '/eliv/videos/live/172beb79-2db3-42ae-a9cf-6b2e79dbc609_144p200kbs' (13: Permission denied), client: 127.0.0.1, server: 0.0.0.0:1935
2023/02/14 16:15:43 [error] 11#11: *66 hls: mkdir() failed on '/eliv/videos/live/172beb79-2db3-42ae-a9cf-6b2e79dbc609_720p2628kbs' (13: Permission denied), client: 127.0.0.1, server: 0.0.0.0:1935
2023/02/14 16:15:44 [error] 11#11: *66 hls: mkdir() failed on '/eliv/videos/live/172beb79-2db3-42ae-a9cf-6b2e79dbc609_720p2628kbs' (13: Permission denied), client: 127.0.0.1, server: 0.0.0.0:1935
2023/02/14 16:15:44 [error] 11#11: *67 hls: mkdir() failed on '/eliv/videos/live/172beb79-2db3-42ae-a9cf-6b2e79dbc609_144p200kbs' (13: Permission denied), client: 127.0.0.1, server: 0.0.0.0:1935
2023/02/14 16:15:45 [error] 11#11: *66 hls: mkdir() failed on '/eliv/videos/live/172beb79-2db3-42ae-a9cf-6b2e79dbc609_720p2628kbs' (13: Permission denied), client: 127.0.0.1, server: 0.0.0.0:1935
2023/02/14 16:15:45 [error] 11#11: *67 hls: mkdir() failed on '/eliv/videos/live/172beb79-2db3-42ae-a9cf-6b2e79dbc609_144p200kbs' (13: Permission denied), client: 127.0.0.1, server: 0.0.0.0:1935
2023/02/14 16:15:46 [error] 11#11: *66 hls: mkdir() failed on '/eliv/videos/live/172beb79-2db3-42ae-a9cf-6b2e79dbc609_720p2628kbs' (13: Permission denied), client: 127.0.0.1, server: 0.0.0.0:1935
2023/02/14 16:15:47 [error] 11#11: *67 hls: mkdir() failed on '/eliv/videos/live/172beb79-2db3-42ae-a9cf-6b2e79dbc609_144p200kbs' (13: Permission denied), client: 127.0.0.1, server: 0.0.0.0:1935
2023/02/14 16:15:47 [error] 11#11: *66 hls: mkdir() failed on '/eliv/videos/live/172beb79-2db3-42ae-a9cf-6b2e79dbc609_720p2628kbs' (13: Permission denied), client: 127.0.0.1, server: 0.0.0.0:1935
2023/02/14 16:15:48 [error] 11#11: *57 open() "/eliv/videos/live/172beb79-2db3-42ae-a9cf-6b2e79dbc609.m3u8" failed (2: No such file or directory), client: 172.71.214.130, server: static_eliv.chisubuga.dev, request: "GET /live/172beb79-2db3-42ae-a9cf-6b2e79dbc609.m3u8 HTTP/1.1", host: "static_eliv.chisubuga.dev", referrer: "https://eliv.chisubuga.dev/"
2023/02/14 16:15:48 [error] 11#11: *67 hls: mkdir() failed on '/eliv/videos/live/172beb79-2db3-42ae-a9cf-6b2e79dbc609_144p200kbs' (13: Permission denied), client: 127.0.0.1, server: 0.0.0.0:1935
2023/02/14 16:15:48 [error] 11#11: *66 hls: mkdir() failed on '/eliv/videos/live/172beb79-2db3-42ae-a9cf-6b2e79dbc609_720p2628kbs' (13: Permission denied), client: 127.0.0.1, server: 0.0.0.0:1935
2023/02/14 16:15:49 [error] 11#11: *66 hls: mkdir() failed on '/eliv/videos/live/172beb79-2db3-42ae-a9cf-6b2e79dbc609_720p2628kbs' (13: Permission denied), client: 127.0.0.1, server: 0.0.0.0:1935
2023/02/14 16:15:49 [error] 11#11: *67 hls: mkdir() failed on '/eliv/videos/live/172beb79-2db3-42ae-a9cf-6b2e79dbc609_144p200kbs' (13: Permission denied), client: 127.0.0.1, server: 0.0.0.0:1935
2023/02/14 16:15:50 [error] 11#11: *66 hls: mkdir() failed on '/eliv/videos/live/172beb79-2db3-42ae-a9cf-6b2e79dbc609_720p2628kbs' (13: Permission denied), client: 127.0.0.1, server: 0.0.0.0:1935
2023/02/14 16:15:50 [error] 11#11: *67 hls: mkdir() failed on '/eliv/videos/live/172beb79-2db3-42ae-a9cf-6b2e79dbc609_144p200kbs' (13: Permission denied), client: 127.0.0.1, server: 0.0.0.0:1935
2023/02/14 16:15:51 [error] 11#11: *66 hls: mkdir() failed on '/eliv/videos/live/172beb79-2db3-42ae-a9cf-6b2e79dbc609_720p2628kbs' (13: Permission denied), client: 127.0.0.1, server: 0.0.0.0:1935
2023/02/14 16:15:52 [error] 11#11: *67 hls: mkdir() failed on '/eliv/videos/live/172beb79-2db3-42ae-a9cf-6b2e79dbc609_144p200kbs' (13: Permission denied), client: 127.0.0.1, server: 0.0.0.0:1935
2023/02/14 16:15:52 [error] 11#11: *66 hls: mkdir() failed on '/eliv/videos/live/172beb79-2db3-42ae-a9cf-6b2e79dbc609_720p2628kbs' (13: Permission denied), client: 127.0.0.1, server: 0.0.0.0:1935
2023/02/14 16:15:53 [error] 11#11: *67 hls: mkdir() failed on '/eliv/videos/live/172beb79-2db3-42ae-a9cf-6b2e79dbc609_144p200kbs' (13: Permission denied), client: 127.0.0.1, server: 0.0.0.0:1935
2023/02/14 16:15:53 [error] 11#11: *57 open() "/eliv/videos/live/172beb79-2db3-42ae-a9cf-6b2e79dbc609.m3u8" failed (2: No such file or directory), client: 172.71.214.130, server: static_eliv.chisubuga.dev, request: "GET /live/172beb79-2db3-42ae-a9cf-6b2e79dbc609.m3u8 HTTP/1.1", host: "static_eliv.chisubuga.dev", referrer: "https://eliv.chisubuga.dev/"
2023/02/14 16:15:53 [error] 11#11: *66 hls: mkdir() failed on '/eliv/videos/live/172beb79-2db3-42ae-a9cf-6b2e79dbc609_720p2628kbs' (13: Permission denied), client: 127.0.0.1, server: 0.0.0.0:1935
2023/02/14 16:15:54 [error] 11#11: *66 hls: mkdir() failed on '/eliv/videos/live/172beb79-2db3-42ae-a9cf-6b2e79dbc609_720p2628kbs' (13: Permission denied), client: 127.0.0.1, server: 0.0.0.0:1935
2023/02/14 16:15:54 [error] 11#11: *67 hls: mkdir() failed on '/eliv/videos/live/172beb79-2db3-42ae-a9cf-6b2e79dbc609_144p200kbs' (13: Permission denied), client: 127.0.0.1, server: 0.0.0.0:1935
2023/02/14 16:15:55 [error] 11#11: *66 hls: mkdir() failed on '/eliv/videos/live/172beb79-2db3-42ae-a9cf-6b2e79dbc609_720p2628kbs' (13: Permission denied), client: 127.0.0.1, server: 0.0.0.0:1935
2023/02/14 16:15:55 [error] 11#11: *67 hls: mkdir() failed on '/eliv/videos/live/172beb79-2db3-42ae-a9cf-6b2e79dbc609_144p200kbs' (13: Permission denied), client: 127.0.0.1, server: 0.0.0.0:1935
2023/02/14 16:15:56 [error] 11#11: *66 hls: mkdir() failed on '/eliv/videos/live/172beb79-2db3-42ae-a9cf-6b2e79dbc609_720p2628kbs' (13: Permission denied), client: 127.0.0.1, server: 0.0.0.0:1935
2023/02/14 16:15:57 [error] 11#11: *67 hls: mkdir() failed on '/eliv/videos/live/172beb79-2db3-42ae-a9cf-6b2e79dbc609_144p200kbs' (13: Permission denied), client: 127.0.0.1, server: 0.0.0.0:1935
2023/02/14 16:15:57 [error] 11#11: *66 hls: mkdir() failed on '/eliv/videos/live/172beb79-2db3-42ae-a9cf-6b2e79dbc609_720p2628kbs' (13: Permission denied), client: 127.0.0.1, server: 0.0.0.0:1935
2023/02/14 16:15:58 [error] 11#11: *67 hls: mkdir() failed on '/eliv/videos/live/172beb79-2db3-42ae-a9cf-6b2e79dbc609_144p200kbs' (13: Permission denied), client: 127.0.0.1, server: 0.0.0.0:1935
2023/02/14 16:15:58 [error] 11#11: *66 hls: mkdir() failed on '/eliv/videos/live/172beb79-2db3-42ae-a9cf-6b2e79dbc609_720p2628kbs' (13: Permission denied), client: 127.0.0.1, server: 0.0.0.0:1935
2023/02/14 16:15:58 [error] 11#11: *57 open() "/eliv/videos/live/172beb79-2db3-42ae-a9cf-6b2e79dbc609.m3u8" failed (2: No such file or directory), client: 172.71.214.130, server: static_eliv.chisubuga.dev, request: "GET /live/172beb79-2db3-42ae-a9cf-6b2e79dbc609.m3u8 HTTP/1.1", host: "static_eliv.chisubuga.dev", referrer: "https://eliv.chisubuga.dev/"
2023/02/14 16:15:59 [error] 11#11: *66 hls: mkdir() failed on '/eliv/videos/live/172beb79-2db3-42ae-a9cf-6b2e79dbc609_720p2628kbs' (13: Permission denied), client: 127.0.0.1, server: 0.0.0.0:1935
2023/02/14 16:15:59 [error] 11#11: *67 hls: mkdir() failed on '/eliv/videos/live/172beb79-2db3-42ae-a9cf-6b2e79dbc609_144p200kbs' (13: Permission denied), client: 127.0.0.1, server: 0.0.0.0:1935
2023/02/14 16:16:00 [error] 11#11: *66 hls: mkdir() failed on '/eliv/videos/live/172beb79-2db3-42ae-a9cf-6b2e79dbc609_720p2628kbs' (13: Permission denied), client: 127.0.0.1, server: 0.0.0.0:1935
2023/02/14 16:16:00 [error] 11#11: *67 hls: mkdir() failed on '/eliv/videos/live/172beb79-2db3-42ae-a9cf-6b2e79dbc609_144p200kbs' (13: Permission denied), client: 127.0.0.1, server: 0.0.0.0:1935
2023/02/14 16:16:01 [error] 11#11: *66 hls: mkdir() failed on '/eliv/videos/live/172beb79-2db3-42ae-a9cf-6b2e79dbc609_720p2628kbs' (13: Permission denied), client: 127.0.0.1, server: 0.0.0.0:1935
2023/02/14 16:16:02 [error] 11#11: *67 hls: mkdir() failed on '/eliv/videos/live/172beb79-2db3-42ae-a9cf-6b2e79dbc609_144p200kbs' (13: Permission denied), client: 127.0.0.1, server: 0.0.0.0:1935
2023/02/14 16:16:02 [error] 11#11: *66 hls: mkdir() failed on '/eliv/videos/live/172beb79-2db3-42ae-a9cf-6b2e79dbc609_720p2628kbs' (13: Permission denied), client: 127.0.0.1, server: 0.0.0.0:1935
2023/02/14 16:16:03 [error] 11#11: *67 hls: mkdir() failed on '/eliv/videos/live/172beb79-2db3-42ae-a9cf-6b2e79dbc609_144p200kbs' (13: Permission denied), client: 127.0.0.1, server: 0.0.0.0:1935
2023/02/14 16:16:03 [error] 11#11: *66 hls: mkdir() failed on '/eliv/videos/live/172beb79-2db3-42ae-a9cf-6b2e79dbc609_720p2628kbs' (13: Permission denied), client: 127.0.0.1, server: 0.0.0.0:1935
2023/02/14 16:16:03 [error] 11#11: *57 open() "/eliv/videos/live/172beb79-2db3-42ae-a9cf-6b2e79dbc609.m3u8" failed (2: No such file or directory), client: 172.71.214.130, server: static_eliv.chisubuga.dev, request: "GET /live/172beb79-2db3-42ae-a9cf-6b2e79dbc609.m3u8 HTTP/1.1", host: "static_eliv.chisubuga.dev", referrer: "https://eliv.chisubuga.dev/"
2023/02/14 16:16:04 [error] 11#11: *66 hls: mkdir() failed on '/eliv/videos/live/172beb79-2db3-42ae-a9cf-6b2e79dbc609_720p2628kbs' (13: Permission denied), client: 127.0.0.1, server: 0.0.0.0:1935
2023/02/14 16:16:04 [error] 11#11: *67 hls: mkdir() failed on '/eliv/videos/live/172beb79-2db3-42ae-a9cf-6b2e79dbc609_144p200kbs' (13: Permission denied), client: 127.0.0.1, server: 0.0.0.0:1935
2023/02/14 16:16:05 [error] 11#11: *66 hls: mkdir() failed on '/eliv/videos/live/172beb79-2db3-42ae-a9cf-6b2e79dbc609_720p2628kbs' (13: Permission denied), client: 127.0.0.1, server: 0.0.0.0:1935
2023/02/14 16:16:05 [error] 11#11: *67 hls: mkdir() failed on '/eliv/videos/live/172beb79-2db3-42ae-a9cf-6b2e79dbc609_144p200kbs' (13: Permission denied), client: 127.0.0.1, server: 0.0.0.0:1935
2023/02/14 16:16:06 [error] 11#11: *66 hls: mkdir() failed on '/eliv/videos/live/172beb79-2db3-42ae-a9cf-6b2e79dbc609_720p2628kbs' (13: Permission denied), client: 127.0.0.1, server: 0.0.0.0:1935
2023/02/14 16:16:07 [error] 11#11: *67 hls: mkdir() failed on '/eliv/videos/live/172beb79-2db3-42ae-a9cf-6b2e79dbc609_144p200kbs' (13: Permission denied), client: 127.0.0.1, server: 0.0.0.0:1935
2023/02/14 16:16:07 [error] 11#11: *66 hls: mkdir() failed on '/eliv/videos/live/172beb79-2db3-42ae-a9cf-6b2e79dbc609_720p2628kbs' (13: Permission denied), client: 127.0.0.1, server: 0.0.0.0:1935
2023/02/14 16:16:08 [error] 11#11: *67 hls: mkdir() failed on '/eliv/videos/live/172beb79-2db3-42ae-a9cf-6b2e79dbc609_144p200kbs' (13: Permission denied), client: 127.0.0.1, server: 0.0.0.0:1935
2023/02/14 16:16:08 [error] 11#11: *66 hls: mkdir() failed on '/eliv/videos/live/172beb79-2db3-42ae-a9cf-6b2e79dbc609_720p2628kbs' (13: Permission denied), client: 127.0.0.1, server: 0.0.0.0:1935
2023/02/14 16:16:08 [error] 11#11: *57 open() "/eliv/videos/live/172beb79-2db3-42ae-a9cf-6b2e79dbc609.m3u8" failed (2: No such file or directory), client: 172.71.214.130, server: static_eliv.chisubuga.dev, request: "GET /live/172beb79-2db3-42ae-a9cf-6b2e79dbc609.m3u8 HTTP/1.1", host: "static_eliv.chisubuga.dev", referrer: "https://eliv.chisubuga.dev/"
2023/02/14 16:16:09 [error] 11#11: *66 hls: mkdir() failed on '/eliv/videos/live/172beb79-2db3-42ae-a9cf-6b2e79dbc609_720p2628kbs' (13: Permission denied), client: 127.0.0.1, server: 0.0.0.0:1935
2023/02/14 16:16:09 [error] 11#11: *67 hls: mkdir() failed on '/eliv/videos/live/172beb79-2db3-42ae-a9cf-6b2e79dbc609_144p200kbs' (13: Permission denied), client: 127.0.0.1, server: 0.0.0.0:1935
2023/02/14 16:16:10 [error] 11#11: *66 hls: mkdir() failed on '/eliv/videos/live/172beb79-2db3-42ae-a9cf-6b2e79dbc609_720p2628kbs' (13: Permission denied), client: 127.0.0.1, server: 0.0.0.0:1935
2023/02/14 16:16:10 [error] 11#11: *67 hls: mkdir() failed on '/eliv/videos/live/172beb79-2db3-42ae-a9cf-6b2e79dbc609_144p200kbs' (13: Permission denied), client: 127.0.0.1, server: 0.0.0.0:1935
2023/02/14 16:16:11 [error] 11#11: *66 hls: mkdir() failed on '/eliv/videos/live/172beb79-2db3-42ae-a9cf-6b2e79dbc609_720p2628kbs' (13: Permission denied), client: 127.0.0.1, server: 0.0.0.0:1935
2023/02/14 16:16:12 [error] 11#11: *67 hls: mkdir() failed on '/eliv/videos/live/172beb79-2db3-42ae-a9cf-6b2e79dbc609_144p200kbs' (13: Permission denied), client: 127.0.0.1, server: 0.0.0.0:1935
2023/02/14 16:16:12 [error] 11#11: *66 hls: mkdir() failed on '/eliv/videos/live/172beb79-2db3-42ae-a9cf-6b2e79dbc609_720p2628kbs' (13: Permission denied), client: 127.0.0.1, server: 0.0.0.0:1935
2023/02/14 16:16:13 [error] 11#11: *67 hls: mkdir() failed on '/eliv/videos/live/172beb79-2db3-42ae-a9cf-6b2e79dbc609_144p200kbs' (13: Permission denied), client: 127.0.0.1, server: 0.0.0.0:1935
2023/02/14 16:16:13 [error] 11#11: *66 hls: mkdir() failed on '/eliv/videos/live/172beb79-2db3-42ae-a9cf-6b2e79dbc609_720p2628kbs' (13: Permission denied), client: 127.0.0.1, server: 0.0.0.0:1935
2023/02/14 16:16:13 [error] 11#11: *57 open() "/eliv/videos/live/172beb79-2db3-42ae-a9cf-6b2e79dbc609.m3u8" failed (2: No such file or directory), client: 172.71.214.130, server: static_eliv.chisubuga.dev, request: "GET /live/172beb79-2db3-42ae-a9cf-6b2e79dbc609.m3u8 HTTP/1.1", host: "static_eliv.chisubuga.dev", referrer: "https://eliv.chisubuga.dev/"
2023/02/14 16:16:14 [error] 11#11: *66 hls: mkdir() failed on '/eliv/videos/live/172beb79-2db3-42ae-a9cf-6b2e79dbc609_720p2628kbs' (13: Permission denied), client: 127.0.0.1, server: 0.0.0.0:1935
2023/02/14 16:16:14 [error] 11#11: *67 hls: mkdir() failed on '/eliv/videos/live/172beb79-2db3-42ae-a9cf-6b2e79dbc609_144p200kbs' (13: Permission denied), client: 127.0.0.1, server: 0.0.0.0:1935
2023/02/14 16:16:15 [error] 11#11: *66 hls: mkdir() failed on '/eliv/videos/live/172beb79-2db3-42ae-a9cf-6b2e79dbc609_720p2628kbs' (13: Permission denied), client: 127.0.0.1, server: 0.0.0.0:1935
2023/02/14 16:16:15 [error] 11#11: *67 hls: mkdir() failed on '/eliv/videos/live/172beb79-2db3-42ae-a9cf-6b2e79dbc609_144p200kbs' (13: Permission denied), client: 127.0.0.1, server: 0.0.0.0:1935
2023/02/14 16:16:16 [error] 11#11: *66 hls: mkdir() failed on '/eliv/videos/live/172beb79-2db3-42ae-a9cf-6b2e79dbc609_720p2628kbs' (13: Permission denied), client: 127.0.0.1, server: 0.0.0.0:1935
2023/02/14 16:16:17 [error] 11#11: *67 hls: mkdir() failed on '/eliv/videos/live/172beb79-2db3-42ae-a9cf-6b2e79dbc609_144p200kbs' (13: Permission denied), client: 127.0.0.1, server: 0.0.0.0:1935
2023/02/14 16:16:17 [error] 11#11: *66 hls: mkdir() failed on '/eliv/videos/live/172beb79-2db3-42ae-a9cf-6b2e79dbc609_720p2628kbs' (13: Permission denied), client: 127.0.0.1, server: 0.0.0.0:1935
2023/02/14 16:16:18 [error] 11#11: *67 hls: mkdir() failed on '/eliv/videos/live/172beb79-2db3-42ae-a9cf-6b2e79dbc609_144p200kbs' (13: Permission denied), client: 127.0.0.1, server: 0.0.0.0:1935
2023/02/14 16:16:18 [error] 11#11: *66 hls: mkdir() failed on '/eliv/videos/live/172beb79-2db3-42ae-a9cf-6b2e79dbc609_720p2628kbs' (13: Permission denied), client: 127.0.0.1, server: 0.0.0.0:1935
2023/02/14 16:16:19 [error] 11#11: *57 open() "/eliv/videos/live/172beb79-2db3-42ae-a9cf-6b2e79dbc609.m3u8" failed (2: No such file or directory), client: 172.71.214.130, server: static_eliv.chisubuga.dev, request: "GET /live/172beb79-2db3-42ae-a9cf-6b2e79dbc609.m3u8 HTTP/1.1", host: "static_eliv.chisubuga.dev", referrer: "https://eliv.chisubuga.dev/"
2023/02/14 16:16:19 [error] 11#11: *66 hls: mkdir() failed on '/eliv/videos/live/172beb79-2db3-42ae-a9cf-6b2e79dbc609_720p2628kbs' (13: Permission denied), client: 127.0.0.1, server: 0.0.0.0:1935
2023/02/14 16:16:19 [error] 11#11: *67 hls: mkdir() failed on '/eliv/videos/live/172beb79-2db3-42ae-a9cf-6b2e79dbc609_144p200kbs' (13: Permission denied), client: 127.0.0.1, server: 0.0.0.0:1935
2023/02/14 16:16:20 [error] 11#11: *66 hls: mkdir() failed on '/eliv/videos/live/172beb79-2db3-42ae-a9cf-6b2e79dbc609_720p2628kbs' (13: Permission denied), client: 127.0.0.1, server: 0.0.0.0:1935
2023/02/14 16:16:20 [error] 11#11: *67 hls: mkdir() failed on '/eliv/videos/live/172beb79-2db3-42ae-a9cf-6b2e79dbc609_144p200kbs' (13: Permission denied), client: 127.0.0.1, server: 0.0.0.0:1935
2023/02/14 16:16:21 [error] 11#11: *66 hls: mkdir() failed on '/eliv/videos/live/172beb79-2db3-42ae-a9cf-6b2e79dbc609_720p2628kbs' (13: Permission denied), client: 127.0.0.1, server: 0.0.0.0:1935
2023/02/14 16:16:22 [error] 11#11: *67 hls: mkdir() failed on '/eliv/videos/live/172beb79-2db3-42ae-a9cf-6b2e79dbc609_144p200kbs' (13: Permission denied), client: 127.0.0.1, server: 0.0.0.0:1935
2023/02/14 16:16:22 [error] 11#11: *66 hls: mkdir() failed on '/eliv/videos/live/172beb79-2db3-42ae-a9cf-6b2e79dbc609_720p2628kbs' (13: Permission denied), client: 127.0.0.1, server: 0.0.0.0:1935
2023/02/14 16:16:23 [error] 11#11: *67 hls: mkdir() failed on '/eliv/videos/live/172beb79-2db3-42ae-a9cf-6b2e79dbc609_144p200kbs' (13: Permission denied), client: 127.0.0.1, server: 0.0.0.0:1935
2023/02/14 16:16:23 [error] 11#11: *66 hls: mkdir() failed on '/eliv/videos/live/172beb79-2db3-42ae-a9cf-6b2e79dbc609_720p2628kbs' (13: Permission denied), client: 127.0.0.1, server: 0.0.0.0:1935
2023/02/14 16:16:24 [error] 11#11: *66 hls: mkdir() failed on '/eliv/videos/live/172beb79-2db3-42ae-a9cf-6b2e79dbc609_720p2628kbs' (13: Permission denied), client: 127.0.0.1, server: 0.0.0.0:1935
2023/02/14 16:16:24 [error] 11#11: *57 open() "/eliv/videos/live/172beb79-2db3-42ae-a9cf-6b2e79dbc609.m3u8" failed (2: No such file or directory), client: 172.71.214.130, server: static_eliv.chisubuga.dev, request: "GET /live/172beb79-2db3-42ae-a9cf-6b2e79dbc609.m3u8 HTTP/1.1", host: "static_eliv.chisubuga.dev", referrer: "https://eliv.chisubuga.dev/"
2023/02/14 16:16:24 [error] 11#11: *67 hls: mkdir() failed on '/eliv/videos/live/172beb79-2db3-42ae-a9cf-6b2e79dbc609_144p200kbs' (13: Permission denied), client: 127.0.0.1, server: 0.0.0.0:1935
2023/02/14 16:16:25 [error] 11#11: *66 hls: mkdir() failed on '/eliv/videos/live/172beb79-2db3-42ae-a9cf-6b2e79dbc609_720p2628kbs' (13: Permission denied), client: 127.0.0.1, server: 0.0.0.0:1935
2023/02/14 16:16:25 [error] 11#11: *67 hls: mkdir() failed on '/eliv/videos/live/172beb79-2db3-42ae-a9cf-6b2e79dbc609_144p200kbs' (13: Permission denied), client: 127.0.0.1, server: 0.0.0.0:1935
2023/02/14 16:16:26 [error] 11#11: *66 hls: mkdir() failed on '/eliv/videos/live/172beb79-2db3-42ae-a9cf-6b2e79dbc609_720p2628kbs' (13: Permission denied), client: 127.0.0.1, server: 0.0.0.0:1935
2023/02/14 16:16:27 [error] 11#11: *67 hls: mkdir() failed on '/eliv/videos/live/172beb79-2db3-42ae-a9cf-6b2e79dbc609_144p200kbs' (13: Permission denied), client: 127.0.0.1, server: 0.0.0.0:1935
2023/02/14 16:16:27 [error] 11#11: *66 hls: mkdir() failed on '/eliv/videos/live/172beb79-2db3-42ae-a9cf-6b2e79dbc609_720p2628kbs' (13: Permission denied), client: 127.0.0.1, server: 0.0.0.0:1935
2023/02/14 16:16:28 [error] 11#11: *67 hls: mkdir() failed on '/eliv/videos/live/172beb79-2db3-42ae-a9cf-6b2e79dbc609_144p200kbs' (13: Permission denied), client: 127.0.0.1, server: 0.0.0.0:1935
2023/02/14 16:16:28 [error] 11#11: *66 hls: mkdir() failed on '/eliv/videos/live/172beb79-2db3-42ae-a9cf-6b2e79dbc609_720p2628kbs' (13: Permission denied), client: 127.0.0.1, server: 0.0.0.0:1935
2023/02/14 16:16:29 [error] 11#11: *66 hls: mkdir() failed on '/eliv/videos/live/172beb79-2db3-42ae-a9cf-6b2e79dbc609_720p2628kbs' (13: Permission denied), client: 127.0.0.1, server: 0.0.0.0:1935
2023/02/14 16:16:29 [error] 11#11: *57 open() "/eliv/videos/live/172beb79-2db3-42ae-a9cf-6b2e79dbc609.m3u8" failed (2: No such file or directory), client: 172.71.214.130, server: static_eliv.chisubuga.dev, request: "GET /live/172beb79-2db3-42ae-a9cf-6b2e79dbc609.m3u8 HTTP/1.1", host: "static_eliv.chisubuga.dev", referrer: "https://eliv.chisubuga.dev/"
2023/02/14 16:16:29 [error] 11#11: *67 hls: mkdir() failed on '/eliv/videos/live/172beb79-2db3-42ae-a9cf-6b2e79dbc609_144p200kbs' (13: Permission denied), client: 127.0.0.1, server: 0.0.0.0:1935
2023/02/14 16:16:30 [error] 11#11: *66 hls: mkdir() failed on '/eliv/videos/live/172beb79-2db3-42ae-a9cf-6b2e79dbc609_720p2628kbs' (13: Permission denied), client: 127.0.0.1, server: 0.0.0.0:1935
2023/02/14 16:16:30 [error] 11#11: *67 hls: mkdir() failed on '/eliv/videos/live/172beb79-2db3-42ae-a9cf-6b2e79dbc609_144p200kbs' (13: Permission denied), client: 127.0.0.1, server: 0.0.0.0:1935
2023/02/14 16:16:31 [error] 11#11: *66 hls: mkdir() failed on '/eliv/videos/live/172beb79-2db3-42ae-a9cf-6b2e79dbc609_720p2628kbs' (13: Permission denied), client: 127.0.0.1, server: 0.0.0.0:1935
2023/02/14 16:16:32 [error] 11#11: *67 hls: mkdir() failed on '/eliv/videos/live/172beb79-2db3-42ae-a9cf-6b2e79dbc609_144p200kbs' (13: Permission denied), client: 127.0.0.1, server: 0.0.0.0:1935
2023/02/14 16:16:32 [error] 11#11: *66 hls: mkdir() failed on '/eliv/videos/live/172beb79-2db3-42ae-a9cf-6b2e79dbc609_720p2628kbs' (13: Permission denied), client: 127.0.0.1, server: 0.0.0.0:1935
2023/02/14 16:16:33 [error] 11#11: *67 hls: mkdir() failed on '/eliv/videos/live/172beb79-2db3-42ae-a9cf-6b2e79dbc609_144p200kbs' (13: Permission denied), client: 127.0.0.1, server: 0.0.0.0:1935
2023/02/14 16:16:33 [error] 11#11: *66 hls: mkdir() failed on '/eliv/videos/live/172beb79-2db3-42ae-a9cf-6b2e79dbc609_720p2628kbs' (13: Permission denied), client: 127.0.0.1, server: 0.0.0.0:1935
2023/02/14 16:16:34 [error] 11#11: *66 hls: mkdir() failed on '/eliv/videos/live/172beb79-2db3-42ae-a9cf-6b2e79dbc609_720p2628kbs' (13: Permission denied), client: 127.0.0.1, server: 0.0.0.0:1935
